{
  "success": false,
  "command": "ci-local.sh",
  "output": "ACT OUTPUT:\\ntime=\"2026-03-24T00:14:35-05:00\" level=info msg=\"Using docker host 'unix:///var/run/docker.sock', and daemon socket 'unix:///var/run/docker.sock'\"\n[CI/CD Pipeline/Vulnerability Check  ] ⭐ Run Set up job\n[CI/CD Pipeline/Custom Security Audit] ⭐ Run Set up job\n[CI/CD Pipeline/Vulnerability Check  ] 🚀  Start image=catthehacker/ubuntu:act-latest\n[CI/CD Pipeline/Lint Check           ] ⭐ Run Set up job\n[CI/CD Pipeline/Lint Check           ] 🚀  Start image=catthehacker/ubuntu:act-latest\n[CI/CD Pipeline/Custom Security Audit] 🚀  Start image=catthehacker/ubuntu:act-latest\n[CI/CD Pipeline/Tests & Coverage     ] ⭐ Run Set up job\n[CI/CD Pipeline/Tests & Coverage     ] 🚀  Start image=catthehacker/ubuntu:act-latest\n[CI/CD Pipeline/Custom Security Audit]   🐳  docker pull image=catthehacker/ubuntu:act-latest platform=linux/amd64 username= forcePull=true\n[CI/CD Pipeline/Tests & Coverage     ]   🐳  docker pull image=catthehacker/ubuntu:act-latest platform=linux/amd64 username= forcePull=true\n[CI/CD Pipeline/Lint Check           ]   🐳  docker pull image=catthehacker/ubuntu:act-latest platform=linux/amd64 username= forcePull=true\n[CI/CD Pipeline/Vulnerability Check  ]   🐳  docker pull image=catthehacker/ubuntu:act-latest platform=linux/amd64 username= forcePull=true\n[CI/CD Pipeline/Vulnerability Check  ] using DockerAuthConfig authentication for docker pull\n[CI/CD Pipeline/Lint Check           ] using DockerAuthConfig authentication for docker pull\n[CI/CD Pipeline/Custom Security Audit] using DockerAuthConfig authentication for docker pull\n[CI/CD Pipeline/Tests & Coverage     ] using DockerAuthConfig authentication for docker pull\n[CI/CD Pipeline/Lint Check           ]   🐳  docker create image=catthehacker/ubuntu:act-latest platform=linux/amd64 entrypoint=[\"tail\" \"-f\" \"/dev/null\"] cmd=[] network=\"host\"\n[CI/CD Pipeline/Custom Security Audit]   🐳  docker create image=catthehacker/ubuntu:act-latest platform=linux/amd64 entrypoint=[\"tail\" \"-f\" \"/dev/null\"] cmd=[] network=\"host\"\n[CI/CD Pipeline/Lint Check           ]   🐳  docker run image=catthehacker/ubuntu:act-latest platform=linux/amd64 entrypoint=[\"tail\" \"-f\" \"/dev/null\"] cmd=[] network=\"host\"\n[CI/CD Pipeline/Custom Security Audit]   🐳  docker run image=catthehacker/ubuntu:act-latest platform=linux/amd64 entrypoint=[\"tail\" \"-f\" \"/dev/null\"] cmd=[] network=\"host\"\n[CI/CD Pipeline/Vulnerability Check  ]   🐳  docker create image=catthehacker/ubuntu:act-latest platform=linux/amd64 entrypoint=[\"tail\" \"-f\" \"/dev/null\"] cmd=[] network=\"host\"\n[CI/CD Pipeline/Lint Check           ]   🐳  docker exec cmd=[node --no-warnings -e console.log(process.execPath)] user= workdir=\n[CI/CD Pipeline/Tests & Coverage     ]   🐳  docker create image=catthehacker/ubuntu:act-latest platform=linux/amd64 entrypoint=[\"tail\" \"-f\" \"/dev/null\"] cmd=[] network=\"host\"\n[CI/CD Pipeline/Lint Check           ]   ✅  Success - Set up job\n[CI/CD Pipeline/Custom Security Audit]   🐳  docker exec cmd=[node --no-warnings -e console.log(process.execPath)] user= workdir=\n[CI/CD Pipeline/Lint Check           ]   ☁  git clone 'https://github.com/actions/setup-go' # ref=v5\n[CI/CD Pipeline/Custom Security Audit]   ✅  Success - Set up job\n[CI/CD Pipeline/Vulnerability Check  ]   🐳  docker run image=catthehacker/ubuntu:act-latest platform=linux/amd64 entrypoint=[\"tail\" \"-f\" \"/dev/null\"] cmd=[] network=\"host\"\n[CI/CD Pipeline/Custom Security Audit]   ☁  git clone 'https://github.com/actions/setup-go' # ref=v5\n[CI/CD Pipeline/Tests & Coverage     ]   🐳  docker run image=catthehacker/ubuntu:act-latest platform=linux/amd64 entrypoint=[\"tail\" \"-f\" \"/dev/null\"] cmd=[] network=\"host\"\n[CI/CD Pipeline/Vulnerability Check  ]   🐳  docker exec cmd=[node --no-warnings -e console.log(process.execPath)] user= workdir=\n[CI/CD Pipeline/Tests & Coverage     ]   🐳  docker exec cmd=[node --no-warnings -e console.log(process.execPath)] user= workdir=\n[CI/CD Pipeline/Vulnerability Check  ]   ✅  Success - Set up job\n[CI/CD Pipeline/Tests & Coverage     ]   ✅  Success - Set up job\n[CI/CD Pipeline/Tests & Coverage     ]   ☁  git clone 'https://github.com/actions/setup-go' # ref=v5\n[CI/CD Pipeline/Vulnerability Check  ]   ☁  git clone 'https://github.com/actions/setup-go' # ref=v5\n[CI/CD Pipeline/Lint Check           ] Non-terminating error while running 'git clone': some refs were not updated\n[CI/CD Pipeline/Lint Check           ]   ☁  git clone 'https://github.com/golangci/golangci-lint-action' # ref=v7\n[CI/CD Pipeline/Custom Security Audit] Non-terminating error while running 'git clone': some refs were not updated\n[CI/CD Pipeline/Custom Security Audit]   ☁  git clone 'https://github.com/actions/setup-node' # ref=v4\n[CI/CD Pipeline/Tests & Coverage     ] Non-terminating error while running 'git clone': some refs were not updated\n[CI/CD Pipeline/Tests & Coverage     ] ⭐ Run Main Checkout Code\n[CI/CD Pipeline/Tests & Coverage     ]   🐳  docker cp src=/Users/johnnyblase/gym/agbalumo/. dst=/Users/johnnyblase/gym/agbalumo\n[CI/CD Pipeline/Vulnerability Check  ] Non-terminating error while running 'git clone': some refs were not updated\n[CI/CD Pipeline/Vulnerability Check  ]   ☁  git clone 'https://github.com/golang/govulncheck-action' # ref=v1\n[CI/CD Pipeline/Lint Check           ] Non-terminating error while running 'git clone': some refs were not updated\n[CI/CD Pipeline/Lint Check           ] ⭐ Run Main Checkout Code\n[CI/CD Pipeline/Lint Check           ]   🐳  docker cp src=/Users/johnnyblase/gym/agbalumo/. dst=/Users/johnnyblase/gym/agbalumo\n[CI/CD Pipeline/Custom Security Audit] Non-terminating error while running 'git clone': some refs were not updated\n[CI/CD Pipeline/Custom Security Audit] ⭐ Run Main Checkout Code\n[CI/CD Pipeline/Custom Security Audit]   🐳  docker cp src=/Users/johnnyblase/gym/agbalumo/. dst=/Users/johnnyblase/gym/agbalumo\n[CI/CD Pipeline/Vulnerability Check  ] ⭐ Run Pre Vulnerability Check (Govulncheck)\n[CI/CD Pipeline/Vulnerability Check  ]   ☁  git clone 'https://github.com/actions/setup-go' # ref=v5.0.0\n[CI/CD Pipeline/Vulnerability Check  ] Non-terminating error while running 'git clone': some refs were not updated\n[CI/CD Pipeline/Vulnerability Check  ]   ✅  Success - Pre Vulnerability Check (Govulncheck) [595.330792ms]\n[CI/CD Pipeline/Vulnerability Check  ] ⭐ Run Main Checkout Code\n[CI/CD Pipeline/Vulnerability Check  ]   🐳  docker cp src=/Users/johnnyblase/gym/agbalumo/. dst=/Users/johnnyblase/gym/agbalumo\n[CI/CD Pipeline/Tests & Coverage     ]   ✅  Success - Main Checkout Code [4.964451084s]\n[CI/CD Pipeline/Tests & Coverage     ] ⭐ Run Main Setup Go\n[CI/CD Pipeline/Tests & Coverage     ]   🐳  docker cp src=/Users/johnnyblase/.cache/act/actions-setup-go@v5/ dst=/var/run/act/actions/actions-setup-go@v5/\n[CI/CD Pipeline/Lint Check           ]   ✅  Success - Main Checkout Code [4.229548625s]\n[CI/CD Pipeline/Lint Check           ] ⭐ Run Main Setup Go\n[CI/CD Pipeline/Lint Check           ]   🐳  docker cp src=/Users/johnnyblase/.cache/act/actions-setup-go@v5/ dst=/var/run/act/actions/actions-setup-go@v5/\n[CI/CD Pipeline/Custom Security Audit]   ✅  Success - Main Checkout Code [4.056751375s]\n[CI/CD Pipeline/Custom Security Audit] ⭐ Run Main Setup Go\n[CI/CD Pipeline/Custom Security Audit]   🐳  docker cp src=/Users/johnnyblase/.cache/act/actions-setup-go@v5/ dst=/var/run/act/actions/actions-setup-go@v5/\n[CI/CD Pipeline/Vulnerability Check  ]   ✅  Success - Main Checkout Code [3.79432825s]\n[CI/CD Pipeline/Vulnerability Check  ] ⭐ Run Main Setup Go\n[CI/CD Pipeline/Vulnerability Check  ]   🐳  docker cp src=/Users/johnnyblase/.cache/act/actions-setup-go@v5/ dst=/var/run/act/actions/actions-setup-go@v5/\n[CI/CD Pipeline/Tests & Coverage     ]   🐳  docker exec cmd=[node /var/run/act/actions/actions-setup-go@v5/dist/setup/index.js] user= workdir=\n[CI/CD Pipeline/Lint Check           ]   🐳  docker exec cmd=[node /var/run/act/actions/actions-setup-go@v5/dist/setup/index.js] user= workdir=\n[CI/CD Pipeline/Custom Security Audit]   🐳  docker exec cmd=[node /var/run/act/actions/actions-setup-go@v5/dist/setup/index.js] user= workdir=\n[CI/CD Pipeline/Vulnerability Check  ]   🐳  docker exec cmd=[node /var/run/act/actions/actions-setup-go@v5/dist/setup/index.js] user= workdir=\n[CI/CD Pipeline/Tests & Coverage     ]   | Setup go version spec 1.25.8\n[CI/CD Pipeline/Tests & Coverage     ]   | Found in cache @ /opt/hostedtoolcache/go/1.25.8/x64\n[CI/CD Pipeline/Tests & Coverage     ]   | (node:24) [DEP0040] DeprecationWarning: The `punycode` module is deprecated. Please use a userland alternative instead.\n[CI/CD Pipeline/Tests & Coverage     ]   | (Use `node --trace-deprecation ...` to show where the warning was created)\n[CI/CD Pipeline/Tests & Coverage     ]   | Added go to the path\n[CI/CD Pipeline/Tests & Coverage     ]   | Successfully set up Go version 1.25.8\n[CI/CD Pipeline/Lint Check           ]   | Setup go version spec 1.25.8\n[CI/CD Pipeline/Lint Check           ]   | Found in cache @ /opt/hostedtoolcache/go/1.25.8/x64\n[CI/CD Pipeline/Lint Check           ]   | (node:25) [DEP0040] DeprecationWarning: The `punycode` module is deprecated. Please use a userland alternative instead.\n[CI/CD Pipeline/Lint Check           ]   | (Use `node --trace-deprecation ...` to show where the warning was created)\n[CI/CD Pipeline/Lint Check           ]   | Added go to the path\n[CI/CD Pipeline/Lint Check           ]   | Successfully set up Go version 1.25.8\n[CI/CD Pipeline/Custom Security Audit]   | Setup go version spec 1.25.8\n[CI/CD Pipeline/Custom Security Audit]   | Found in cache @ /opt/hostedtoolcache/go/1.25.8/x64\n[CI/CD Pipeline/Custom Security Audit]   | (node:25) [DEP0040] DeprecationWarning: The `punycode` module is deprecated. Please use a userland alternative instead.\n[CI/CD Pipeline/Custom Security Audit]   | (Use `node --trace-deprecation ...` to show where the warning was created)\n[CI/CD Pipeline/Custom Security Audit]   | Added go to the path\n[CI/CD Pipeline/Custom Security Audit]   | Successfully set up Go version 1.25.8\n[CI/CD Pipeline/Tests & Coverage     ]   | [command]/opt/hostedtoolcache/go/1.25.8/x64/bin/go env GOMODCACHE\n[CI/CD Pipeline/Tests & Coverage     ]   | [command]/opt/hostedtoolcache/go/1.25.8/x64/bin/go env GOCACHE\n[CI/CD Pipeline/Tests & Coverage     ]   | /root/go/pkg/mod\n[CI/CD Pipeline/Lint Check           ]   | [command]/opt/hostedtoolcache/go/1.25.8/x64/bin/go env GOMODCACHE\n[CI/CD Pipeline/Tests & Coverage     ]   | /root/.cache/go-build\n[CI/CD Pipeline/Lint Check           ]   | [command]/opt/hostedtoolcache/go/1.25.8/x64/bin/go env GOCACHE\n[CI/CD Pipeline/Lint Check           ]   | /root/go/pkg/mod\n[CI/CD Pipeline/Lint Check           ]   | /root/.cache/go-build\n[CI/CD Pipeline/Tests & Coverage     ]   | Cache is not found\n[CI/CD Pipeline/Tests & Coverage     ]   ❓ add-matcher /run/act/actions/actions-setup-go@v5/matchers.json\n[CI/CD Pipeline/Tests & Coverage     ]   | go version go1.25.8 linux/amd64\n[CI/CD Pipeline/Tests & Coverage     ]   | \n[CI/CD Pipeline/Tests & Coverage     ]   ❓  ::group::go env\n[CI/CD Pipeline/Vulnerability Check  ]   | Setup go version spec 1.25.8\n[CI/CD Pipeline/Vulnerability Check  ]   | Found in cache @ /opt/hostedtoolcache/go/1.25.8/x64\n[CI/CD Pipeline/Vulnerability Check  ]   | (node:25) [DEP0040] DeprecationWarning: The `punycode` module is deprecated. Please use a userland alternative instead.\n[CI/CD Pipeline/Vulnerability Check  ]   | (Use `node --trace-deprecation ...` to show where the warning was created)\n[CI/CD Pipeline/Vulnerability Check  ]   | Added go to the path\n[CI/CD Pipeline/Vulnerability Check  ]   | Successfully set up Go version 1.25.8\n[CI/CD Pipeline/Custom Security Audit]   | [command]/opt/hostedtoolcache/go/1.25.8/x64/bin/go env GOMODCACHE\n[CI/CD Pipeline/Custom Security Audit]   | [command]/opt/hostedtoolcache/go/1.25.8/x64/bin/go env GOCACHE\n[CI/CD Pipeline/Lint Check           ]   | Cache is not found\n[CI/CD Pipeline/Lint Check           ]   ❓ add-matcher /run/act/actions/actions-setup-go@v5/matchers.json\n[CI/CD Pipeline/Lint Check           ]   | go version go1.25.8 linux/amd64\n[CI/CD Pipeline/Lint Check           ]   | \n[CI/CD Pipeline/Lint Check           ]   ❓  ::group::go env\n[CI/CD Pipeline/Custom Security Audit]   | /root/go/pkg/mod\n[CI/CD Pipeline/Custom Security Audit]   | /root/.cache/go-build\n[CI/CD Pipeline/Custom Security Audit]   | Cache is not found\n[CI/CD Pipeline/Custom Security Audit]   ❓ add-matcher /run/act/actions/actions-setup-go@v5/matchers.json\n[CI/CD Pipeline/Custom Security Audit]   | go version go1.25.8 linux/amd64\n[CI/CD Pipeline/Custom Security Audit]   | \n[CI/CD Pipeline/Custom Security Audit]   ❓  ::group::go env\n[CI/CD Pipeline/Vulnerability Check  ]   | [command]/opt/hostedtoolcache/go/1.25.8/x64/bin/go env GOMODCACHE\n[CI/CD Pipeline/Vulnerability Check  ]   | [command]/opt/hostedtoolcache/go/1.25.8/x64/bin/go env GOCACHE\n[CI/CD Pipeline/Vulnerability Check  ]   | /root/go/pkg/mod\n[CI/CD Pipeline/Vulnerability Check  ]   | /root/.cache/go-build\n[CI/CD Pipeline/Vulnerability Check  ]   | Cache is not found\n[CI/CD Pipeline/Vulnerability Check  ]   ❓ add-matcher /run/act/actions/actions-setup-go@v5/matchers.json\n[CI/CD Pipeline/Vulnerability Check  ]   | go version go1.25.8 linux/amd64\n[CI/CD Pipeline/Vulnerability Check  ]   | \n[CI/CD Pipeline/Vulnerability Check  ]   ❓  ::group::go env\n[CI/CD Pipeline/Tests & Coverage     ]   | AR='ar'\n[CI/CD Pipeline/Tests & Coverage     ]   | CC='gcc'\n[CI/CD Pipeline/Tests & Coverage     ]   | CGO_CFLAGS='-O2 -g'\n[CI/CD Pipeline/Tests & Coverage     ]   | CGO_CPPFLAGS=''\n[CI/CD Pipeline/Tests & Coverage     ]   | CGO_CXXFLAGS='-O2 -g'\n[CI/CD Pipeline/Tests & Coverage     ]   | CGO_ENABLED='1'\n[CI/CD Pipeline/Tests & Coverage     ]   | CGO_FFLAGS='-O2 -g'\n[CI/CD Pipeline/Tests & Coverage     ]   | CGO_LDFLAGS='-O2 -g'\n[CI/CD Pipeline/Tests & Coverage     ]   | CXX='g++'\n[CI/CD Pipeline/Tests & Coverage     ]   | GCCGO='gccgo'\n[CI/CD Pipeline/Tests & Coverage     ]   | GO111MODULE=''\n[CI/CD Pipeline/Tests & Coverage     ]   | GOAMD64='v1'\n[CI/CD Pipeline/Tests & Coverage     ]   | GOARCH='amd64'\n[CI/CD Pipeline/Tests & Coverage     ]   | GOAUTH='netrc'\n[CI/CD Pipeline/Tests & Coverage     ]   | GOBIN=''\n[CI/CD Pipeline/Tests & Coverage     ]   | GOCACHE='/root/.cache/go-build'\n[CI/CD Pipeline/Tests & Coverage     ]   | GOCACHEPROG=''\n[CI/CD Pipeline/Tests & Coverage     ]   | GODEBUG=''\n[CI/CD Pipeline/Tests & Coverage     ]   | GOENV='/root/.config/go/env'\n[CI/CD Pipeline/Tests & Coverage     ]   | GOEXE=''\n[CI/CD Pipeline/Tests & Coverage     ]   | GOEXPERIMENT=''\n[CI/CD Pipeline/Tests & Coverage     ]   | GOFIPS140='off'\n[CI/CD Pipeline/Tests & Coverage     ]   | GOFLAGS=''\n[CI/CD Pipeline/Tests & Coverage     ]   | GOGCCFLAGS='-fPIC -m64 -pthread -Wl,--no-gc-sections -fmessage-length=0 -ffile-prefix-map=/tmp/go-build3954503464=/tmp/go-build -gno-record-gcc-switches'\n[CI/CD Pipeline/Tests & Coverage     ]   | GOHOSTARCH='amd64'\n[CI/CD Pipeline/Tests & Coverage     ]   | GOHOSTOS='linux'\n[CI/CD Pipeline/Tests & Coverage     ]   | GOINSECURE=''\n[CI/CD Pipeline/Tests & Coverage     ]   | GOMOD='/Users/johnnyblase/gym/agbalumo/go.mod'\n[CI/CD Pipeline/Tests & Coverage     ]   | GOMODCACHE='/root/go/pkg/mod'\n[CI/CD Pipeline/Tests & Coverage     ]   | GONOPROXY=''\n[CI/CD Pipeline/Tests & Coverage     ]   | GONOSUMDB=''\n[CI/CD Pipeline/Tests & Coverage     ]   | GOOS='linux'\n[CI/CD Pipeline/Tests & Coverage     ]   | GOPATH='/root/go'\n[CI/CD Pipeline/Tests & Coverage     ]   | GOPRIVATE=''\n[CI/CD Pipeline/Tests & Coverage     ]   | GOPROXY='https://proxy.golang.org,direct'\n[CI/CD Pipeline/Tests & Coverage     ]   | GOROOT='/opt/hostedtoolcache/go/1.25.8/x64'\n[CI/CD Pipeline/Tests & Coverage     ]   | GOSUMDB='sum.golang.org'\n[CI/CD Pipeline/Tests & Coverage     ]   | GOTELEMETRY='local'\n[CI/CD Pipeline/Tests & Coverage     ]   | GOTELEMETRYDIR='/root/.config/go/telemetry'\n[CI/CD Pipeline/Tests & Coverage     ]   | GOTMPDIR=''\n[CI/CD Pipeline/Tests & Coverage     ]   | GOTOOLCHAIN='auto'\n[CI/CD Pipeline/Tests & Coverage     ]   | GOTOOLDIR='/opt/hostedtoolcache/go/1.25.8/x64/pkg/tool/linux_amd64'\n[CI/CD Pipeline/Tests & Coverage     ]   | GOVCS=''\n[CI/CD Pipeline/Tests & Coverage     ]   | GOVERSION='go1.25.8'\n[CI/CD Pipeline/Tests & Coverage     ]   | GOWORK=''\n[CI/CD Pipeline/Tests & Coverage     ]   | PKG_CONFIG='pkg-config'\n[CI/CD Pipeline/Tests & Coverage     ]   | \n[CI/CD Pipeline/Tests & Coverage     ]   ❓  ::endgroup::\n[CI/CD Pipeline/Lint Check           ]   | AR='ar'\n[CI/CD Pipeline/Lint Check           ]   | CC='gcc'\n[CI/CD Pipeline/Lint Check           ]   | CGO_CFLAGS='-O2 -g'\n[CI/CD Pipeline/Lint Check           ]   | CGO_CPPFLAGS=''\n[CI/CD Pipeline/Lint Check           ]   | CGO_CXXFLAGS='-O2 -g'\n[CI/CD Pipeline/Lint Check           ]   | CGO_ENABLED='1'\n[CI/CD Pipeline/Lint Check           ]   | CGO_FFLAGS='-O2 -g'\n[CI/CD Pipeline/Lint Check           ]   | CGO_LDFLAGS='-O2 -g'\n[CI/CD Pipeline/Lint Check           ]   | CXX='g++'\n[CI/CD Pipeline/Lint Check           ]   | GCCGO='gccgo'\n[CI/CD Pipeline/Lint Check           ]   | GO111MODULE=''\n[CI/CD Pipeline/Lint Check           ]   | GOAMD64='v1'\n[CI/CD Pipeline/Lint Check           ]   | GOARCH='amd64'\n[CI/CD Pipeline/Lint Check           ]   | GOAUTH='netrc'\n[CI/CD Pipeline/Lint Check           ]   | GOBIN=''\n[CI/CD Pipeline/Lint Check           ]   | GOCACHE='/root/.cache/go-build'\n[CI/CD Pipeline/Lint Check           ]   | GOCACHEPROG=''\n[CI/CD Pipeline/Lint Check           ]   | GODEBUG=''\n[CI/CD Pipeline/Lint Check           ]   | GOENV='/root/.config/go/env'\n[CI/CD Pipeline/Lint Check           ]   | GOEXE=''\n[CI/CD Pipeline/Lint Check           ]   | GOEXPERIMENT=''\n[CI/CD Pipeline/Lint Check           ]   | GOFIPS140='off'\n[CI/CD Pipeline/Lint Check           ]   | GOFLAGS=''\n[CI/CD Pipeline/Lint Check           ]   | GOGCCFLAGS='-fPIC -m64 -pthread -Wl,--no-gc-sections -fmessage-length=0 -ffile-prefix-map=/tmp/go-build2312459218=/tmp/go-build -gno-record-gcc-switches'\n[CI/CD Pipeline/Lint Check           ]   | GOHOSTARCH='amd64'\n[CI/CD Pipeline/Lint Check           ]   | GOHOSTOS='linux'\n[CI/CD Pipeline/Lint Check           ]   | GOINSECURE=''\n[CI/CD Pipeline/Lint Check           ]   | GOMOD='/Users/johnnyblase/gym/agbalumo/go.mod'\n[CI/CD Pipeline/Lint Check           ]   | GOMODCACHE='/root/go/pkg/mod'\n[CI/CD Pipeline/Lint Check           ]   | GONOPROXY=''\n[CI/CD Pipeline/Lint Check           ]   | GONOSUMDB=''\n[CI/CD Pipeline/Lint Check           ]   | GOOS='linux'\n[CI/CD Pipeline/Lint Check           ]   | GOPATH='/root/go'\n[CI/CD Pipeline/Lint Check           ]   | GOPRIVATE=''\n[CI/CD Pipeline/Lint Check           ]   | GOPROXY='https://proxy.golang.org,direct'\n[CI/CD Pipeline/Lint Check           ]   | GOROOT='/opt/hostedtoolcache/go/1.25.8/x64'\n[CI/CD Pipeline/Lint Check           ]   | GOSUMDB='sum.golang.org'\n[CI/CD Pipeline/Lint Check           ]   | GOTELEMETRY='local'\n[CI/CD Pipeline/Lint Check           ]   | GOTELEMETRYDIR='/root/.config/go/telemetry'\n[CI/CD Pipeline/Lint Check           ]   | GOTMPDIR=''\n[CI/CD Pipeline/Lint Check           ]   | GOTOOLCHAIN='auto'\n[CI/CD Pipeline/Lint Check           ]   | GOTOOLDIR='/opt/hostedtoolcache/go/1.25.8/x64/pkg/tool/linux_amd64'\n[CI/CD Pipeline/Lint Check           ]   | GOVCS=''\n[CI/CD Pipeline/Lint Check           ]   | GOVERSION='go1.25.8'\n[CI/CD Pipeline/Lint Check           ]   | GOWORK=''\n[CI/CD Pipeline/Lint Check           ]   | PKG_CONFIG='pkg-config'\n[CI/CD Pipeline/Lint Check           ]   | \n[CI/CD Pipeline/Lint Check           ]   ❓  ::endgroup::\n[CI/CD Pipeline/Tests & Coverage     ]   ✅  Success - Main Setup Go [4.25186s]\n[CI/CD Pipeline/Lint Check           ]   ✅  Success - Main Setup Go [4.111971291s]\n[CI/CD Pipeline/Tests & Coverage     ]   ⚙  ::set-output:: cache-hit=false\n[CI/CD Pipeline/Tests & Coverage     ]   ⚙  ::set-output:: go-version=1.25.8\n[CI/CD Pipeline/Lint Check           ]   ⚙  ::set-output:: cache-hit=false\n[CI/CD Pipeline/Lint Check           ]   ⚙  ::set-output:: go-version=1.25.8\n[CI/CD Pipeline/Tests & Coverage     ]   ⚙  ::add-path:: /opt/hostedtoolcache/go/1.25.8/x64/bin\n[CI/CD Pipeline/Tests & Coverage     ]   ⚙  ::add-path:: /root/go/bin\n[CI/CD Pipeline/Lint Check           ]   ⚙  ::add-path:: /opt/hostedtoolcache/go/1.25.8/x64/bin\n[CI/CD Pipeline/Lint Check           ]   ⚙  ::add-path:: /root/go/bin\n[CI/CD Pipeline/Tests & Coverage     ] ⭐ Run Main Run Tests with Coverage\n[CI/CD Pipeline/Lint Check           ] ⭐ Run Main Linter (GolangCI-Lint)\n[CI/CD Pipeline/Lint Check           ]   🐳  docker cp src=/Users/johnnyblase/.cache/act/golangci-golangci-lint-action@v7/ dst=/var/run/act/actions/golangci-golangci-lint-action@v7/\n[CI/CD Pipeline/Custom Security Audit]   | AR='ar'\n[CI/CD Pipeline/Custom Security Audit]   | CC='gcc'\n[CI/CD Pipeline/Custom Security Audit]   | CGO_CFLAGS='-O2 -g'\n[CI/CD Pipeline/Custom Security Audit]   | CGO_CPPFLAGS=''\n[CI/CD Pipeline/Custom Security Audit]   | CGO_CXXFLAGS='-O2 -g'\n[CI/CD Pipeline/Custom Security Audit]   | CGO_ENABLED='1'\n[CI/CD Pipeline/Custom Security Audit]   | CGO_FFLAGS='-O2 -g'\n[CI/CD Pipeline/Custom Security Audit]   | CGO_LDFLAGS='-O2 -g'\n[CI/CD Pipeline/Custom Security Audit]   | CXX='g++'\n[CI/CD Pipeline/Custom Security Audit]   | GCCGO='gccgo'\n[CI/CD Pipeline/Custom Security Audit]   | GO111MODULE=''\n[CI/CD Pipeline/Custom Security Audit]   | GOAMD64='v1'\n[CI/CD Pipeline/Custom Security Audit]   | GOARCH='amd64'\n[CI/CD Pipeline/Custom Security Audit]   | GOAUTH='netrc'\n[CI/CD Pipeline/Custom Security Audit]   | GOBIN=''\n[CI/CD Pipeline/Custom Security Audit]   | GOCACHE='/root/.cache/go-build'\n[CI/CD Pipeline/Custom Security Audit]   | GOCACHEPROG=''\n[CI/CD Pipeline/Custom Security Audit]   | GODEBUG=''\n[CI/CD Pipeline/Custom Security Audit]   | GOENV='/root/.config/go/env'\n[CI/CD Pipeline/Custom Security Audit]   | GOEXE=''\n[CI/CD Pipeline/Custom Security Audit]   | GOEXPERIMENT=''\n[CI/CD Pipeline/Custom Security Audit]   | GOFIPS140='off'\n[CI/CD Pipeline/Custom Security Audit]   | GOFLAGS=''\n[CI/CD Pipeline/Custom Security Audit]   | GOGCCFLAGS='-fPIC -m64 -pthread -Wl,--no-gc-sections -fmessage-length=0 -ffile-prefix-map=/tmp/go-build2353492398=/tmp/go-build -gno-record-gcc-switches'\n[CI/CD Pipeline/Custom Security Audit]   | GOHOSTARCH='amd64'\n[CI/CD Pipeline/Custom Security Audit]   | GOHOSTOS='linux'\n[CI/CD Pipeline/Custom Security Audit]   | GOINSECURE=''\n[CI/CD Pipeline/Custom Security Audit]   | GOMOD='/Users/johnnyblase/gym/agbalumo/go.mod'\n[CI/CD Pipeline/Custom Security Audit]   | GOMODCACHE='/root/go/pkg/mod'\n[CI/CD Pipeline/Custom Security Audit]   | GONOPROXY=''\n[CI/CD Pipeline/Custom Security Audit]   | GONOSUMDB=''\n[CI/CD Pipeline/Custom Security Audit]   | GOOS='linux'\n[CI/CD Pipeline/Custom Security Audit]   | GOPATH='/root/go'\n[CI/CD Pipeline/Custom Security Audit]   | GOPRIVATE=''\n[CI/CD Pipeline/Custom Security Audit]   | GOPROXY='https://proxy.golang.org,direct'\n[CI/CD Pipeline/Custom Security Audit]   | GOROOT='/opt/hostedtoolcache/go/1.25.8/x64'\n[CI/CD Pipeline/Custom Security Audit]   | GOSUMDB='sum.golang.org'\n[CI/CD Pipeline/Custom Security Audit]   | GOTELEMETRY='local'\n[CI/CD Pipeline/Custom Security Audit]   | GOTELEMETRYDIR='/root/.config/go/telemetry'\n[CI/CD Pipeline/Custom Security Audit]   | GOTMPDIR=''\n[CI/CD Pipeline/Custom Security Audit]   | GOTOOLCHAIN='auto'\n[CI/CD Pipeline/Custom Security Audit]   | GOTOOLDIR='/opt/hostedtoolcache/go/1.25.8/x64/pkg/tool/linux_amd64'\n[CI/CD Pipeline/Custom Security Audit]   | GOVCS=''\n[CI/CD Pipeline/Custom Security Audit]   | GOVERSION='go1.25.8'\n[CI/CD Pipeline/Custom Security Audit]   | GOWORK=''\n[CI/CD Pipeline/Custom Security Audit]   | PKG_CONFIG='pkg-config'\n[CI/CD Pipeline/Custom Security Audit]   | \n[CI/CD Pipeline/Custom Security Audit]   ❓  ::endgroup::\n[CI/CD Pipeline/Tests & Coverage     ]   🐳  docker exec cmd=[bash -e /var/run/act/workflow/2] user= workdir=\n[CI/CD Pipeline/Custom Security Audit]   ✅  Success - Main Setup Go [3.941678667s]\n[CI/CD Pipeline/Custom Security Audit]   ⚙  ::set-output:: cache-hit=false\n[CI/CD Pipeline/Custom Security Audit]   ⚙  ::set-output:: go-version=1.25.8\n[CI/CD Pipeline/Custom Security Audit]   ⚙  ::add-path:: /opt/hostedtoolcache/go/1.25.8/x64/bin\n[CI/CD Pipeline/Custom Security Audit]   ⚙  ::add-path:: /root/go/bin\n[CI/CD Pipeline/Custom Security Audit] ⭐ Run Main Setup Node\n[CI/CD Pipeline/Custom Security Audit]   🐳  docker cp src=/Users/johnnyblase/.cache/act/actions-setup-node@v4/ dst=/var/run/act/actions/actions-setup-node@v4/\n[CI/CD Pipeline/Vulnerability Check  ]   | AR='ar'\n[CI/CD Pipeline/Vulnerability Check  ]   | CC='gcc'\n[CI/CD Pipeline/Vulnerability Check  ]   | CGO_CFLAGS='-O2 -g'\n[CI/CD Pipeline/Vulnerability Check  ]   | CGO_CPPFLAGS=''\n[CI/CD Pipeline/Vulnerability Check  ]   | CGO_CXXFLAGS='-O2 -g'\n[CI/CD Pipeline/Vulnerability Check  ]   | CGO_ENABLED='1'\n[CI/CD Pipeline/Vulnerability Check  ]   | CGO_FFLAGS='-O2 -g'\n[CI/CD Pipeline/Vulnerability Check  ]   | CGO_LDFLAGS='-O2 -g'\n[CI/CD Pipeline/Vulnerability Check  ]   | CXX='g++'\n[CI/CD Pipeline/Vulnerability Check  ]   | GCCGO='gccgo'\n[CI/CD Pipeline/Vulnerability Check  ]   | GO111MODULE=''\n[CI/CD Pipeline/Vulnerability Check  ]   | GOAMD64='v1'\n[CI/CD Pipeline/Vulnerability Check  ]   | GOARCH='amd64'\n[CI/CD Pipeline/Vulnerability Check  ]   | GOAUTH='netrc'\n[CI/CD Pipeline/Vulnerability Check  ]   | GOBIN=''\n[CI/CD Pipeline/Vulnerability Check  ]   | GOCACHE='/root/.cache/go-build'\n[CI/CD Pipeline/Vulnerability Check  ]   | GOCACHEPROG=''\n[CI/CD Pipeline/Vulnerability Check  ]   | GODEBUG=''\n[CI/CD Pipeline/Vulnerability Check  ]   | GOENV='/root/.config/go/env'\n[CI/CD Pipeline/Vulnerability Check  ]   | GOEXE=''\n[CI/CD Pipeline/Vulnerability Check  ]   | GOEXPERIMENT=''\n[CI/CD Pipeline/Vulnerability Check  ]   | GOFIPS140='off'\n[CI/CD Pipeline/Vulnerability Check  ]   | GOFLAGS=''\n[CI/CD Pipeline/Vulnerability Check  ]   | GOGCCFLAGS='-fPIC -m64 -pthread -Wl,--no-gc-sections -fmessage-length=0 -ffile-prefix-map=/tmp/go-build4269189007=/tmp/go-build -gno-record-gcc-switches'\n[CI/CD Pipeline/Vulnerability Check  ]   | GOHOSTARCH='amd64'\n[CI/CD Pipeline/Vulnerability Check  ]   | GOHOSTOS='linux'\n[CI/CD Pipeline/Vulnerability Check  ]   | GOINSECURE=''\n[CI/CD Pipeline/Vulnerability Check  ]   | GOMOD='/Users/johnnyblase/gym/agbalumo/go.mod'\n[CI/CD Pipeline/Vulnerability Check  ]   | GOMODCACHE='/root/go/pkg/mod'\n[CI/CD Pipeline/Vulnerability Check  ]   | GONOPROXY=''\n[CI/CD Pipeline/Vulnerability Check  ]   | GONOSUMDB=''\n[CI/CD Pipeline/Vulnerability Check  ]   | GOOS='linux'\n[CI/CD Pipeline/Vulnerability Check  ]   | GOPATH='/root/go'\n[CI/CD Pipeline/Vulnerability Check  ]   | GOPRIVATE=''\n[CI/CD Pipeline/Vulnerability Check  ]   | GOPROXY='https://proxy.golang.org,direct'\n[CI/CD Pipeline/Vulnerability Check  ]   | GOROOT='/opt/hostedtoolcache/go/1.25.8/x64'\n[CI/CD Pipeline/Vulnerability Check  ]   | GOSUMDB='sum.golang.org'\n[CI/CD Pipeline/Vulnerability Check  ]   | GOTELEMETRY='local'\n[CI/CD Pipeline/Vulnerability Check  ]   | GOTELEMETRYDIR='/root/.config/go/telemetry'\n[CI/CD Pipeline/Vulnerability Check  ]   | GOTMPDIR=''\n[CI/CD Pipeline/Vulnerability Check  ]   | GOTOOLCHAIN='auto'\n[CI/CD Pipeline/Vulnerability Check  ]   | GOTOOLDIR='/opt/hostedtoolcache/go/1.25.8/x64/pkg/tool/linux_amd64'\n[CI/CD Pipeline/Vulnerability Check  ]   | GOVCS=''\n[CI/CD Pipeline/Vulnerability Check  ]   | GOVERSION='go1.25.8'\n[CI/CD Pipeline/Vulnerability Check  ]   | GOWORK=''\n[CI/CD Pipeline/Vulnerability Check  ]   | PKG_CONFIG='pkg-config'\n[CI/CD Pipeline/Vulnerability Check  ]   | \n[CI/CD Pipeline/Vulnerability Check  ]   ❓  ::endgroup::\n[CI/CD Pipeline/Vulnerability Check  ]   ✅  Success - Main Setup Go [3.597088333s]\n[CI/CD Pipeline/Vulnerability Check  ]   ⚙  ::set-output:: cache-hit=false\n[CI/CD Pipeline/Vulnerability Check  ]   ⚙  ::set-output:: go-version=1.25.8\n[CI/CD Pipeline/Vulnerability Check  ]   ⚙  ::add-path:: /opt/hostedtoolcache/go/1.25.8/x64/bin\n[CI/CD Pipeline/Vulnerability Check  ]   ⚙  ::add-path:: /root/go/bin\n[CI/CD Pipeline/Vulnerability Check  ] ⭐ Run Main Vulnerability Check (Govulncheck)\n[CI/CD Pipeline/Vulnerability Check  ]   🐳  docker cp src=/Users/johnnyblase/.cache/act/golang-govulncheck-action@v1/ dst=/var/run/act/actions/golang-govulncheck-action@v1/\n[CI/CD Pipeline/Tests & Coverage     ]   | go: downloading github.com/joho/godotenv v1.5.1\n[CI/CD Pipeline/Tests & Coverage     ]   | go: downloading github.com/gorilla/sessions v1.4.0\n[CI/CD Pipeline/Tests & Coverage     ]   | go: downloading github.com/labstack/echo/v4 v4.15.0\n[CI/CD Pipeline/Tests & Coverage     ]   | go: downloading github.com/spf13/cobra v1.8.0\n[CI/CD Pipeline/Tests & Coverage     ]   | go: downloading github.com/google/uuid v1.6.0\n[CI/CD Pipeline/Vulnerability Check  ] ⭐ Run Main actions/checkout@v4.1.1\n[CI/CD Pipeline/Tests & Coverage     ]   | go: downloading golang.org/x/time v0.14.0\n[CI/CD Pipeline/Vulnerability Check  ]   🐳  docker cp src=/Users/johnnyblase/gym/agbalumo/. dst=/Users/johnnyblase/gym/agbalumo\n[CI/CD Pipeline/Tests & Coverage     ]   | go: downloading github.com/stretchr/testify v1.11.1\n[CI/CD Pipeline/Lint Check           ]   🐳  docker exec cmd=[node /var/run/act/actions/golangci-golangci-lint-action@v7/dist/run/index.js] user= workdir=\n[CI/CD Pipeline/Lint Check           ]   | OCI runtime exec failed: exec failed: unable to start container process: exec: \"node\": executable file not found in $PATH\r\n[CI/CD Pipeline/Lint Check           ]   ❌  Failure - Main Linter (GolangCI-Lint) [1.120057292s]\n[CI/CD Pipeline/Lint Check           ] exitcode '127': command not found, please refer to https://github.com/nektos/act/issues/107 for more information\n[CI/CD Pipeline/Lint Check           ] ⭐ Run Post Linter (GolangCI-Lint)\n[CI/CD Pipeline/Lint Check           ]   🐳  docker exec cmd=[node /var/run/act/actions/golangci-golangci-lint-action@v7/dist/post_run/index.js] user= workdir=\n[CI/CD Pipeline/Lint Check           ]   | OCI runtime exec failed: exec failed: unable to start container process: exec: \"node\": executable file not found in $PATH\r\n[CI/CD Pipeline/Lint Check           ]   ❌  Failure - Post Linter (GolangCI-Lint) [91.751291ms]\n[CI/CD Pipeline/Lint Check           ] exitcode '127': command not found, please refer to https://github.com/nektos/act/issues/107 for more information\n[CI/CD Pipeline/Lint Check           ] ⭐ Run Complete job\n[CI/CD Pipeline/Lint Check           ]   ✅  Success - Complete job\n[CI/CD Pipeline/Lint Check           ] 🏁  Job failed\n[CI/CD Pipeline/Tests & Coverage     ]   | go: downloading golang.org/x/oauth2 v0.34.0\n[CI/CD Pipeline/Tests & Coverage     ]   | go: downloading modernc.org/sqlite v1.44.3\n[CI/CD Pipeline/Tests & Coverage     ]   | go: downloading github.com/mattn/go-sqlite3 v1.14.34\n[CI/CD Pipeline/Tests & Coverage     ]   | go: downloading github.com/gen2brain/webp v0.5.5\n[CI/CD Pipeline/Tests & Coverage     ]   | go: downloading golang.org/x/image v0.36.0\n[CI/CD Pipeline/Tests & Coverage     ]   | go: downloading github.com/gorilla/securecookie v1.1.2\n[CI/CD Pipeline/Tests & Coverage     ]   | go: downloading github.com/davecgh/go-spew v1.1.1\n[CI/CD Pipeline/Tests & Coverage     ]   | go: downloading github.com/pmezard/go-difflib v1.0.0\n[CI/CD Pipeline/Tests & Coverage     ]   | go: downloading github.com/stretchr/objx v0.5.3\n[CI/CD Pipeline/Tests & Coverage     ]   | go: downloading github.com/spf13/pflag v1.0.5\n[CI/CD Pipeline/Tests & Coverage     ]   | go: downloading github.com/labstack/gommon v0.4.2\n[CI/CD Pipeline/Tests & Coverage     ]   | go: downloading golang.org/x/crypto v0.48.0\n[CI/CD Pipeline/Tests & Coverage     ]   | go: downloading golang.org/x/net v0.49.0\n[CI/CD Pipeline/Tests & Coverage     ]   | go: downloading github.com/valyala/fasttemplate v1.2.2\n[CI/CD Pipeline/Tests & Coverage     ]   | go: downloading github.com/ebitengine/purego v0.8.3\n[CI/CD Pipeline/Tests & Coverage     ]   | go: downloading github.com/tetratelabs/wazero v1.9.0\n[CI/CD Pipeline/Custom Security Audit]   🐳  docker exec cmd=[node /var/run/act/actions/actions-setup-node@v4/dist/setup/index.js] user= workdir=\n[CI/CD Pipeline/Tests & Coverage     ]   | go: downloading cloud.google.com/go/compute/metadata v0.9.0\n[CI/CD Pipeline/Tests & Coverage     ]   | go: downloading gopkg.in/yaml.v3 v3.0.1\n[CI/CD Pipeline/Custom Security Audit]   | OCI runtime exec failed: exec failed: unable to start container process: exec: \"node\": executable file not found in $PATH\r\n[CI/CD Pipeline/Custom Security Audit]   ❌  Failure - Main Setup Node [2.751105334s]\n[CI/CD Pipeline/Tests & Coverage     ]   | go: downloading github.com/mattn/go-colorable v0.1.14\n[CI/CD Pipeline/Tests & Coverage     ]   | go: downloading github.com/mattn/go-isatty v0.0.20\n[CI/CD Pipeline/Tests & Coverage     ]   | go: downloading github.com/valyala/bytebufferpool v1.0.0\n[CI/CD Pipeline/Custom Security Audit] exitcode '127': command not found, please refer to https://github.com/nektos/act/issues/107 for more information\n[CI/CD Pipeline/Tests & Coverage     ]   | go: downloading golang.org/x/sys v0.41.0\n[CI/CD Pipeline/Tests & Coverage     ]   | go: downloading golang.org/x/text v0.34.0\n[CI/CD Pipeline/Custom Security Audit] ⭐ Run Complete job\n[CI/CD Pipeline/Custom Security Audit]   ✅  Success - Complete job\n[CI/CD Pipeline/Custom Security Audit] 🏁  Job failed\n[CI/CD Pipeline/Vulnerability Check  ]   ✅  Success - Main actions/checkout@v4.1.1 [4.925809542s]\n[CI/CD Pipeline/Vulnerability Check  ] ⭐ Run Main actions/setup-go@v5.0.0\n[CI/CD Pipeline/Vulnerability Check  ]   🐳  docker cp src=/Users/johnnyblase/.cache/act/actions-setup-go@v5.0.0/ dst=/var/run/act/actions/actions-setup-go@v5.0.0/\n[CI/CD Pipeline/Vulnerability Check  ]   🐳  docker exec cmd=[node /var/run/act/actions/actions-setup-go@v5.0.0/dist/setup/index.js] user= workdir=\n[CI/CD Pipeline/Vulnerability Check  ]   | OCI runtime exec failed: exec failed: unable to start container process: exec: \"node\": executable file not found in $PATH\r\n[CI/CD Pipeline/Vulnerability Check  ]   ❌  Failure - Main actions/setup-go@v5.0.0 [825.675959ms]\n[CI/CD Pipeline/Vulnerability Check  ] exitcode '127': command not found, please refer to https://github.com/nektos/act/issues/107 for more information\n[CI/CD Pipeline/Vulnerability Check  ]   ❌  Failure - Main Vulnerability Check (Govulncheck) [6.081767375s]\n[CI/CD Pipeline/Vulnerability Check  ] exitcode '127': command not found, please refer to https://github.com/nektos/act/issues/107 for more information\n[CI/CD Pipeline/Vulnerability Check  ] ⭐ Run Post Vulnerability Check (Govulncheck)\n[CI/CD Pipeline/Vulnerability Check  ]   🐳  docker cp src=/Users/johnnyblase/.cache/act/golang-govulncheck-action@v1/ dst=/var/run/act/actions/golang-govulncheck-action@v1/\n[CI/CD Pipeline/Vulnerability Check  ]   ✅  Success - Post Vulnerability Check (Govulncheck) [84.313875ms]\n[CI/CD Pipeline/Vulnerability Check  ] ⭐ Run Complete job\n[CI/CD Pipeline/Vulnerability Check  ]   ✅  Success - Complete job\n[CI/CD Pipeline/Vulnerability Check  ] 🏁  Job failed\n[CI/CD Pipeline/Tests & Coverage     ]   | go: downloading modernc.org/libc v1.68.0\n[CI/CD Pipeline/Tests & Coverage     ]   | go: downloading golang.org/x/exp v0.0.0-20251023183803-a4bb9ffd2546\n[CI/CD Pipeline/Tests & Coverage     ]   | go: downloading modernc.org/memory v1.11.0\n[CI/CD Pipeline/Tests & Coverage     ]   | go: downloading github.com/dustin/go-humanize v1.0.1\n[CI/CD Pipeline/Tests & Coverage     ]   | go: downloading modernc.org/mathutil v1.7.1\n[CI/CD Pipeline/Tests & Coverage     ]   | go: downloading github.com/remyoudompheng/bigfft v0.0.0-20230129092748-24d4a6f8daec\n[CI/CD Pipeline/Tests & Coverage     ]   | \tgithub.com/jadecobra/agbalumo\t\tcoverage: 0.0% of statements\n[CI/CD Pipeline/Tests & Coverage     ]   | ok  \tgithub.com/jadecobra/agbalumo/cmd\t5.386s\tcoverage: 64.5% of statements\n[CI/CD Pipeline/Tests & Coverage     ]   | ok  \tgithub.com/jadecobra/agbalumo/cmd/harness\t1.131s\tcoverage: 20.0% of statements\n[CI/CD Pipeline/Tests & Coverage     ]   | ok  \tgithub.com/jadecobra/agbalumo/cmd/security-audit\t1.186s\tcoverage: 86.4% of statements\n[CI/CD Pipeline/Tests & Coverage     ]   | Running early lint and build...\n[CI/CD Pipeline/Tests & Coverage     ]   | Running tests...\n[CI/CD Pipeline/Tests & Coverage     ]   | ✅ Gate PASS: implementation build and tests passed.\n[CI/CD Pipeline/Tests & Coverage     ]   | Running linter...\n[CI/CD Pipeline/Tests & Coverage     ]   | ⚠️  golangci-lint not found, skipping...\n[CI/CD Pipeline/Tests & Coverage     ]   | ✅ Gate PASS: lint passed.\n[CI/CD Pipeline/Tests & Coverage     ]   | Verifying test coverage...\n[CI/CD Pipeline/Tests & Coverage     ]   | ✅ Gate PASS: Coverage meets thresholds.\n[CI/CD Pipeline/Tests & Coverage     ]   | Coverage result: true\n[CI/CD Pipeline/Tests & Coverage     ]   | Running tests expecting failure...\n[CI/CD Pipeline/Tests & Coverage     ]   | Gate FAIL: red-test passed but was expected to fail.\n[CI/CD Pipeline/Tests & Coverage     ]   | Running API and CLI drift checks...\n[CI/CD Pipeline/Tests & Coverage     ]   | Error extracting routes from code: no valid Go files found in provided paths\n[CI/CD Pipeline/Tests & Coverage     ]   | Running API and CLI drift checks...\n[CI/CD Pipeline/Tests & Coverage     ]   | ❌ Missing in Code (cmd/server.go): GET /missing (found in API Docs (docs/api.md))\n[CI/CD Pipeline/Tests & Coverage     ]   | ❌ Missing in OpenAPI (docs/openapi.yaml): GET /missing (found in API Docs (docs/api.md))\n[CI/CD Pipeline/Tests & Coverage     ]   | ❌ Missing in CLI Docs: serve (found in Code)\n[CI/CD Pipeline/Tests & Coverage     ]   | ❌ Missing in Code: unknown (found in CLI Docs)\n[CI/CD Pipeline/Tests & Coverage     ]   | ❌ Gate FAIL: contract drift detected.\n[CI/CD Pipeline/Tests & Coverage     ]   | --- FAIL: TestIntegrationAPIDrift (0.23s)\n[CI/CD Pipeline/Tests & Coverage     ]   |     drift_test.go:92: failed to bundle openapi.yaml: exec: \"npx\": executable file not found in $PATH\n[CI/CD Pipeline/Tests & Coverage     ]   |         Output: \n[CI/CD Pipeline/Tests & Coverage     ]   | FAIL\n[CI/CD Pipeline/Tests & Coverage     ]   | coverage: 77.3% of statements\n[CI/CD Pipeline/Tests & Coverage     ]   | FAIL\tgithub.com/jadecobra/agbalumo/internal/agent\t6.980s\n[CI/CD Pipeline/Tests & Coverage     ]   | ok  \tgithub.com/jadecobra/agbalumo/internal/common\t1.385s\tcoverage: 91.3% of statements\n[CI/CD Pipeline/Tests & Coverage     ]   | ok  \tgithub.com/jadecobra/agbalumo/internal/config\t1.125s\tcoverage: 92.6% of statements\n[CI/CD Pipeline/Tests & Coverage     ]   | ok  \tgithub.com/jadecobra/agbalumo/internal/domain\t1.162s\tcoverage: 100.0% of statements\n[CI/CD Pipeline/Tests & Coverage     ]   | ok  \tgithub.com/jadecobra/agbalumo/internal/handler\t2.760s\tcoverage: 95.6% of statements\n[CI/CD Pipeline/Tests & Coverage     ]   | ok  \tgithub.com/jadecobra/agbalumo/internal/middleware\t1.141s\tcoverage: 97.9% of statements\n[CI/CD Pipeline/Tests & Coverage     ]   | ok  \tgithub.com/jadecobra/agbalumo/internal/module/admin\t6.698s\tcoverage: 91.8% of statements\n[CI/CD Pipeline/Tests & Coverage     ]   | ok  \tgithub.com/jadecobra/agbalumo/internal/module/auth\t3.437s\tcoverage: 86.4% of statements\n[CI/CD Pipeline/Tests & Coverage     ]   | ok  \tgithub.com/jadecobra/agbalumo/internal/module/listing\t7.611s\tcoverage: 87.7% of statements\n[CI/CD Pipeline/Tests & Coverage     ]   | ok  \tgithub.com/jadecobra/agbalumo/internal/repository/cached\t1.166s\tcoverage: 100.0% of statements\n[CI/CD Pipeline/Tests & Coverage     ]   | ok  \tgithub.com/jadecobra/agbalumo/internal/repository/sqlite\t89.514s\tcoverage: 84.4% of statements\n[CI/CD Pipeline/Tests & Coverage     ]   | ok  \tgithub.com/jadecobra/agbalumo/internal/security\t1.159s\tcoverage: [no statements]\n[CI/CD Pipeline/Tests & Coverage     ]   | ok  \tgithub.com/jadecobra/agbalumo/internal/seeder\t3.508s\tcoverage: 91.6% of statements\n[CI/CD Pipeline/Tests & Coverage     ]   | ok  \tgithub.com/jadecobra/agbalumo/internal/service\t2.928s\tcoverage: 87.3% of statements\n[CI/CD Pipeline/Tests & Coverage     ]   | ok  \tgithub.com/jadecobra/agbalumo/internal/ui\t1.395s\tcoverage: 95.1% of statements\n[CI/CD Pipeline/Tests & Coverage     ]   | FAIL\n[CI/CD Pipeline/Tests & Coverage     ]   ❌  Failure - Main Run Tests with Coverage [3m23.504626875s]\n[CI/CD Pipeline/Tests & Coverage     ] exitcode '1': failure\n[CI/CD Pipeline/Tests & Coverage     ] ⭐ Run Complete job\n[CI/CD Pipeline/Tests & Coverage     ]   ✅  Success - Complete job\n[CI/CD Pipeline/Tests & Coverage     ] 🏁  Job failed\nError: Error occurred running finally: exitcode '127': command not found, please refer to https://github.com/nektos/act/issues/107 for more information (original error: <nil>)\\n\\nBENCHMARK OUTPUT:\\n{\"Time\":\"2026-03-24T00:18:13.013092-05:00\",\"Action\":\"start\",\"Package\":\"command-line-arguments\"}\n{\"Time\":\"2026-03-24T00:18:13.42379-05:00\",\"Action\":\"output\",\"Package\":\"command-line-arguments\",\"Output\":\"goos: darwin\\n\"}\n{\"Time\":\"2026-03-24T00:18:13.423886-05:00\",\"Action\":\"output\",\"Package\":\"command-line-arguments\",\"Output\":\"goarch: arm64\\n\"}\n{\"Time\":\"2026-03-24T00:18:13.42389-05:00\",\"Action\":\"output\",\"Package\":\"command-line-arguments\",\"Output\":\"cpu: Apple M1 Pro\\n\"}\n{\"Time\":\"2026-03-24T00:18:13.423893-05:00\",\"Action\":\"output\",\"Package\":\"command-line-arguments\",\"Output\":\"BenchmarkSearchPerformance\\n\"}\n{\"Time\":\"2026-03-24T00:18:13.431209-05:00\",\"Action\":\"output\",\"Package\":\"command-line-arguments\",\"Output\":\"    search_performance_test.go:34: Seeding 10000 listings...\\n\"}\n{\"Time\":\"2026-03-24T00:18:16.359482-05:00\",\"Action\":\"output\",\"Package\":\"command-line-arguments\",\"Output\":\"    search_performance_test.go:63: Seeding complete.\\n\"}\n{\"Time\":\"2026-03-24T00:18:16.359503-05:00\",\"Action\":\"output\",\"Package\":\"command-line-arguments\",\"Output\":\"BenchmarkSearchPerformance/FindAll_Default_Page1\\n\"}\n{\"Time\":\"2026-03-24T00:18:17.753517-05:00\",\"Action\":\"output\",\"Package\":\"command-line-arguments\",\"Output\":\"BenchmarkSearchPerformance/FindAll_Default_Page1-8         \\t     595\\t   1996330 ns/op\\n\"}\n{\"Time\":\"2026-03-24T00:18:17.753538-05:00\",\"Action\":\"output\",\"Package\":\"command-line-arguments\",\"Output\":\"BenchmarkSearchPerformance/FindAll_Search_Page1\\n\"}\n{\"Time\":\"2026-03-24T00:18:18.972959-05:00\",\"Action\":\"output\",\"Package\":\"command-line-arguments\",\"Output\":\"BenchmarkSearchPerformance/FindAll_Search_Page1-8          \\t      69\\t  17405306 ns/op\\n\"}\n{\"Time\":\"2026-03-24T00:18:18.972979-05:00\",\"Action\":\"output\",\"Package\":\"command-line-arguments\",\"Output\":\"BenchmarkSearchPerformance/FindAll_Filter_Page1\\n\"}\n{\"Time\":\"2026-03-24T00:18:20.258015-05:00\",\"Action\":\"output\",\"Package\":\"command-line-arguments\",\"Output\":\"BenchmarkSearchPerformance/FindAll_Filter_Page1-8          \\t    1413\\t    847000 ns/op\\n\"}\n{\"Time\":\"2026-03-24T00:18:20.258032-05:00\",\"Action\":\"output\",\"Package\":\"command-line-arguments\",\"Output\":\"BenchmarkSearchPerformance/FindAll_Search_Filter_Page1\\n\"}\n{\"Time\":\"2026-03-24T00:18:21.4532-05:00\",\"Action\":\"output\",\"Package\":\"command-line-arguments\",\"Output\":\"BenchmarkSearchPerformance/FindAll_Search_Filter_Page1-8   \\t      90\\t  13115825 ns/op\\n\"}\n{\"Time\":\"2026-03-24T00:18:21.453217-05:00\",\"Action\":\"output\",\"Package\":\"command-line-arguments\",\"Output\":\"BenchmarkSearchPerformance/FindAll_Deep_Pagination\\n\"}\n{\"Time\":\"2026-03-24T00:18:23.024618-05:00\",\"Action\":\"output\",\"Package\":\"command-line-arguments\",\"Output\":\"BenchmarkSearchPerformance/FindAll_Deep_Pagination-8       \\t     321\\t   3716748 ns/op\\n\"}\n{\"Time\":\"2026-03-24T00:18:23.025166-05:00\",\"Action\":\"output\",\"Package\":\"command-line-arguments\",\"Output\":\"PASS\\n\"}\n{\"Time\":\"2026-03-24T00:18:23.026896-05:00\",\"Action\":\"output\",\"Package\":\"command-line-arguments\",\"Output\":\"ok  \\tcommand-line-arguments\\t10.013s\\n\"}\n{\"Time\":\"2026-03-24T00:18:23.026905-05:00\",\"Action\":\"pass\",\"Package\":\"command-line-arguments\",\"Elapsed\":10.014}",
  "warnings": []
}
