Drift Verification	Set up job	﻿2026-04-08T20:13:00.6345634Z Current runner version: '2.333.1'
Drift Verification	Set up job	2026-04-08T20:13:00.6369916Z ##[group]Runner Image Provisioner
Drift Verification	Set up job	2026-04-08T20:13:00.6370824Z Hosted Compute Agent
Drift Verification	Set up job	2026-04-08T20:13:00.6371320Z Version: 20260213.493
Drift Verification	Set up job	2026-04-08T20:13:00.6371847Z Commit: 5c115507f6dd24b8de37d8bbe0bb4509d0cc0fa3
Drift Verification	Set up job	2026-04-08T20:13:00.6372481Z Build Date: 2026-02-13T00:28:41Z
Drift Verification	Set up job	2026-04-08T20:13:00.6373264Z Worker ID: {4ade9317-18da-4dae-98d6-381300ff0c13}
Drift Verification	Set up job	2026-04-08T20:13:00.6373891Z Azure Region: northcentralus
Drift Verification	Set up job	2026-04-08T20:13:00.6374574Z ##[endgroup]
Drift Verification	Set up job	2026-04-08T20:13:00.6375935Z ##[group]Operating System
Drift Verification	Set up job	2026-04-08T20:13:00.6376483Z Ubuntu
Drift Verification	Set up job	2026-04-08T20:13:00.6376906Z 24.04.4
Drift Verification	Set up job	2026-04-08T20:13:00.6377336Z LTS
Drift Verification	Set up job	2026-04-08T20:13:00.6377776Z ##[endgroup]
Drift Verification	Set up job	2026-04-08T20:13:00.6378224Z ##[group]Runner Image
Drift Verification	Set up job	2026-04-08T20:13:00.6378719Z Image: ubuntu-24.04
Drift Verification	Set up job	2026-04-08T20:13:00.6379140Z Version: 20260329.72.1
Drift Verification	Set up job	2026-04-08T20:13:00.6380015Z Included Software: https://github.com/actions/runner-images/blob/ubuntu24/20260329.72/images/ubuntu/Ubuntu2404-Readme.md
Drift Verification	Set up job	2026-04-08T20:13:00.6381520Z Image Release: https://github.com/actions/runner-images/releases/tag/ubuntu24%2F20260329.72
Drift Verification	Set up job	2026-04-08T20:13:00.6382315Z ##[endgroup]
Drift Verification	Set up job	2026-04-08T20:13:00.6384947Z ##[group]GITHUB_TOKEN Permissions
Drift Verification	Set up job	2026-04-08T20:13:00.6387247Z Actions: write
Drift Verification	Set up job	2026-04-08T20:13:00.6387733Z ArtifactMetadata: write
Drift Verification	Set up job	2026-04-08T20:13:00.6388244Z Attestations: write
Drift Verification	Set up job	2026-04-08T20:13:00.6388649Z Checks: write
Drift Verification	Set up job	2026-04-08T20:13:00.6389111Z Contents: write
Drift Verification	Set up job	2026-04-08T20:13:00.6389526Z Deployments: write
Drift Verification	Set up job	2026-04-08T20:13:00.6389959Z Discussions: write
Drift Verification	Set up job	2026-04-08T20:13:00.6390403Z Issues: write
Drift Verification	Set up job	2026-04-08T20:13:00.6390844Z Metadata: read
Drift Verification	Set up job	2026-04-08T20:13:00.6391284Z Models: read
Drift Verification	Set up job	2026-04-08T20:13:00.6391716Z Packages: write
Drift Verification	Set up job	2026-04-08T20:13:00.6392160Z Pages: write
Drift Verification	Set up job	2026-04-08T20:13:00.6392665Z PullRequests: write
Drift Verification	Set up job	2026-04-08T20:13:00.6393274Z RepositoryProjects: write
Drift Verification	Set up job	2026-04-08T20:13:00.6393739Z SecurityEvents: write
Drift Verification	Set up job	2026-04-08T20:13:00.6394262Z Statuses: write
Drift Verification	Set up job	2026-04-08T20:13:00.6394725Z ##[endgroup]
Drift Verification	Set up job	2026-04-08T20:13:00.6397019Z Secret source: Actions
Drift Verification	Set up job	2026-04-08T20:13:00.6397858Z Prepare workflow directory
Drift Verification	Set up job	2026-04-08T20:13:00.6775538Z Prepare all required actions
Drift Verification	Set up job	2026-04-08T20:13:00.6815341Z Getting action download info
Drift Verification	Set up job	2026-04-08T20:13:01.0802256Z Download action repository 'actions/checkout@de0fac2e4500dabe0009e67214ff5f5447ce83dd' (SHA:de0fac2e4500dabe0009e67214ff5f5447ce83dd)
Drift Verification	Set up job	2026-04-08T20:13:01.1841473Z Download action repository 'actions/setup-node@53b83947a5a98c8d113130e565377fae1a50d02f' (SHA:53b83947a5a98c8d113130e565377fae1a50d02f)
Drift Verification	Set up job	2026-04-08T20:13:01.2606758Z Download action repository 'actions/setup-go@4a3601121dd01d1626a1e23e37211e3254c1c06c' (SHA:4a3601121dd01d1626a1e23e37211e3254c1c06c)
Drift Verification	Set up job	2026-04-08T20:13:01.8776817Z Complete job name: Drift Verification
Drift Verification	Checkout Code	﻿2026-04-08T20:13:01.9486624Z ##[group]Run actions/checkout@de0fac2e4500dabe0009e67214ff5f5447ce83dd
Drift Verification	Checkout Code	2026-04-08T20:13:01.9488119Z with:
Drift Verification	Checkout Code	2026-04-08T20:13:01.9488746Z   repository: jadecobra/agbalumo
Drift Verification	Checkout Code	2026-04-08T20:13:01.9489739Z   token: ***
Drift Verification	Checkout Code	2026-04-08T20:13:01.9490266Z   ssh-strict: true
Drift Verification	Checkout Code	2026-04-08T20:13:01.9490857Z   ssh-user: git
Drift Verification	Checkout Code	2026-04-08T20:13:01.9491386Z   persist-credentials: true
Drift Verification	Checkout Code	2026-04-08T20:13:01.9492011Z   clean: true
Drift Verification	Checkout Code	2026-04-08T20:13:01.9492550Z   sparse-checkout-cone-mode: true
Drift Verification	Checkout Code	2026-04-08T20:13:01.9493660Z   fetch-depth: 1
Drift Verification	Checkout Code	2026-04-08T20:13:01.9494203Z   fetch-tags: false
Drift Verification	Checkout Code	2026-04-08T20:13:01.9494789Z   show-progress: true
Drift Verification	Checkout Code	2026-04-08T20:13:01.9495374Z   lfs: false
Drift Verification	Checkout Code	2026-04-08T20:13:01.9495851Z   submodules: false
Drift Verification	Checkout Code	2026-04-08T20:13:01.9496428Z   set-safe-directory: true
Drift Verification	Checkout Code	2026-04-08T20:13:01.9497391Z env:
Drift Verification	Checkout Code	2026-04-08T20:13:01.9497891Z   NODE_VERSION: 24
Drift Verification	Checkout Code	2026-04-08T20:13:01.9498469Z   FORCE_JAVASCRIPT_ACTIONS_TO_NODE24: true
Drift Verification	Checkout Code	2026-04-08T20:13:01.9499271Z ##[endgroup]
Drift Verification	Checkout Code	2026-04-08T20:13:02.0523756Z Syncing repository: jadecobra/agbalumo
Drift Verification	Checkout Code	2026-04-08T20:13:02.0526206Z ##[group]Getting Git version info
Drift Verification	Checkout Code	2026-04-08T20:13:02.0527137Z Working directory is '/home/runner/work/agbalumo/agbalumo'
Drift Verification	Checkout Code	2026-04-08T20:13:02.0528685Z [command]/usr/bin/git version
Drift Verification	Checkout Code	2026-04-08T20:13:02.0529615Z git version 2.53.0
Drift Verification	Checkout Code	2026-04-08T20:13:02.0531592Z ##[endgroup]
Drift Verification	Checkout Code	2026-04-08T20:13:02.0537033Z Temporarily overriding HOME='/home/runner/work/_temp/b7c928f5-8609-4e65-b20d-f4086f8e9719' before making global git config changes
Drift Verification	Checkout Code	2026-04-08T20:13:02.0539358Z Adding repository directory to the temporary git global config as a safe directory
Drift Verification	Checkout Code	2026-04-08T20:13:02.0541146Z [command]/usr/bin/git config --global --add safe.directory /home/runner/work/agbalumo/agbalumo
Drift Verification	Checkout Code	2026-04-08T20:13:02.0543550Z Deleting the contents of '/home/runner/work/agbalumo/agbalumo'
Drift Verification	Checkout Code	2026-04-08T20:13:02.0544951Z ##[group]Initializing the repository
Drift Verification	Checkout Code	2026-04-08T20:13:02.0545950Z [command]/usr/bin/git init /home/runner/work/agbalumo/agbalumo
Drift Verification	Checkout Code	2026-04-08T20:13:02.0571188Z hint: Using 'master' as the name for the initial branch. This default branch name
Drift Verification	Checkout Code	2026-04-08T20:13:02.0573762Z hint: will change to "main" in Git 3.0. To configure the initial branch name
Drift Verification	Checkout Code	2026-04-08T20:13:02.0576037Z hint: to use in all of your new repositories, which will suppress this warning,
Drift Verification	Checkout Code	2026-04-08T20:13:02.0577364Z hint: call:
Drift Verification	Checkout Code	2026-04-08T20:13:02.0577774Z hint:
Drift Verification	Checkout Code	2026-04-08T20:13:02.0578359Z hint: 	git config --global init.defaultBranch <name>
Drift Verification	Checkout Code	2026-04-08T20:13:02.0579221Z hint:
Drift Verification	Checkout Code	2026-04-08T20:13:02.0580178Z hint: Names commonly chosen instead of 'master' are 'main', 'trunk' and
Drift Verification	Checkout Code	2026-04-08T20:13:02.0582216Z hint: 'development'. The just-created branch can be renamed via this command:
Drift Verification	Checkout Code	2026-04-08T20:13:02.0583350Z hint:
Drift Verification	Checkout Code	2026-04-08T20:13:02.0583784Z hint: 	git branch -m <name>
Drift Verification	Checkout Code	2026-04-08T20:13:02.0584325Z hint:
Drift Verification	Checkout Code	2026-04-08T20:13:02.0585104Z hint: Disable this message with "git config set advice.defaultBranchName false"
Drift Verification	Checkout Code	2026-04-08T20:13:02.0586787Z Initialized empty Git repository in /home/runner/work/agbalumo/agbalumo/.git/
Drift Verification	Checkout Code	2026-04-08T20:13:02.0589082Z [command]/usr/bin/git remote add origin https://github.com/jadecobra/agbalumo
Drift Verification	Checkout Code	2026-04-08T20:13:02.0609966Z ##[endgroup]
Drift Verification	Checkout Code	2026-04-08T20:13:02.0610861Z ##[group]Disabling automatic garbage collection
Drift Verification	Checkout Code	2026-04-08T20:13:02.0613273Z [command]/usr/bin/git config --local gc.auto 0
Drift Verification	Checkout Code	2026-04-08T20:13:02.0637999Z ##[endgroup]
Drift Verification	Checkout Code	2026-04-08T20:13:02.0638825Z ##[group]Setting up auth
Drift Verification	Checkout Code	2026-04-08T20:13:02.0639816Z Removing SSH command configuration
Drift Verification	Checkout Code	2026-04-08T20:13:02.0645691Z [command]/usr/bin/git config --local --name-only --get-regexp core\.sshCommand
Drift Verification	Checkout Code	2026-04-08T20:13:02.0674288Z [command]/usr/bin/git submodule foreach --recursive sh -c "git config --local --name-only --get-regexp 'core\.sshCommand' && git config --local --unset-all 'core.sshCommand' || :"
Drift Verification	Checkout Code	2026-04-08T20:13:02.0906437Z Removing HTTP extra header
Drift Verification	Checkout Code	2026-04-08T20:13:02.0912452Z [command]/usr/bin/git config --local --name-only --get-regexp http\.https\:\/\/github\.com\/\.extraheader
Drift Verification	Checkout Code	2026-04-08T20:13:02.0940181Z [command]/usr/bin/git submodule foreach --recursive sh -c "git config --local --name-only --get-regexp 'http\.https\:\/\/github\.com\/\.extraheader' && git config --local --unset-all 'http.https://github.com/.extraheader' || :"
Drift Verification	Checkout Code	2026-04-08T20:13:02.1111367Z Removing includeIf entries pointing to credentials config files
Drift Verification	Checkout Code	2026-04-08T20:13:02.1117570Z [command]/usr/bin/git config --local --name-only --get-regexp ^includeIf\.gitdir:
Drift Verification	Checkout Code	2026-04-08T20:13:02.1147658Z [command]/usr/bin/git submodule foreach --recursive git config --local --show-origin --name-only --get-regexp remote.origin.url
Drift Verification	Checkout Code	2026-04-08T20:13:02.1323854Z [command]/usr/bin/git config --file /home/runner/work/_temp/git-credentials-1ebb6167-b747-4070-ac9b-f44265f20fa4.config http.https://github.com/.extraheader AUTHORIZATION: basic ***
Drift Verification	Checkout Code	2026-04-08T20:13:02.1357778Z [command]/usr/bin/git config --local includeIf.gitdir:/home/runner/work/agbalumo/agbalumo/.git.path /home/runner/work/_temp/git-credentials-1ebb6167-b747-4070-ac9b-f44265f20fa4.config
Drift Verification	Checkout Code	2026-04-08T20:13:02.1384277Z [command]/usr/bin/git config --local includeIf.gitdir:/home/runner/work/agbalumo/agbalumo/.git/worktrees/*.path /home/runner/work/_temp/git-credentials-1ebb6167-b747-4070-ac9b-f44265f20fa4.config
Drift Verification	Checkout Code	2026-04-08T20:13:02.1409398Z [command]/usr/bin/git config --local includeIf.gitdir:/github/workspace/.git.path /github/runner_temp/git-credentials-1ebb6167-b747-4070-ac9b-f44265f20fa4.config
Drift Verification	Checkout Code	2026-04-08T20:13:02.1435632Z [command]/usr/bin/git config --local includeIf.gitdir:/github/workspace/.git/worktrees/*.path /github/runner_temp/git-credentials-1ebb6167-b747-4070-ac9b-f44265f20fa4.config
Drift Verification	Checkout Code	2026-04-08T20:13:02.1456997Z ##[endgroup]
Drift Verification	Checkout Code	2026-04-08T20:13:02.1457909Z ##[group]Fetching the repository
Drift Verification	Checkout Code	2026-04-08T20:13:02.1465602Z [command]/usr/bin/git -c protocol.version=2 fetch --no-tags --prune --no-recurse-submodules --depth=1 origin +f711d9f6e1881056548352d44db138e91163ffb4:refs/remotes/origin/main
Drift Verification	Checkout Code	2026-04-08T20:13:02.7128700Z From https://github.com/jadecobra/agbalumo
Drift Verification	Checkout Code	2026-04-08T20:13:02.7130683Z  * [new ref]         f711d9f6e1881056548352d44db138e91163ffb4 -> origin/main
Drift Verification	Checkout Code	2026-04-08T20:13:02.7155958Z [command]/usr/bin/git branch --list --remote origin/main
Drift Verification	Checkout Code	2026-04-08T20:13:02.7175630Z   origin/main
Drift Verification	Checkout Code	2026-04-08T20:13:02.7182855Z [command]/usr/bin/git rev-parse refs/remotes/origin/main
Drift Verification	Checkout Code	2026-04-08T20:13:02.7201348Z f711d9f6e1881056548352d44db138e91163ffb4
Drift Verification	Checkout Code	2026-04-08T20:13:02.7204537Z ##[endgroup]
Drift Verification	Checkout Code	2026-04-08T20:13:02.7206022Z ##[group]Determining the checkout info
Drift Verification	Checkout Code	2026-04-08T20:13:02.7207534Z ##[endgroup]
Drift Verification	Checkout Code	2026-04-08T20:13:02.7209265Z [command]/usr/bin/git sparse-checkout disable
Drift Verification	Checkout Code	2026-04-08T20:13:02.7242404Z [command]/usr/bin/git config --local --unset-all extensions.worktreeConfig
Drift Verification	Checkout Code	2026-04-08T20:13:02.7266092Z ##[group]Checking out the ref
Drift Verification	Checkout Code	2026-04-08T20:13:02.7269277Z [command]/usr/bin/git checkout --progress --force -B main refs/remotes/origin/main
Drift Verification	Checkout Code	2026-04-08T20:13:02.7524624Z Switched to a new branch 'main'
Drift Verification	Checkout Code	2026-04-08T20:13:02.7525991Z branch 'main' set up to track 'origin/main'.
Drift Verification	Checkout Code	2026-04-08T20:13:02.7530822Z ##[endgroup]
Drift Verification	Checkout Code	2026-04-08T20:13:02.7562375Z [command]/usr/bin/git log -1 --format=%H
Drift Verification	Checkout Code	2026-04-08T20:13:02.7581951Z f711d9f6e1881056548352d44db138e91163ffb4
Drift Verification	Setup Node	﻿2026-04-08T20:13:02.7882724Z ##[group]Run actions/setup-node@53b83947a5a98c8d113130e565377fae1a50d02f
Drift Verification	Setup Node	2026-04-08T20:13:02.7884238Z with:
Drift Verification	Setup Node	2026-04-08T20:13:02.7885008Z   node-version: 24
Drift Verification	Setup Node	2026-04-08T20:13:02.7885807Z   check-latest: false
Drift Verification	Setup Node	2026-04-08T20:13:02.7886924Z   token: ***
Drift Verification	Setup Node	2026-04-08T20:13:02.7887726Z   package-manager-cache: true
Drift Verification	Setup Node	2026-04-08T20:13:02.7888620Z env:
Drift Verification	Setup Node	2026-04-08T20:13:02.7889311Z   NODE_VERSION: 24
Drift Verification	Setup Node	2026-04-08T20:13:02.7890139Z   FORCE_JAVASCRIPT_ACTIONS_TO_NODE24: true
Drift Verification	Setup Node	2026-04-08T20:13:02.7891132Z ##[endgroup]
Drift Verification	Setup Node	2026-04-08T20:13:02.9402373Z Found in cache @ /opt/hostedtoolcache/node/24.14.1/x64
Drift Verification	Setup Node	2026-04-08T20:13:02.9405716Z ##[group]Environment details
Drift Verification	Setup Node	2026-04-08T20:13:10.6638213Z node: v24.14.1
Drift Verification	Setup Node	2026-04-08T20:13:10.6638665Z npm: 11.11.0
Drift Verification	Setup Node	2026-04-08T20:13:10.6638947Z yarn: 1.22.22
Drift Verification	Setup Node	2026-04-08T20:13:10.6640142Z ##[endgroup]
Drift Verification	Setup Go	﻿2026-04-08T20:13:10.6761061Z ##[group]Run actions/setup-go@4a3601121dd01d1626a1e23e37211e3254c1c06c
Drift Verification	Setup Go	2026-04-08T20:13:10.6761438Z with:
Drift Verification	Setup Go	2026-04-08T20:13:10.6761627Z   go-version-file: go.mod
Drift Verification	Setup Go	2026-04-08T20:13:10.6761833Z   cache: true
Drift Verification	Setup Go	2026-04-08T20:13:10.6762025Z   check-latest: false
Drift Verification	Setup Go	2026-04-08T20:13:10.6762401Z   token: ***
Drift Verification	Setup Go	2026-04-08T20:13:10.6762570Z env:
Drift Verification	Setup Go	2026-04-08T20:13:10.6762747Z   NODE_VERSION: 24
Drift Verification	Setup Go	2026-04-08T20:13:10.6762947Z   FORCE_JAVASCRIPT_ACTIONS_TO_NODE24: true
Drift Verification	Setup Go	2026-04-08T20:13:10.6763422Z ##[endgroup]
Drift Verification	Setup Go	2026-04-08T20:13:10.8135946Z Setup go version spec 1.25.0
Drift Verification	Setup Go	2026-04-08T20:13:10.8142761Z Attempting to download 1.25.0...
Drift Verification	Setup Go	2026-04-08T20:13:11.2892495Z matching 1.25.0...
Drift Verification	Setup Go	2026-04-08T20:13:11.2932037Z Acquiring 1.25.0 from https://github.com/actions/go-versions/releases/download/1.25.0-16925932082/go-1.25.0-linux-x64.tar.gz
Drift Verification	Setup Go	2026-04-08T20:13:11.6970646Z Extracting Go...
Drift Verification	Setup Go	2026-04-08T20:13:11.7069979Z [command]/usr/bin/tar xz --warning=no-unknown-keyword --overwrite -C /home/runner/work/_temp/669a6d73-001c-4687-9f4f-1b03204786c3 -f /home/runner/work/_temp/069773d9-5301-4569-842b-104e2069db7a
Drift Verification	Setup Go	2026-04-08T20:13:13.0081458Z Successfully extracted go to /home/runner/work/_temp/669a6d73-001c-4687-9f4f-1b03204786c3
Drift Verification	Setup Go	2026-04-08T20:13:13.0082019Z Adding to the cache ...
Drift Verification	Setup Go	2026-04-08T20:13:16.5343836Z Successfully cached go to /opt/hostedtoolcache/go/1.25.0/x64
Drift Verification	Setup Go	2026-04-08T20:13:16.5346199Z Added go to the path
Drift Verification	Setup Go	2026-04-08T20:13:16.5346842Z Successfully set up Go version 1.25.0
Drift Verification	Setup Go	2026-04-08T20:13:16.5518664Z [command]/opt/hostedtoolcache/go/1.25.0/x64/bin/go env GOMODCACHE
Drift Verification	Setup Go	2026-04-08T20:13:16.5541556Z [command]/opt/hostedtoolcache/go/1.25.0/x64/bin/go env GOCACHE
Drift Verification	Setup Go	2026-04-08T20:13:16.5565668Z /home/runner/go/pkg/mod
Drift Verification	Setup Go	2026-04-08T20:13:16.5580166Z /home/runner/.cache/go-build
Drift Verification	Setup Go	2026-04-08T20:13:16.6577353Z Cache is not found
Drift Verification	Setup Go	2026-04-08T20:13:16.6582147Z go version go1.25.0 linux/amd64
Drift Verification	Setup Go	2026-04-08T20:13:16.6582470Z 
Drift Verification	Setup Go	2026-04-08T20:13:16.6582851Z ##[group]go env
Drift Verification	Setup Go	2026-04-08T20:13:16.7654578Z AR='ar'
Drift Verification	Setup Go	2026-04-08T20:13:16.7654993Z CC='gcc'
Drift Verification	Setup Go	2026-04-08T20:13:16.7655399Z CGO_CFLAGS='-O2 -g'
Drift Verification	Setup Go	2026-04-08T20:13:16.7655770Z CGO_CPPFLAGS=''
Drift Verification	Setup Go	2026-04-08T20:13:16.7656137Z CGO_CXXFLAGS='-O2 -g'
Drift Verification	Setup Go	2026-04-08T20:13:16.7656501Z CGO_ENABLED='1'
Drift Verification	Setup Go	2026-04-08T20:13:16.7656910Z CGO_FFLAGS='-O2 -g'
Drift Verification	Setup Go	2026-04-08T20:13:16.7657276Z CGO_LDFLAGS='-O2 -g'
Drift Verification	Setup Go	2026-04-08T20:13:16.7657633Z CXX='g++'
Drift Verification	Setup Go	2026-04-08T20:13:16.7657962Z GCCGO='gccgo'
Drift Verification	Setup Go	2026-04-08T20:13:16.7658276Z GO111MODULE=''
Drift Verification	Setup Go	2026-04-08T20:13:16.7658602Z GOAMD64='v1'
Drift Verification	Setup Go	2026-04-08T20:13:16.7658916Z GOARCH='amd64'
Drift Verification	Setup Go	2026-04-08T20:13:16.7659277Z GOAUTH='netrc'
Drift Verification	Setup Go	2026-04-08T20:13:16.7659662Z GOBIN=''
Drift Verification	Setup Go	2026-04-08T20:13:16.7660135Z GOCACHE='/home/runner/.cache/go-build'
Drift Verification	Setup Go	2026-04-08T20:13:16.7660601Z GOCACHEPROG=''
Drift Verification	Setup Go	2026-04-08T20:13:16.7660928Z GODEBUG=''
Drift Verification	Setup Go	2026-04-08T20:13:16.7661367Z GOENV='/home/runner/.config/go/env'
Drift Verification	Setup Go	2026-04-08T20:13:16.7661754Z GOEXE=''
Drift Verification	Setup Go	2026-04-08T20:13:16.7662168Z GOEXPERIMENT=''
Drift Verification	Setup Go	2026-04-08T20:13:16.7662517Z GOFIPS140='off'
Drift Verification	Setup Go	2026-04-08T20:13:16.7662858Z GOFLAGS=''
Drift Verification	Setup Go	2026-04-08T20:13:16.7664418Z GOGCCFLAGS='-fPIC -m64 -pthread -Wl,--no-gc-sections -fmessage-length=0 -ffile-prefix-map=/tmp/go-build2426028705=/tmp/go-build -gno-record-gcc-switches'
Drift Verification	Setup Go	2026-04-08T20:13:16.7665558Z GOHOSTARCH='amd64'
Drift Verification	Setup Go	2026-04-08T20:13:16.7665896Z GOHOSTOS='linux'
Drift Verification	Setup Go	2026-04-08T20:13:16.7666258Z GOINSECURE=''
Drift Verification	Setup Go	2026-04-08T20:13:16.7666757Z GOMOD='/home/runner/work/agbalumo/agbalumo/go.mod'
Drift Verification	Setup Go	2026-04-08T20:13:16.7667346Z GOMODCACHE='/home/runner/go/pkg/mod'
Drift Verification	Setup Go	2026-04-08T20:13:16.7667751Z GONOPROXY=''
Drift Verification	Setup Go	2026-04-08T20:13:16.7668047Z GONOSUMDB=''
Drift Verification	Setup Go	2026-04-08T20:13:16.7668383Z GOOS='linux'
Drift Verification	Setup Go	2026-04-08T20:13:16.7668751Z GOPATH='/home/runner/go'
Drift Verification	Setup Go	2026-04-08T20:13:16.7669136Z GOPRIVATE=''
Drift Verification	Setup Go	2026-04-08T20:13:16.7669637Z GOPROXY='https://proxy.golang.org,direct'
Drift Verification	Setup Go	2026-04-08T20:13:16.7670257Z GOROOT='/opt/hostedtoolcache/go/1.25.0/x64'
Drift Verification	Setup Go	2026-04-08T20:13:16.7670780Z GOSUMDB='sum.golang.org'
Drift Verification	Setup Go	2026-04-08T20:13:16.7671211Z GOTELEMETRY='local'
Drift Verification	Setup Go	2026-04-08T20:13:16.7671779Z GOTELEMETRYDIR='/home/runner/.config/go/telemetry'
Drift Verification	Setup Go	2026-04-08T20:13:16.7672311Z GOTMPDIR=''
Drift Verification	Setup Go	2026-04-08T20:13:16.7672691Z GOTOOLCHAIN='local'
Drift Verification	Setup Go	2026-04-08T20:13:16.7673946Z GOTOOLDIR='/opt/hostedtoolcache/go/1.25.0/x64/pkg/tool/linux_amd64'
Drift Verification	Setup Go	2026-04-08T20:13:16.7674660Z GOVCS=''
Drift Verification	Setup Go	2026-04-08T20:13:16.7674970Z GOVERSION='go1.25.0'
Drift Verification	Setup Go	2026-04-08T20:13:16.7675352Z GOWORK=''
Drift Verification	Setup Go	2026-04-08T20:13:16.7675738Z PKG_CONFIG='pkg-config'
Drift Verification	Setup Go	2026-04-08T20:13:16.7676058Z 
Drift Verification	Setup Go	2026-04-08T20:13:16.7676734Z ##[endgroup]
Drift Verification	API Drift Check	﻿2026-04-08T20:13:16.7796575Z ##[group]Run go run cmd/verify/main.go api-spec
Drift Verification	API Drift Check	2026-04-08T20:13:16.7797014Z [36;1mgo run cmd/verify/main.go api-spec[0m
Drift Verification	API Drift Check	2026-04-08T20:13:16.7823633Z shell: /usr/bin/bash -e {0}
Drift Verification	API Drift Check	2026-04-08T20:13:16.7823908Z env:
Drift Verification	API Drift Check	2026-04-08T20:13:16.7824079Z   NODE_VERSION: 24
Drift Verification	API Drift Check	2026-04-08T20:13:16.7824299Z   FORCE_JAVASCRIPT_ACTIONS_TO_NODE24: true
Drift Verification	API Drift Check	2026-04-08T20:13:16.7824562Z   GOTOOLCHAIN: local
Drift Verification	API Drift Check	2026-04-08T20:13:16.7824750Z ##[endgroup]
Drift Verification	API Drift Check	2026-04-08T20:13:16.8024494Z go: downloading github.com/spf13/cobra v1.10.2
Drift Verification	API Drift Check	2026-04-08T20:13:16.8025322Z go: downloading github.com/fsnotify/fsnotify v1.8.0
Drift Verification	API Drift Check	2026-04-08T20:13:16.8026009Z go: downloading github.com/pkoukk/tiktoken-go v0.1.8
Drift Verification	API Drift Check	2026-04-08T20:13:16.8929179Z go: downloading github.com/google/uuid v1.6.0
Drift Verification	API Drift Check	2026-04-08T20:13:16.8929881Z go: downloading github.com/dlclark/regexp2 v1.11.5
Drift Verification	API Drift Check	2026-04-08T20:13:16.9025129Z go: downloading golang.org/x/sys v0.42.0
Drift Verification	API Drift Check	2026-04-08T20:13:16.9082258Z go: downloading github.com/spf13/pflag v1.0.10
Drift Verification	API Drift Check	2026-04-08T20:13:29.2746500Z 🔍 Checking API and CLI Drift...
Drift Verification	API Drift Check	2026-04-08T20:13:37.1237725Z ✅ API and CLI contracts are in sync.
Drift Verification	Template Function Drift Check	﻿2026-04-08T20:13:37.1559141Z ##[group]Run go run cmd/verify/main.go template-drift
Drift Verification	Template Function Drift Check	2026-04-08T20:13:37.1559528Z [36;1mgo run cmd/verify/main.go template-drift[0m
Drift Verification	Template Function Drift Check	2026-04-08T20:13:37.1576006Z shell: /usr/bin/bash -e {0}
Drift Verification	Template Function Drift Check	2026-04-08T20:13:37.1576249Z env:
Drift Verification	Template Function Drift Check	2026-04-08T20:13:37.1576436Z   NODE_VERSION: 24
Drift Verification	Template Function Drift Check	2026-04-08T20:13:37.1576646Z   FORCE_JAVASCRIPT_ACTIONS_TO_NODE24: true
Drift Verification	Template Function Drift Check	2026-04-08T20:13:37.1576902Z   GOTOOLCHAIN: local
Drift Verification	Template Function Drift Check	2026-04-08T20:13:37.1577087Z ##[endgroup]
Drift Verification	Template Function Drift Check	2026-04-08T20:13:37.2654438Z 🔍 Checking Template Function Drift...
Drift Verification	Template Function Drift Check	2026-04-08T20:13:37.2673817Z ✅ All template functions are defined.
Drift Verification	Post Setup Go	﻿2026-04-08T20:13:37.2726728Z Post job cleanup.
Drift Verification	Post Setup Go	2026-04-08T20:13:37.4065062Z [command]/opt/hostedtoolcache/go/1.25.0/x64/bin/go env GOMODCACHE
Drift Verification	Post Setup Go	2026-04-08T20:13:37.4101841Z [command]/opt/hostedtoolcache/go/1.25.0/x64/bin/go env GOCACHE
Drift Verification	Post Setup Go	2026-04-08T20:13:37.4125416Z /home/runner/go/pkg/mod
Drift Verification	Post Setup Go	2026-04-08T20:13:37.4144837Z /home/runner/.cache/go-build
Drift Verification	Post Setup Go	2026-04-08T20:13:37.4323719Z [command]/usr/bin/tar --posix -cf cache.tzst --exclude cache.tzst -P -C /home/runner/work/agbalumo/agbalumo --files-from manifest.txt --use-compress-program zstdmt
Drift Verification	Post Setup Go	2026-04-08T20:13:38.7914320Z Sent 32894415 of 32894415 (100.0%), 37.8 MBs/sec
Drift Verification	Post Setup Go	2026-04-08T20:13:38.9625591Z Cache saved with the key: setup-go-Linux-x64-ubuntu24-go-1.25.0-9b47a26596fc4bce154208be0bf7641ecaea646106d2d777c7b8a873afd7274a
Drift Verification	Post Setup Node	﻿2026-04-08T20:13:38.9748443Z Post job cleanup.
Drift Verification	Post Checkout Code	﻿2026-04-08T20:13:39.1165524Z Post job cleanup.
Drift Verification	Post Checkout Code	2026-04-08T20:13:39.1947108Z [command]/usr/bin/git version
Drift Verification	Post Checkout Code	2026-04-08T20:13:39.1980474Z git version 2.53.0
Drift Verification	Post Checkout Code	2026-04-08T20:13:39.2016968Z Temporarily overriding HOME='/home/runner/work/_temp/cc7ac918-764a-4581-9309-0e6443887534' before making global git config changes
Drift Verification	Post Checkout Code	2026-04-08T20:13:39.2018457Z Adding repository directory to the temporary git global config as a safe directory
Drift Verification	Post Checkout Code	2026-04-08T20:13:39.2023141Z [command]/usr/bin/git config --global --add safe.directory /home/runner/work/agbalumo/agbalumo
Drift Verification	Post Checkout Code	2026-04-08T20:13:39.2049795Z Removing SSH command configuration
Drift Verification	Post Checkout Code	2026-04-08T20:13:39.2056134Z [command]/usr/bin/git config --local --name-only --get-regexp core\.sshCommand
Drift Verification	Post Checkout Code	2026-04-08T20:13:39.2084782Z [command]/usr/bin/git submodule foreach --recursive sh -c "git config --local --name-only --get-regexp 'core\.sshCommand' && git config --local --unset-all 'core.sshCommand' || :"
Drift Verification	Post Checkout Code	2026-04-08T20:13:39.2259997Z Removing HTTP extra header
Drift Verification	Post Checkout Code	2026-04-08T20:13:39.2265812Z [command]/usr/bin/git config --local --name-only --get-regexp http\.https\:\/\/github\.com\/\.extraheader
Drift Verification	Post Checkout Code	2026-04-08T20:13:39.2293495Z [command]/usr/bin/git submodule foreach --recursive sh -c "git config --local --name-only --get-regexp 'http\.https\:\/\/github\.com\/\.extraheader' && git config --local --unset-all 'http.https://github.com/.extraheader' || :"
Drift Verification	Post Checkout Code	2026-04-08T20:13:39.2459031Z Removing includeIf entries pointing to credentials config files
Drift Verification	Post Checkout Code	2026-04-08T20:13:39.2465491Z [command]/usr/bin/git config --local --name-only --get-regexp ^includeIf\.gitdir:
Drift Verification	Post Checkout Code	2026-04-08T20:13:39.2484483Z includeif.gitdir:/home/runner/work/agbalumo/agbalumo/.git.path
Drift Verification	Post Checkout Code	2026-04-08T20:13:39.2485150Z includeif.gitdir:/home/runner/work/agbalumo/agbalumo/.git/worktrees/*.path
Drift Verification	Post Checkout Code	2026-04-08T20:13:39.2485607Z includeif.gitdir:/github/workspace/.git.path
Drift Verification	Post Checkout Code	2026-04-08T20:13:39.2486012Z includeif.gitdir:/github/workspace/.git/worktrees/*.path
Drift Verification	Post Checkout Code	2026-04-08T20:13:39.2492759Z [command]/usr/bin/git config --local --get-all includeif.gitdir:/home/runner/work/agbalumo/agbalumo/.git.path
Drift Verification	Post Checkout Code	2026-04-08T20:13:39.2510940Z /home/runner/work/_temp/git-credentials-1ebb6167-b747-4070-ac9b-f44265f20fa4.config
Drift Verification	Post Checkout Code	2026-04-08T20:13:39.2599612Z [command]/usr/bin/git config --local --unset includeif.gitdir:/home/runner/work/agbalumo/agbalumo/.git.path /home/runner/work/_temp/git-credentials-1ebb6167-b747-4070-ac9b-f44265f20fa4.config
Drift Verification	Post Checkout Code	2026-04-08T20:13:39.2601124Z [command]/usr/bin/git config --local --get-all includeif.gitdir:/home/runner/work/agbalumo/agbalumo/.git/worktrees/*.path
Drift Verification	Post Checkout Code	2026-04-08T20:13:39.2602728Z /home/runner/work/_temp/git-credentials-1ebb6167-b747-4070-ac9b-f44265f20fa4.config
Drift Verification	Post Checkout Code	2026-04-08T20:13:39.2605314Z [command]/usr/bin/git config --local --unset includeif.gitdir:/home/runner/work/agbalumo/agbalumo/.git/worktrees/*.path /home/runner/work/_temp/git-credentials-1ebb6167-b747-4070-ac9b-f44265f20fa4.config
Drift Verification	Post Checkout Code	2026-04-08T20:13:39.2611142Z [command]/usr/bin/git config --local --get-all includeif.gitdir:/github/workspace/.git.path
Drift Verification	Post Checkout Code	2026-04-08T20:13:39.2629751Z /github/runner_temp/git-credentials-1ebb6167-b747-4070-ac9b-f44265f20fa4.config
Drift Verification	Post Checkout Code	2026-04-08T20:13:39.2636134Z [command]/usr/bin/git config --local --unset includeif.gitdir:/github/workspace/.git.path /github/runner_temp/git-credentials-1ebb6167-b747-4070-ac9b-f44265f20fa4.config
Drift Verification	Post Checkout Code	2026-04-08T20:13:39.2660529Z [command]/usr/bin/git config --local --get-all includeif.gitdir:/github/workspace/.git/worktrees/*.path
Drift Verification	Post Checkout Code	2026-04-08T20:13:39.2678650Z /github/runner_temp/git-credentials-1ebb6167-b747-4070-ac9b-f44265f20fa4.config
Drift Verification	Post Checkout Code	2026-04-08T20:13:39.2686827Z [command]/usr/bin/git config --local --unset includeif.gitdir:/github/workspace/.git/worktrees/*.path /github/runner_temp/git-credentials-1ebb6167-b747-4070-ac9b-f44265f20fa4.config
Drift Verification	Post Checkout Code	2026-04-08T20:13:39.2712868Z [command]/usr/bin/git submodule foreach --recursive git config --local --show-origin --name-only --get-regexp remote.origin.url
Drift Verification	Post Checkout Code	2026-04-08T20:13:39.2882158Z Removing credentials config '/home/runner/work/_temp/git-credentials-1ebb6167-b747-4070-ac9b-f44265f20fa4.config'
Drift Verification	Complete job	﻿2026-04-08T20:13:39.2999620Z Cleaning up orphan processes
Security Dynamic Audit	Set up job	﻿2026-04-08T20:13:00.8348026Z Current runner version: '2.333.1'
Security Dynamic Audit	Set up job	2026-04-08T20:13:00.8382583Z ##[group]Runner Image Provisioner
Security Dynamic Audit	Set up job	2026-04-08T20:13:00.8383849Z Hosted Compute Agent
Security Dynamic Audit	Set up job	2026-04-08T20:13:00.8384940Z Version: 20260213.493
Security Dynamic Audit	Set up job	2026-04-08T20:13:00.8386076Z Commit: 5c115507f6dd24b8de37d8bbe0bb4509d0cc0fa3
Security Dynamic Audit	Set up job	2026-04-08T20:13:00.8387262Z Build Date: 2026-02-13T00:28:41Z
Security Dynamic Audit	Set up job	2026-04-08T20:13:00.8388540Z Worker ID: {7e8bc26a-c8c2-4a19-ab8e-70f0e387a2d2}
Security Dynamic Audit	Set up job	2026-04-08T20:13:00.8389749Z Azure Region: eastus2
Security Dynamic Audit	Set up job	2026-04-08T20:13:00.8390582Z ##[endgroup]
Security Dynamic Audit	Set up job	2026-04-08T20:13:00.8393095Z ##[group]Operating System
Security Dynamic Audit	Set up job	2026-04-08T20:13:00.8394033Z Ubuntu
Security Dynamic Audit	Set up job	2026-04-08T20:13:00.8394886Z 24.04.4
Security Dynamic Audit	Set up job	2026-04-08T20:13:00.8395726Z LTS
Security Dynamic Audit	Set up job	2026-04-08T20:13:00.8396586Z ##[endgroup]
Security Dynamic Audit	Set up job	2026-04-08T20:13:00.8397352Z ##[group]Runner Image
Security Dynamic Audit	Set up job	2026-04-08T20:13:00.8398326Z Image: ubuntu-24.04
Security Dynamic Audit	Set up job	2026-04-08T20:13:00.8399326Z Version: 20260406.80.1
Security Dynamic Audit	Set up job	2026-04-08T20:13:00.8401038Z Included Software: https://github.com/actions/runner-images/blob/ubuntu24/20260406.80/images/ubuntu/Ubuntu2404-Readme.md
Security Dynamic Audit	Set up job	2026-04-08T20:13:00.8404038Z Image Release: https://github.com/actions/runner-images/releases/tag/ubuntu24%2F20260406.80
Security Dynamic Audit	Set up job	2026-04-08T20:13:00.8405596Z ##[endgroup]
Security Dynamic Audit	Set up job	2026-04-08T20:13:00.8410298Z ##[group]GITHUB_TOKEN Permissions
Security Dynamic Audit	Set up job	2026-04-08T20:13:00.8413802Z Actions: write
Security Dynamic Audit	Set up job	2026-04-08T20:13:00.8414832Z ArtifactMetadata: write
Security Dynamic Audit	Set up job	2026-04-08T20:13:00.8415647Z Attestations: write
Security Dynamic Audit	Set up job	2026-04-08T20:13:00.8416413Z Checks: write
Security Dynamic Audit	Set up job	2026-04-08T20:13:00.8417229Z Contents: write
Security Dynamic Audit	Set up job	2026-04-08T20:13:00.8418206Z Deployments: write
Security Dynamic Audit	Set up job	2026-04-08T20:13:00.8419048Z Discussions: write
Security Dynamic Audit	Set up job	2026-04-08T20:13:00.8419902Z Issues: write
Security Dynamic Audit	Set up job	2026-04-08T20:13:00.8420642Z Metadata: read
Security Dynamic Audit	Set up job	2026-04-08T20:13:00.8421627Z Models: read
Security Dynamic Audit	Set up job	2026-04-08T20:13:00.8422604Z Packages: write
Security Dynamic Audit	Set up job	2026-04-08T20:13:00.8423379Z Pages: write
Security Dynamic Audit	Set up job	2026-04-08T20:13:00.8424288Z PullRequests: write
Security Dynamic Audit	Set up job	2026-04-08T20:13:00.8425282Z RepositoryProjects: write
Security Dynamic Audit	Set up job	2026-04-08T20:13:00.8426186Z SecurityEvents: write
Security Dynamic Audit	Set up job	2026-04-08T20:13:00.8427025Z Statuses: write
Security Dynamic Audit	Set up job	2026-04-08T20:13:00.8428375Z ##[endgroup]
Security Dynamic Audit	Set up job	2026-04-08T20:13:00.8431896Z Secret source: Actions
Security Dynamic Audit	Set up job	2026-04-08T20:13:00.8432921Z Prepare workflow directory
Security Dynamic Audit	Set up job	2026-04-08T20:13:00.8985765Z Prepare all required actions
Security Dynamic Audit	Set up job	2026-04-08T20:13:00.9042577Z Getting action download info
Security Dynamic Audit	Set up job	2026-04-08T20:13:01.2243485Z Download action repository 'actions/checkout@de0fac2e4500dabe0009e67214ff5f5447ce83dd' (SHA:de0fac2e4500dabe0009e67214ff5f5447ce83dd)
Security Dynamic Audit	Set up job	2026-04-08T20:13:01.3460097Z Download action repository 'actions/setup-go@4a3601121dd01d1626a1e23e37211e3254c1c06c' (SHA:4a3601121dd01d1626a1e23e37211e3254c1c06c)
Security Dynamic Audit	Set up job	2026-04-08T20:13:01.6380880Z Download action repository 'actions/setup-node@53b83947a5a98c8d113130e565377fae1a50d02f' (SHA:53b83947a5a98c8d113130e565377fae1a50d02f)
Security Dynamic Audit	Set up job	2026-04-08T20:13:01.8288518Z Complete job name: Security Dynamic Audit
Security Dynamic Audit	Checkout Code	﻿2026-04-08T20:13:01.8987748Z ##[group]Run actions/checkout@de0fac2e4500dabe0009e67214ff5f5447ce83dd
Security Dynamic Audit	Checkout Code	2026-04-08T20:13:01.8988815Z with:
Security Dynamic Audit	Checkout Code	2026-04-08T20:13:01.8989221Z   repository: jadecobra/agbalumo
Security Dynamic Audit	Checkout Code	2026-04-08T20:13:01.8989904Z   token: ***
Security Dynamic Audit	Checkout Code	2026-04-08T20:13:01.8990312Z   ssh-strict: true
Security Dynamic Audit	Checkout Code	2026-04-08T20:13:01.8990703Z   ssh-user: git
Security Dynamic Audit	Checkout Code	2026-04-08T20:13:01.8991491Z   persist-credentials: true
Security Dynamic Audit	Checkout Code	2026-04-08T20:13:01.8992201Z   clean: true
Security Dynamic Audit	Checkout Code	2026-04-08T20:13:01.8992693Z   sparse-checkout-cone-mode: true
Security Dynamic Audit	Checkout Code	2026-04-08T20:13:01.8993161Z   fetch-depth: 1
Security Dynamic Audit	Checkout Code	2026-04-08T20:13:01.8993550Z   fetch-tags: false
Security Dynamic Audit	Checkout Code	2026-04-08T20:13:01.8993932Z   show-progress: true
Security Dynamic Audit	Checkout Code	2026-04-08T20:13:01.8994329Z   lfs: false
Security Dynamic Audit	Checkout Code	2026-04-08T20:13:01.8994689Z   submodules: false
Security Dynamic Audit	Checkout Code	2026-04-08T20:13:01.8995112Z   set-safe-directory: true
Security Dynamic Audit	Checkout Code	2026-04-08T20:13:01.8995895Z env:
Security Dynamic Audit	Checkout Code	2026-04-08T20:13:01.8996276Z   NODE_VERSION: 24
Security Dynamic Audit	Checkout Code	2026-04-08T20:13:01.8996719Z   FORCE_JAVASCRIPT_ACTIONS_TO_NODE24: true
Security Dynamic Audit	Checkout Code	2026-04-08T20:13:01.8997237Z ##[endgroup]
Security Dynamic Audit	Checkout Code	2026-04-08T20:13:01.9928270Z Syncing repository: jadecobra/agbalumo
Security Dynamic Audit	Checkout Code	2026-04-08T20:13:01.9930343Z ##[group]Getting Git version info
Security Dynamic Audit	Checkout Code	2026-04-08T20:13:01.9931346Z Working directory is '/home/runner/work/agbalumo/agbalumo'
Security Dynamic Audit	Checkout Code	2026-04-08T20:13:01.9932351Z [command]/usr/bin/git version
Security Dynamic Audit	Checkout Code	2026-04-08T20:13:01.9965886Z git version 2.53.0
Security Dynamic Audit	Checkout Code	2026-04-08T20:13:01.9990414Z ##[endgroup]
Security Dynamic Audit	Checkout Code	2026-04-08T20:13:02.0007657Z Temporarily overriding HOME='/home/runner/work/_temp/570f48df-a26e-40e9-8c6a-70ba413fec56' before making global git config changes
Security Dynamic Audit	Checkout Code	2026-04-08T20:13:02.0009990Z Adding repository directory to the temporary git global config as a safe directory
Security Dynamic Audit	Checkout Code	2026-04-08T20:13:02.0014279Z [command]/usr/bin/git config --global --add safe.directory /home/runner/work/agbalumo/agbalumo
Security Dynamic Audit	Checkout Code	2026-04-08T20:13:02.0049715Z Deleting the contents of '/home/runner/work/agbalumo/agbalumo'
Security Dynamic Audit	Checkout Code	2026-04-08T20:13:02.0054436Z ##[group]Initializing the repository
Security Dynamic Audit	Checkout Code	2026-04-08T20:13:02.0059550Z [command]/usr/bin/git init /home/runner/work/agbalumo/agbalumo
Security Dynamic Audit	Checkout Code	2026-04-08T20:13:02.0163229Z hint: Using 'master' as the name for the initial branch. This default branch name
Security Dynamic Audit	Checkout Code	2026-04-08T20:13:02.0164934Z hint: will change to "main" in Git 3.0. To configure the initial branch name
Security Dynamic Audit	Checkout Code	2026-04-08T20:13:02.0166342Z hint: to use in all of your new repositories, which will suppress this warning,
Security Dynamic Audit	Checkout Code	2026-04-08T20:13:02.0167333Z hint: call:
Security Dynamic Audit	Checkout Code	2026-04-08T20:13:02.0167687Z hint:
Security Dynamic Audit	Checkout Code	2026-04-08T20:13:02.0168180Z hint: 	git config --global init.defaultBranch <name>
Security Dynamic Audit	Checkout Code	2026-04-08T20:13:02.0168739Z hint:
Security Dynamic Audit	Checkout Code	2026-04-08T20:13:02.0169371Z hint: Names commonly chosen instead of 'master' are 'main', 'trunk' and
Security Dynamic Audit	Checkout Code	2026-04-08T20:13:02.0170822Z hint: 'development'. The just-created branch can be renamed via this command:
Security Dynamic Audit	Checkout Code	2026-04-08T20:13:02.0172246Z hint:
Security Dynamic Audit	Checkout Code	2026-04-08T20:13:02.0172829Z hint: 	git branch -m <name>
Security Dynamic Audit	Checkout Code	2026-04-08T20:13:02.0173506Z hint:
Security Dynamic Audit	Checkout Code	2026-04-08T20:13:02.0174189Z hint: Disable this message with "git config set advice.defaultBranchName false"
Security Dynamic Audit	Checkout Code	2026-04-08T20:13:02.0175512Z Initialized empty Git repository in /home/runner/work/agbalumo/agbalumo/.git/
Security Dynamic Audit	Checkout Code	2026-04-08T20:13:02.0177969Z [command]/usr/bin/git remote add origin https://github.com/jadecobra/agbalumo
Security Dynamic Audit	Checkout Code	2026-04-08T20:13:02.0207583Z ##[endgroup]
Security Dynamic Audit	Checkout Code	2026-04-08T20:13:02.0208687Z ##[group]Disabling automatic garbage collection
Security Dynamic Audit	Checkout Code	2026-04-08T20:13:02.0211318Z [command]/usr/bin/git config --local gc.auto 0
Security Dynamic Audit	Checkout Code	2026-04-08T20:13:02.0239329Z ##[endgroup]
Security Dynamic Audit	Checkout Code	2026-04-08T20:13:02.0240348Z ##[group]Setting up auth
Security Dynamic Audit	Checkout Code	2026-04-08T20:13:02.0241558Z Removing SSH command configuration
Security Dynamic Audit	Checkout Code	2026-04-08T20:13:02.0247180Z [command]/usr/bin/git config --local --name-only --get-regexp core\.sshCommand
Security Dynamic Audit	Checkout Code	2026-04-08T20:13:02.0277675Z [command]/usr/bin/git submodule foreach --recursive sh -c "git config --local --name-only --get-regexp 'core\.sshCommand' && git config --local --unset-all 'core.sshCommand' || :"
Security Dynamic Audit	Checkout Code	2026-04-08T20:13:02.0563844Z Removing HTTP extra header
Security Dynamic Audit	Checkout Code	2026-04-08T20:13:02.0569453Z [command]/usr/bin/git config --local --name-only --get-regexp http\.https\:\/\/github\.com\/\.extraheader
Security Dynamic Audit	Checkout Code	2026-04-08T20:13:02.0599144Z [command]/usr/bin/git submodule foreach --recursive sh -c "git config --local --name-only --get-regexp 'http\.https\:\/\/github\.com\/\.extraheader' && git config --local --unset-all 'http.https://github.com/.extraheader' || :"
Security Dynamic Audit	Checkout Code	2026-04-08T20:13:02.0809351Z Removing includeIf entries pointing to credentials config files
Security Dynamic Audit	Checkout Code	2026-04-08T20:13:02.0815842Z [command]/usr/bin/git config --local --name-only --get-regexp ^includeIf\.gitdir:
Security Dynamic Audit	Checkout Code	2026-04-08T20:13:02.0847186Z [command]/usr/bin/git submodule foreach --recursive git config --local --show-origin --name-only --get-regexp remote.origin.url
Security Dynamic Audit	Checkout Code	2026-04-08T20:13:02.1072554Z [command]/usr/bin/git config --file /home/runner/work/_temp/git-credentials-5f139e06-6942-4cf6-8349-819b26be8100.config http.https://github.com/.extraheader AUTHORIZATION: basic ***
Security Dynamic Audit	Checkout Code	2026-04-08T20:13:02.1182914Z [command]/usr/bin/git config --local includeIf.gitdir:/home/runner/work/agbalumo/agbalumo/.git.path /home/runner/work/_temp/git-credentials-5f139e06-6942-4cf6-8349-819b26be8100.config
Security Dynamic Audit	Checkout Code	2026-04-08T20:13:02.1186726Z [command]/usr/bin/git config --local includeIf.gitdir:/home/runner/work/agbalumo/agbalumo/.git/worktrees/*.path /home/runner/work/_temp/git-credentials-5f139e06-6942-4cf6-8349-819b26be8100.config
Security Dynamic Audit	Checkout Code	2026-04-08T20:13:02.1190569Z [command]/usr/bin/git config --local includeIf.gitdir:/github/workspace/.git.path /github/runner_temp/git-credentials-5f139e06-6942-4cf6-8349-819b26be8100.config
Security Dynamic Audit	Checkout Code	2026-04-08T20:13:02.1215035Z [command]/usr/bin/git config --local includeIf.gitdir:/github/workspace/.git/worktrees/*.path /github/runner_temp/git-credentials-5f139e06-6942-4cf6-8349-819b26be8100.config
Security Dynamic Audit	Checkout Code	2026-04-08T20:13:02.1248812Z ##[endgroup]
Security Dynamic Audit	Checkout Code	2026-04-08T20:13:02.1250189Z ##[group]Fetching the repository
Security Dynamic Audit	Checkout Code	2026-04-08T20:13:02.1258933Z [command]/usr/bin/git -c protocol.version=2 fetch --no-tags --prune --no-recurse-submodules --depth=1 origin +f711d9f6e1881056548352d44db138e91163ffb4:refs/remotes/origin/main
Security Dynamic Audit	Checkout Code	2026-04-08T20:13:02.4554486Z From https://github.com/jadecobra/agbalumo
Security Dynamic Audit	Checkout Code	2026-04-08T20:13:02.4555817Z  * [new ref]         f711d9f6e1881056548352d44db138e91163ffb4 -> origin/main
Security Dynamic Audit	Checkout Code	2026-04-08T20:13:02.4588396Z [command]/usr/bin/git branch --list --remote origin/main
Security Dynamic Audit	Checkout Code	2026-04-08T20:13:02.4619304Z   origin/main
Security Dynamic Audit	Checkout Code	2026-04-08T20:13:02.4627186Z [command]/usr/bin/git rev-parse refs/remotes/origin/main
Security Dynamic Audit	Checkout Code	2026-04-08T20:13:02.4650111Z f711d9f6e1881056548352d44db138e91163ffb4
Security Dynamic Audit	Checkout Code	2026-04-08T20:13:02.4656938Z ##[endgroup]
Security Dynamic Audit	Checkout Code	2026-04-08T20:13:02.4658813Z ##[group]Determining the checkout info
Security Dynamic Audit	Checkout Code	2026-04-08T20:13:02.4661018Z ##[endgroup]
Security Dynamic Audit	Checkout Code	2026-04-08T20:13:02.4662625Z [command]/usr/bin/git sparse-checkout disable
Security Dynamic Audit	Checkout Code	2026-04-08T20:13:02.4700218Z [command]/usr/bin/git config --local --unset-all extensions.worktreeConfig
Security Dynamic Audit	Checkout Code	2026-04-08T20:13:02.4725809Z ##[group]Checking out the ref
Security Dynamic Audit	Checkout Code	2026-04-08T20:13:02.4728830Z [command]/usr/bin/git checkout --progress --force -B main refs/remotes/origin/main
Security Dynamic Audit	Checkout Code	2026-04-08T20:13:02.5072470Z Switched to a new branch 'main'
Security Dynamic Audit	Checkout Code	2026-04-08T20:13:02.5074107Z branch 'main' set up to track 'origin/main'.
Security Dynamic Audit	Checkout Code	2026-04-08T20:13:02.5081000Z ##[endgroup]
Security Dynamic Audit	Checkout Code	2026-04-08T20:13:02.5121544Z [command]/usr/bin/git log -1 --format=%H
Security Dynamic Audit	Checkout Code	2026-04-08T20:13:02.5145202Z f711d9f6e1881056548352d44db138e91163ffb4
Security Dynamic Audit	Setup Go	﻿2026-04-08T20:13:02.5450268Z ##[group]Run actions/setup-go@4a3601121dd01d1626a1e23e37211e3254c1c06c
Security Dynamic Audit	Setup Go	2026-04-08T20:13:02.5452088Z with:
Security Dynamic Audit	Setup Go	2026-04-08T20:13:02.5452936Z   go-version-file: go.mod
Security Dynamic Audit	Setup Go	2026-04-08T20:13:02.5453898Z   cache: true
Security Dynamic Audit	Setup Go	2026-04-08T20:13:02.5454748Z   check-latest: false
Security Dynamic Audit	Setup Go	2026-04-08T20:13:02.5455967Z   token: ***
Security Dynamic Audit	Setup Go	2026-04-08T20:13:02.5456773Z env:
Security Dynamic Audit	Setup Go	2026-04-08T20:13:02.5457533Z   NODE_VERSION: 24
Security Dynamic Audit	Setup Go	2026-04-08T20:13:02.5458489Z   FORCE_JAVASCRIPT_ACTIONS_TO_NODE24: true
Security Dynamic Audit	Setup Go	2026-04-08T20:13:02.5459656Z ##[endgroup]
Security Dynamic Audit	Setup Go	2026-04-08T20:13:02.6825525Z Setup go version spec 1.25.0
Security Dynamic Audit	Setup Go	2026-04-08T20:13:02.6838951Z Attempting to download 1.25.0...
Security Dynamic Audit	Setup Go	2026-04-08T20:13:03.0234626Z matching 1.25.0...
Security Dynamic Audit	Setup Go	2026-04-08T20:13:03.0278125Z Acquiring 1.25.0 from https://github.com/actions/go-versions/releases/download/1.25.0-16925932082/go-1.25.0-linux-x64.tar.gz
Security Dynamic Audit	Setup Go	2026-04-08T20:13:03.4777995Z Extracting Go...
Security Dynamic Audit	Setup Go	2026-04-08T20:13:03.4912997Z [command]/usr/bin/tar xz --warning=no-unknown-keyword --overwrite -C /home/runner/work/_temp/054440c3-d1ba-46d6-b012-bc1183c32db3 -f /home/runner/work/_temp/4129d639-4e58-4613-95af-5352491b435f
Security Dynamic Audit	Setup Go	2026-04-08T20:13:04.9567351Z Successfully extracted go to /home/runner/work/_temp/054440c3-d1ba-46d6-b012-bc1183c32db3
Security Dynamic Audit	Setup Go	2026-04-08T20:13:04.9568468Z Adding to the cache ...
Security Dynamic Audit	Setup Go	2026-04-08T20:13:09.8695021Z Successfully cached go to /opt/hostedtoolcache/go/1.25.0/x64
Security Dynamic Audit	Setup Go	2026-04-08T20:13:09.8714938Z Added go to the path
Security Dynamic Audit	Setup Go	2026-04-08T20:13:09.8721706Z Successfully set up Go version 1.25.0
Security Dynamic Audit	Setup Go	2026-04-08T20:13:09.8948565Z [command]/opt/hostedtoolcache/go/1.25.0/x64/bin/go env GOMODCACHE
Security Dynamic Audit	Setup Go	2026-04-08T20:13:09.8978454Z [command]/opt/hostedtoolcache/go/1.25.0/x64/bin/go env GOCACHE
Security Dynamic Audit	Setup Go	2026-04-08T20:13:09.9008230Z /home/runner/go/pkg/mod
Security Dynamic Audit	Setup Go	2026-04-08T20:13:09.9024501Z /home/runner/.cache/go-build
Security Dynamic Audit	Setup Go	2026-04-08T20:13:09.9673214Z Cache is not found
Security Dynamic Audit	Setup Go	2026-04-08T20:13:09.9697557Z go version go1.25.0 linux/amd64
Security Dynamic Audit	Setup Go	2026-04-08T20:13:09.9697853Z 
Security Dynamic Audit	Setup Go	2026-04-08T20:13:09.9698122Z ##[group]go env
Security Dynamic Audit	Setup Go	2026-04-08T20:13:10.0961322Z AR='ar'
Security Dynamic Audit	Setup Go	2026-04-08T20:13:10.0961781Z CC='gcc'
Security Dynamic Audit	Setup Go	2026-04-08T20:13:10.0962181Z CGO_CFLAGS='-O2 -g'
Security Dynamic Audit	Setup Go	2026-04-08T20:13:10.0962492Z CGO_CPPFLAGS=''
Security Dynamic Audit	Setup Go	2026-04-08T20:13:10.0962737Z CGO_CXXFLAGS='-O2 -g'
Security Dynamic Audit	Setup Go	2026-04-08T20:13:10.0963605Z CGO_ENABLED='1'
Security Dynamic Audit	Setup Go	2026-04-08T20:13:10.0963923Z CGO_FFLAGS='-O2 -g'
Security Dynamic Audit	Setup Go	2026-04-08T20:13:10.0964244Z CGO_LDFLAGS='-O2 -g'
Security Dynamic Audit	Setup Go	2026-04-08T20:13:10.0964488Z CXX='g++'
Security Dynamic Audit	Setup Go	2026-04-08T20:13:10.0964705Z GCCGO='gccgo'
Security Dynamic Audit	Setup Go	2026-04-08T20:13:10.0964929Z GO111MODULE=''
Security Dynamic Audit	Setup Go	2026-04-08T20:13:10.0965123Z GOAMD64='v1'
Security Dynamic Audit	Setup Go	2026-04-08T20:13:10.0965318Z GOARCH='amd64'
Security Dynamic Audit	Setup Go	2026-04-08T20:13:10.0965521Z GOAUTH='netrc'
Security Dynamic Audit	Setup Go	2026-04-08T20:13:10.0965731Z GOBIN=''
Security Dynamic Audit	Setup Go	2026-04-08T20:13:10.0965955Z GOCACHE='/home/runner/.cache/go-build'
Security Dynamic Audit	Setup Go	2026-04-08T20:13:10.0966279Z GOCACHEPROG=''
Security Dynamic Audit	Setup Go	2026-04-08T20:13:10.0966472Z GODEBUG=''
Security Dynamic Audit	Setup Go	2026-04-08T20:13:10.0966685Z GOENV='/home/runner/.config/go/env'
Security Dynamic Audit	Setup Go	2026-04-08T20:13:10.0966954Z GOEXE=''
Security Dynamic Audit	Setup Go	2026-04-08T20:13:10.0967154Z GOEXPERIMENT=''
Security Dynamic Audit	Setup Go	2026-04-08T20:13:10.0967366Z GOFIPS140='off'
Security Dynamic Audit	Setup Go	2026-04-08T20:13:10.0967572Z GOFLAGS=''
Security Dynamic Audit	Setup Go	2026-04-08T20:13:10.0968324Z GOGCCFLAGS='-fPIC -m64 -pthread -Wl,--no-gc-sections -fmessage-length=0 -ffile-prefix-map=/tmp/go-build3179000585=/tmp/go-build -gno-record-gcc-switches'
Security Dynamic Audit	Setup Go	2026-04-08T20:13:10.0969097Z GOHOSTARCH='amd64'
Security Dynamic Audit	Setup Go	2026-04-08T20:13:10.0969311Z GOHOSTOS='linux'
Security Dynamic Audit	Setup Go	2026-04-08T20:13:10.0969558Z GOINSECURE=''
Security Dynamic Audit	Setup Go	2026-04-08T20:13:10.0969837Z GOMOD='/home/runner/work/agbalumo/agbalumo/go.mod'
Security Dynamic Audit	Setup Go	2026-04-08T20:13:10.0970163Z GOMODCACHE='/home/runner/go/pkg/mod'
Security Dynamic Audit	Setup Go	2026-04-08T20:13:10.0970411Z GONOPROXY=''
Security Dynamic Audit	Setup Go	2026-04-08T20:13:10.0970603Z GONOSUMDB=''
Security Dynamic Audit	Setup Go	2026-04-08T20:13:10.0970806Z GOOS='linux'
Security Dynamic Audit	Setup Go	2026-04-08T20:13:10.0971021Z GOPATH='/home/runner/go'
Security Dynamic Audit	Setup Go	2026-04-08T20:13:10.0971554Z GOPRIVATE=''
Security Dynamic Audit	Setup Go	2026-04-08T20:13:10.0971831Z GOPROXY='https://proxy.golang.org,direct'
Security Dynamic Audit	Setup Go	2026-04-08T20:13:10.0972147Z GOROOT='/opt/hostedtoolcache/go/1.25.0/x64'
Security Dynamic Audit	Setup Go	2026-04-08T20:13:10.0972429Z GOSUMDB='sum.golang.org'
Security Dynamic Audit	Setup Go	2026-04-08T20:13:10.0972641Z GOTELEMETRY='local'
Security Dynamic Audit	Setup Go	2026-04-08T20:13:10.1040674Z GOTELEMETRYDIR='/home/runner/.config/go/telemetry'
Security Dynamic Audit	Setup Go	2026-04-08T20:13:10.1041797Z GOTMPDIR=''
Security Dynamic Audit	Setup Go	2026-04-08T20:13:10.1042073Z GOTOOLCHAIN='local'
Security Dynamic Audit	Setup Go	2026-04-08T20:13:10.1042869Z GOTOOLDIR='/opt/hostedtoolcache/go/1.25.0/x64/pkg/tool/linux_amd64'
Security Dynamic Audit	Setup Go	2026-04-08T20:13:10.1043235Z GOVCS=''
Security Dynamic Audit	Setup Go	2026-04-08T20:13:10.1043421Z GOVERSION='go1.25.0'
Security Dynamic Audit	Setup Go	2026-04-08T20:13:10.1043617Z GOWORK=''
Security Dynamic Audit	Setup Go	2026-04-08T20:13:10.1043823Z PKG_CONFIG='pkg-config'
Security Dynamic Audit	Setup Go	2026-04-08T20:13:10.1043969Z 
Security Dynamic Audit	Setup Go	2026-04-08T20:13:10.1044311Z ##[endgroup]
Security Dynamic Audit	Setup Node	﻿2026-04-08T20:13:10.1194191Z ##[group]Run actions/setup-node@53b83947a5a98c8d113130e565377fae1a50d02f
Security Dynamic Audit	Setup Node	2026-04-08T20:13:10.1194609Z with:
Security Dynamic Audit	Setup Node	2026-04-08T20:13:10.1194785Z   node-version: 24
Security Dynamic Audit	Setup Node	2026-04-08T20:13:10.1194979Z   check-latest: false
Security Dynamic Audit	Setup Node	2026-04-08T20:13:10.1195297Z   token: ***
Security Dynamic Audit	Setup Node	2026-04-08T20:13:10.1195494Z   package-manager-cache: true
Security Dynamic Audit	Setup Node	2026-04-08T20:13:10.1195716Z env:
Security Dynamic Audit	Setup Node	2026-04-08T20:13:10.1195871Z   NODE_VERSION: 24
Security Dynamic Audit	Setup Node	2026-04-08T20:13:10.1196079Z   FORCE_JAVASCRIPT_ACTIONS_TO_NODE24: true
Security Dynamic Audit	Setup Node	2026-04-08T20:13:10.1196329Z   GOTOOLCHAIN: local
Security Dynamic Audit	Setup Node	2026-04-08T20:13:10.1196522Z ##[endgroup]
Security Dynamic Audit	Setup Node	2026-04-08T20:13:10.2711853Z Found in cache @ /opt/hostedtoolcache/node/24.14.1/x64
Security Dynamic Audit	Setup Node	2026-04-08T20:13:10.2715328Z ##[group]Environment details
Security Dynamic Audit	Setup Node	2026-04-08T20:13:10.6139968Z node: v24.14.1
Security Dynamic Audit	Setup Node	2026-04-08T20:13:10.6140810Z npm: 11.11.0
Security Dynamic Audit	Setup Node	2026-04-08T20:13:10.6142026Z yarn: 1.22.22
Security Dynamic Audit	Setup Node	2026-04-08T20:13:10.6142713Z ##[endgroup]
Security Dynamic Audit	Build CSS	﻿2026-04-08T20:13:10.6268991Z ##[group]Run npm ci
Security Dynamic Audit	Build CSS	2026-04-08T20:13:10.6269264Z [36;1mnpm ci[0m
Security Dynamic Audit	Build CSS	2026-04-08T20:13:10.6269460Z [36;1mnpm run build:css[0m
Security Dynamic Audit	Build CSS	2026-04-08T20:13:10.6304449Z shell: /usr/bin/bash -e {0}
Security Dynamic Audit	Build CSS	2026-04-08T20:13:10.6304684Z env:
Security Dynamic Audit	Build CSS	2026-04-08T20:13:10.6304853Z   NODE_VERSION: 24
Security Dynamic Audit	Build CSS	2026-04-08T20:13:10.6305064Z   FORCE_JAVASCRIPT_ACTIONS_TO_NODE24: true
Security Dynamic Audit	Build CSS	2026-04-08T20:13:10.6305316Z   GOTOOLCHAIN: local
Security Dynamic Audit	Build CSS	2026-04-08T20:13:10.6305506Z ##[endgroup]
Security Dynamic Audit	Build CSS	2026-04-08T20:13:12.0915213Z 
Security Dynamic Audit	Build CSS	2026-04-08T20:13:12.0922341Z added 34 packages, and audited 35 packages in 1s
Security Dynamic Audit	Build CSS	2026-04-08T20:13:12.0922684Z 
Security Dynamic Audit	Build CSS	2026-04-08T20:13:12.0922927Z 8 packages are looking for funding
Security Dynamic Audit	Build CSS	2026-04-08T20:13:12.0923268Z   run `npm fund` for details
Security Dynamic Audit	Build CSS	2026-04-08T20:13:12.0928807Z 
Security Dynamic Audit	Build CSS	2026-04-08T20:13:12.0929017Z found 0 vulnerabilities
Security Dynamic Audit	Build CSS	2026-04-08T20:13:12.2281186Z 
Security Dynamic Audit	Build CSS	2026-04-08T20:13:12.2282059Z > agbalumo@1.0.0 build:css
Security Dynamic Audit	Build CSS	2026-04-08T20:13:12.2283034Z > tailwindcss -i ./ui/static/css/input.css -o ./ui/static/css/output.css --minify
Security Dynamic Audit	Build CSS	2026-04-08T20:13:12.2283418Z 
Security Dynamic Audit	Build CSS	2026-04-08T20:13:12.3712785Z [3m[1m[34m≈[39m[22m[23m tailwindcss [34mv4.2.1[39m
Security Dynamic Audit	Build CSS	2026-04-08T20:13:12.3713320Z 
Security Dynamic Audit	Build CSS	2026-04-08T20:13:12.5804087Z Done in [34m208ms[39m
Security Dynamic Audit	Build Server	﻿2026-04-08T20:13:12.5992416Z ##[group]Run go build -o server .
Security Dynamic Audit	Build Server	2026-04-08T20:13:12.5992752Z [36;1mgo build -o server .[0m
Security Dynamic Audit	Build Server	2026-04-08T20:13:12.6014299Z shell: /usr/bin/bash -e {0}
Security Dynamic Audit	Build Server	2026-04-08T20:13:12.6014522Z env:
Security Dynamic Audit	Build Server	2026-04-08T20:13:12.6014684Z   NODE_VERSION: 24
Security Dynamic Audit	Build Server	2026-04-08T20:13:12.6014884Z   FORCE_JAVASCRIPT_ACTIONS_TO_NODE24: true
Security Dynamic Audit	Build Server	2026-04-08T20:13:12.6015141Z   GOTOOLCHAIN: local
Security Dynamic Audit	Build Server	2026-04-08T20:13:12.6015329Z ##[endgroup]
Security Dynamic Audit	Build Server	2026-04-08T20:13:12.6212589Z go: downloading github.com/google/uuid v1.6.0
Security Dynamic Audit	Build Server	2026-04-08T20:13:12.6218168Z go: downloading github.com/joho/godotenv v1.5.1
Security Dynamic Audit	Build Server	2026-04-08T20:13:12.6218972Z go: downloading github.com/labstack/echo/v4 v4.15.0
Security Dynamic Audit	Build Server	2026-04-08T20:13:12.6219709Z go: downloading github.com/spf13/cobra v1.10.2
Security Dynamic Audit	Build Server	2026-04-08T20:13:12.7230707Z go: downloading github.com/gorilla/sessions v1.4.0
Security Dynamic Audit	Build Server	2026-04-08T20:13:12.7256811Z go: downloading golang.org/x/time v0.14.0
Security Dynamic Audit	Build Server	2026-04-08T20:13:12.7395186Z go: downloading modernc.org/sqlite v1.44.3
Security Dynamic Audit	Build Server	2026-04-08T20:13:12.7440845Z go: downloading github.com/gen2brain/webp v0.5.5
Security Dynamic Audit	Build Server	2026-04-08T20:13:12.7457440Z go: downloading golang.org/x/image v0.38.0
Security Dynamic Audit	Build Server	2026-04-08T20:13:12.8088850Z go: downloading github.com/spf13/pflag v1.0.10
Security Dynamic Audit	Build Server	2026-04-08T20:13:12.8512848Z go: downloading golang.org/x/oauth2 v0.34.0
Security Dynamic Audit	Build Server	2026-04-08T20:13:12.9006152Z go: downloading github.com/labstack/gommon v0.4.2
Security Dynamic Audit	Build Server	2026-04-08T20:13:12.9228479Z go: downloading golang.org/x/crypto v0.49.0
Security Dynamic Audit	Build Server	2026-04-08T20:13:13.0786000Z go: downloading golang.org/x/net v0.52.0
Security Dynamic Audit	Build Server	2026-04-08T20:13:13.1057341Z go: downloading github.com/valyala/fasttemplate v1.2.2
Security Dynamic Audit	Build Server	2026-04-08T20:13:13.1263531Z go: downloading github.com/gorilla/securecookie v1.1.2
Security Dynamic Audit	Build Server	2026-04-08T20:13:13.1809374Z go: downloading cloud.google.com/go/compute/metadata v0.9.0
Security Dynamic Audit	Build Server	2026-04-08T20:13:13.2000143Z go: downloading github.com/mattn/go-colorable v0.1.14
Security Dynamic Audit	Build Server	2026-04-08T20:13:13.2177612Z go: downloading github.com/mattn/go-isatty v0.0.20
Security Dynamic Audit	Build Server	2026-04-08T20:13:13.2420629Z go: downloading github.com/ebitengine/purego v0.10.0
Security Dynamic Audit	Build Server	2026-04-08T20:13:13.2873086Z go: downloading github.com/tetratelabs/wazero v1.9.0
Security Dynamic Audit	Build Server	2026-04-08T20:13:13.3302278Z go: downloading github.com/valyala/bytebufferpool v1.0.0
Security Dynamic Audit	Build Server	2026-04-08T20:13:13.3632495Z go: downloading golang.org/x/sys v0.42.0
Security Dynamic Audit	Build Server	2026-04-08T20:13:13.5848136Z go: downloading golang.org/x/text v0.35.0
Security Dynamic Audit	Build Server	2026-04-08T20:13:15.3748497Z go: downloading modernc.org/libc v1.68.0
Security Dynamic Audit	Build Server	2026-04-08T20:13:16.6178856Z go: downloading modernc.org/mathutil v1.7.1
Security Dynamic Audit	Build Server	2026-04-08T20:13:16.6180363Z go: downloading golang.org/x/exp v0.0.0-20251023183803-a4bb9ffd2546
Security Dynamic Audit	Build Server	2026-04-08T20:13:16.6181518Z go: downloading modernc.org/memory v1.11.0
Security Dynamic Audit	Build Server	2026-04-08T20:13:16.6182163Z go: downloading github.com/dustin/go-humanize v1.0.1
Security Dynamic Audit	Build Server	2026-04-08T20:13:16.6629902Z go: downloading github.com/remyoudompheng/bigfft v0.0.0-20230129092748-24d4a6f8daec
Security Dynamic Audit	Start Server (Background)	﻿2026-04-08T20:13:45.0995700Z ##[group]Run mkdir -p .tester/data .tester/servers certs
Security Dynamic Audit	Start Server (Background)	2026-04-08T20:13:45.0996127Z [36;1mmkdir -p .tester/data .tester/servers certs[0m
Security Dynamic Audit	Start Server (Background)	2026-04-08T20:13:45.0996687Z [36;1mopenssl req -x509 -newkey rsa:4096 -keyout certs/key.pem -out certs/cert.pem -days 365 -nodes -subj "/CN=localhost"[0m
Security Dynamic Audit	Start Server (Background)	2026-04-08T20:13:45.0997220Z [36;1mexport AGBALUMO_ENV=development[0m
Security Dynamic Audit	Start Server (Background)	2026-04-08T20:13:45.0997559Z [36;1mnohup ./server serve > .tester/servers/server.log 2>&1 &[0m
Security Dynamic Audit	Start Server (Background)	2026-04-08T20:13:45.0997900Z [36;1mecho "Waiting for server to start..."[0m
Security Dynamic Audit	Start Server (Background)	2026-04-08T20:13:45.0998164Z [36;1mfor i in {1..20}; do[0m
Security Dynamic Audit	Start Server (Background)	2026-04-08T20:13:45.0998463Z [36;1m  if curl -k -s https://localhost:8443 > /dev/null; then[0m
Security Dynamic Audit	Start Server (Background)	2026-04-08T20:13:45.0998795Z [36;1m    echo "Server is up!"[0m
Security Dynamic Audit	Start Server (Background)	2026-04-08T20:13:45.0999012Z [36;1m    break[0m
Security Dynamic Audit	Start Server (Background)	2026-04-08T20:13:45.0999183Z [36;1m  fi[0m
Security Dynamic Audit	Start Server (Background)	2026-04-08T20:13:45.0999360Z [36;1m  echo "Waiting..."[0m
Security Dynamic Audit	Start Server (Background)	2026-04-08T20:13:45.0999564Z [36;1m  sleep 0.5[0m
Security Dynamic Audit	Start Server (Background)	2026-04-08T20:13:45.0999911Z [36;1mdone[0m
Security Dynamic Audit	Start Server (Background)	2026-04-08T20:13:45.1000178Z [36;1mif ! curl -k -s https://localhost:8443 > /dev/null; then[0m
Security Dynamic Audit	Start Server (Background)	2026-04-08T20:13:45.1000504Z [36;1m  echo "Server failed to start:"[0m
Security Dynamic Audit	Start Server (Background)	2026-04-08T20:13:45.1000757Z [36;1m  cat .tester/servers/server.log[0m
Security Dynamic Audit	Start Server (Background)	2026-04-08T20:13:45.1000989Z [36;1m  exit 1[0m
Security Dynamic Audit	Start Server (Background)	2026-04-08T20:13:45.1001650Z [36;1mfi[0m
Security Dynamic Audit	Start Server (Background)	2026-04-08T20:13:45.1023963Z shell: /usr/bin/bash -e {0}
Security Dynamic Audit	Start Server (Background)	2026-04-08T20:13:45.1024194Z env:
Security Dynamic Audit	Start Server (Background)	2026-04-08T20:13:45.1024353Z   NODE_VERSION: 24
Security Dynamic Audit	Start Server (Background)	2026-04-08T20:13:45.1024569Z   FORCE_JAVASCRIPT_ACTIONS_TO_NODE24: true
Security Dynamic Audit	Start Server (Background)	2026-04-08T20:13:45.1024822Z   GOTOOLCHAIN: local
Security Dynamic Audit	Start Server (Background)	2026-04-08T20:13:45.1025000Z ##[endgroup]
Security Dynamic Audit	Start Server (Background)	2026-04-08T20:13:45.6882420Z ....+....+++++++++++++++++++++++++++++++++++++++++++++++++++++++++++++++++*..+...+.......+...+..+...+....+..+...+++++++++++++++++++++++++++++++++++++++++++++++++++++++++++++++++*......+...+.+...+...+..+......+.........................+..+....+..............+.......+.....+.......+......+..............+.......+...+.....+.+..+...+......+..........+.....+....+..........................+......+.......+...+.....+.......+.....+.+.....+............+....+.....+.+...+..............+............+.+..+......+.+...+...+..............+...+...+....+...+......+..+...+.+...+...........+.........+......+......+...+.......+...+..................+...+.....+.......+.........+..............+.........+.............+..+......+.+.........+......+...+++++++++++++++++++++++++++++++++++++++++++++++++++++++++++++++++
Security Dynamic Audit	Start Server (Background)	2026-04-08T20:13:45.8469330Z .+.+..............+...+.......+...+......+.....+......+....+......+.....+...+...+.........+......+.......+...+........+....+..+.+.....+....+.....+....+......+...+.....+.+..+..........+...............+..+...+...+.+......+....................+...+....+.....+...+++++++++++++++++++++++++++++++++++++++++++++++++++++++++++++++++*..+...............+.........+...+..+..........+...+..+....+..+...+.......+.......................+.+......+.....+.........+.+..+.+...........+++++++++++++++++++++++++++++++++++++++++++++++++++++++++++++++++*......+...+....+++++++++++++++++++++++++++++++++++++++++++++++++++++++++++++++++
Security Dynamic Audit	Start Server (Background)	2026-04-08T20:13:45.8649780Z -----
Security Dynamic Audit	Start Server (Background)	2026-04-08T20:13:45.8725244Z Waiting for server to start...
Security Dynamic Audit	Start Server (Background)	2026-04-08T20:13:45.8787964Z Waiting...
Security Dynamic Audit	Start Server (Background)	2026-04-08T20:13:46.4065210Z Server is up!
Security Dynamic Audit	Run Dynamic Security Audit	﻿2026-04-08T20:13:46.4289367Z ##[group]Run go run cmd/verify/main.go audit
Security Dynamic Audit	Run Dynamic Security Audit	2026-04-08T20:13:46.4289717Z [36;1mgo run cmd/verify/main.go audit[0m
Security Dynamic Audit	Run Dynamic Security Audit	2026-04-08T20:13:46.4311265Z shell: /usr/bin/bash -e {0}
Security Dynamic Audit	Run Dynamic Security Audit	2026-04-08T20:13:46.4311491Z env:
Security Dynamic Audit	Run Dynamic Security Audit	2026-04-08T20:13:46.4311657Z   NODE_VERSION: 24
Security Dynamic Audit	Run Dynamic Security Audit	2026-04-08T20:13:46.4311864Z   FORCE_JAVASCRIPT_ACTIONS_TO_NODE24: true
Security Dynamic Audit	Run Dynamic Security Audit	2026-04-08T20:13:46.4312115Z   GOTOOLCHAIN: local
Security Dynamic Audit	Run Dynamic Security Audit	2026-04-08T20:13:46.4312301Z ##[endgroup]
Security Dynamic Audit	Run Dynamic Security Audit	2026-04-08T20:13:46.4477647Z go: downloading github.com/fsnotify/fsnotify v1.8.0
Security Dynamic Audit	Run Dynamic Security Audit	2026-04-08T20:13:46.4479740Z go: downloading github.com/pkoukk/tiktoken-go v0.1.8
Security Dynamic Audit	Run Dynamic Security Audit	2026-04-08T20:13:46.5009395Z go: downloading github.com/dlclark/regexp2 v1.11.5
Security Dynamic Audit	Run Dynamic Security Audit	2026-04-08T20:13:47.8435892Z 🛡️  Starting Security Audit...
Security Dynamic Audit	Run Dynamic Security Audit	2026-04-08T20:13:47.8436601Z --------------------------------
Security Dynamic Audit	Run Dynamic Security Audit	2026-04-08T20:13:55.7278223Z [?] Running 'Go Vet'... ✅ Passed
Security Dynamic Audit	Run Dynamic Security Audit	2026-04-08T20:13:55.7433465Z [?] Running 'Headers'... ✅ Passed
Security Dynamic Audit	Run Dynamic Security Audit	2026-04-08T20:13:55.7434373Z [?] Running 'fly.toml'... ✅ Passed
Security Dynamic Audit	Run Dynamic Security Audit	2026-04-08T20:13:55.7435244Z [?] Running 'govulncheck'... ⚠️  Skipped
Security Dynamic Audit	Run Dynamic Security Audit	2026-04-08T20:13:55.7589080Z [?] Running 'XSS'... ✅ Passed
Security Dynamic Audit	Run Dynamic Security Audit	2026-04-08T20:13:55.7589589Z --------------------------------
Security Dynamic Audit	Run Dynamic Security Audit	2026-04-08T20:13:55.7590062Z 🔒 Security Score: 100/100
Security Dynamic Audit	Post Setup Node	﻿2026-04-08T20:13:55.7715988Z Post job cleanup.
Security Dynamic Audit	Post Setup Go	﻿2026-04-08T20:13:55.9193063Z Post job cleanup.
Security Dynamic Audit	Post Setup Go	2026-04-08T20:13:56.0538015Z [command]/opt/hostedtoolcache/go/1.25.0/x64/bin/go env GOMODCACHE
Security Dynamic Audit	Post Setup Go	2026-04-08T20:13:56.0578038Z [command]/opt/hostedtoolcache/go/1.25.0/x64/bin/go env GOCACHE
Security Dynamic Audit	Post Setup Go	2026-04-08T20:13:56.0608783Z /home/runner/go/pkg/mod
Security Dynamic Audit	Post Setup Go	2026-04-08T20:13:56.0633886Z /home/runner/.cache/go-build
Security Dynamic Audit	Post Setup Go	2026-04-08T20:13:56.0836262Z [command]/usr/bin/tar --posix -cf cache.tzst --exclude cache.tzst -P -C /home/runner/work/agbalumo/agbalumo --files-from manifest.txt --use-compress-program zstdmt
Security Dynamic Audit	Post Setup Go	2026-04-08T20:13:58.2825389Z Failed to save: Unable to reserve cache with key setup-go-Linux-x64-ubuntu24-go-1.25.0-9b47a26596fc4bce154208be0bf7641ecaea646106d2d777c7b8a873afd7274a, another job may be creating this cache.
Security Dynamic Audit	Post Checkout Code	﻿2026-04-08T20:13:58.3117141Z Post job cleanup.
Security Dynamic Audit	Post Checkout Code	2026-04-08T20:13:58.3887113Z [command]/usr/bin/git version
Security Dynamic Audit	Post Checkout Code	2026-04-08T20:13:58.3923690Z git version 2.53.0
Security Dynamic Audit	Post Checkout Code	2026-04-08T20:13:58.3997874Z Temporarily overriding HOME='/home/runner/work/_temp/f5b34184-1ac4-48a0-9a5e-93fdb1eb5929' before making global git config changes
Security Dynamic Audit	Post Checkout Code	2026-04-08T20:13:58.3999471Z Adding repository directory to the temporary git global config as a safe directory
Security Dynamic Audit	Post Checkout Code	2026-04-08T20:13:58.4004711Z [command]/usr/bin/git config --global --add safe.directory /home/runner/work/agbalumo/agbalumo
Security Dynamic Audit	Post Checkout Code	2026-04-08T20:13:58.4035553Z Removing SSH command configuration
Security Dynamic Audit	Post Checkout Code	2026-04-08T20:13:58.4042081Z [command]/usr/bin/git config --local --name-only --get-regexp core\.sshCommand
Security Dynamic Audit	Post Checkout Code	2026-04-08T20:13:58.4075698Z [command]/usr/bin/git submodule foreach --recursive sh -c "git config --local --name-only --get-regexp 'core\.sshCommand' && git config --local --unset-all 'core.sshCommand' || :"
Security Dynamic Audit	Post Checkout Code	2026-04-08T20:13:58.4290942Z Removing HTTP extra header
Security Dynamic Audit	Post Checkout Code	2026-04-08T20:13:58.4296384Z [command]/usr/bin/git config --local --name-only --get-regexp http\.https\:\/\/github\.com\/\.extraheader
Security Dynamic Audit	Post Checkout Code	2026-04-08T20:13:58.4328874Z [command]/usr/bin/git submodule foreach --recursive sh -c "git config --local --name-only --get-regexp 'http\.https\:\/\/github\.com\/\.extraheader' && git config --local --unset-all 'http.https://github.com/.extraheader' || :"
Security Dynamic Audit	Post Checkout Code	2026-04-08T20:13:58.4540195Z Removing includeIf entries pointing to credentials config files
Security Dynamic Audit	Post Checkout Code	2026-04-08T20:13:58.4547174Z [command]/usr/bin/git config --local --name-only --get-regexp ^includeIf\.gitdir:
Security Dynamic Audit	Post Checkout Code	2026-04-08T20:13:58.4569508Z includeif.gitdir:/home/runner/work/agbalumo/agbalumo/.git.path
Security Dynamic Audit	Post Checkout Code	2026-04-08T20:13:58.4570329Z includeif.gitdir:/home/runner/work/agbalumo/agbalumo/.git/worktrees/*.path
Security Dynamic Audit	Post Checkout Code	2026-04-08T20:13:58.4570923Z includeif.gitdir:/github/workspace/.git.path
Security Dynamic Audit	Post Checkout Code	2026-04-08T20:13:58.4571940Z includeif.gitdir:/github/workspace/.git/worktrees/*.path
Security Dynamic Audit	Post Checkout Code	2026-04-08T20:13:58.4580728Z [command]/usr/bin/git config --local --get-all includeif.gitdir:/home/runner/work/agbalumo/agbalumo/.git.path
Security Dynamic Audit	Post Checkout Code	2026-04-08T20:13:58.4602024Z /home/runner/work/_temp/git-credentials-5f139e06-6942-4cf6-8349-819b26be8100.config
Security Dynamic Audit	Post Checkout Code	2026-04-08T20:13:58.4612039Z [command]/usr/bin/git config --local --unset includeif.gitdir:/home/runner/work/agbalumo/agbalumo/.git.path /home/runner/work/_temp/git-credentials-5f139e06-6942-4cf6-8349-819b26be8100.config
Security Dynamic Audit	Post Checkout Code	2026-04-08T20:13:58.4645236Z [command]/usr/bin/git config --local --get-all includeif.gitdir:/home/runner/work/agbalumo/agbalumo/.git/worktrees/*.path
Security Dynamic Audit	Post Checkout Code	2026-04-08T20:13:58.4667327Z /home/runner/work/_temp/git-credentials-5f139e06-6942-4cf6-8349-819b26be8100.config
Security Dynamic Audit	Post Checkout Code	2026-04-08T20:13:58.4677482Z [command]/usr/bin/git config --local --unset includeif.gitdir:/home/runner/work/agbalumo/agbalumo/.git/worktrees/*.path /home/runner/work/_temp/git-credentials-5f139e06-6942-4cf6-8349-819b26be8100.config
Security Dynamic Audit	Post Checkout Code	2026-04-08T20:13:58.4708073Z [command]/usr/bin/git config --local --get-all includeif.gitdir:/github/workspace/.git.path
Security Dynamic Audit	Post Checkout Code	2026-04-08T20:13:58.4728624Z /github/runner_temp/git-credentials-5f139e06-6942-4cf6-8349-819b26be8100.config
Security Dynamic Audit	Post Checkout Code	2026-04-08T20:13:58.4737259Z [command]/usr/bin/git config --local --unset includeif.gitdir:/github/workspace/.git.path /github/runner_temp/git-credentials-5f139e06-6942-4cf6-8349-819b26be8100.config
Security Dynamic Audit	Post Checkout Code	2026-04-08T20:13:58.4767769Z [command]/usr/bin/git config --local --get-all includeif.gitdir:/github/workspace/.git/worktrees/*.path
Security Dynamic Audit	Post Checkout Code	2026-04-08T20:13:58.4788924Z /github/runner_temp/git-credentials-5f139e06-6942-4cf6-8349-819b26be8100.config
Security Dynamic Audit	Post Checkout Code	2026-04-08T20:13:58.4798836Z [command]/usr/bin/git config --local --unset includeif.gitdir:/github/workspace/.git/worktrees/*.path /github/runner_temp/git-credentials-5f139e06-6942-4cf6-8349-819b26be8100.config
Security Dynamic Audit	Post Checkout Code	2026-04-08T20:13:58.4835628Z [command]/usr/bin/git submodule foreach --recursive git config --local --show-origin --name-only --get-regexp remote.origin.url
Security Dynamic Audit	Post Checkout Code	2026-04-08T20:13:58.5046035Z Removing credentials config '/home/runner/work/_temp/git-credentials-5f139e06-6942-4cf6-8349-819b26be8100.config'
Security Dynamic Audit	Complete job	﻿2026-04-08T20:13:58.5197066Z Cleaning up orphan processes
Security Dynamic Audit	Complete job	2026-04-08T20:13:58.5508554Z Terminate orphan process: pid (5060) (server)
Tests & Coverage	Set up job	﻿2026-04-08T20:13:00.6261783Z Current runner version: '2.333.1'
Tests & Coverage	Set up job	2026-04-08T20:13:00.6295277Z ##[group]Runner Image Provisioner
Tests & Coverage	Set up job	2026-04-08T20:13:00.6296052Z Hosted Compute Agent
Tests & Coverage	Set up job	2026-04-08T20:13:00.6296666Z Version: 20260213.493
Tests & Coverage	Set up job	2026-04-08T20:13:00.6297192Z Commit: 5c115507f6dd24b8de37d8bbe0bb4509d0cc0fa3
Tests & Coverage	Set up job	2026-04-08T20:13:00.6297804Z Build Date: 2026-02-13T00:28:41Z
Tests & Coverage	Set up job	2026-04-08T20:13:00.6298396Z Worker ID: {cad2a59a-f99b-4bd6-9c45-0b406dbf3b8c}
Tests & Coverage	Set up job	2026-04-08T20:13:00.6299057Z Azure Region: northcentralus
Tests & Coverage	Set up job	2026-04-08T20:13:00.6299548Z ##[endgroup]
Tests & Coverage	Set up job	2026-04-08T20:13:00.6301132Z ##[group]Operating System
Tests & Coverage	Set up job	2026-04-08T20:13:00.6301678Z Ubuntu
Tests & Coverage	Set up job	2026-04-08T20:13:00.6302078Z 24.04.4
Tests & Coverage	Set up job	2026-04-08T20:13:00.6302556Z LTS
Tests & Coverage	Set up job	2026-04-08T20:13:00.6302970Z ##[endgroup]
Tests & Coverage	Set up job	2026-04-08T20:13:00.6303416Z ##[group]Runner Image
Tests & Coverage	Set up job	2026-04-08T20:13:00.6303870Z Image: ubuntu-24.04
Tests & Coverage	Set up job	2026-04-08T20:13:00.6304336Z Version: 20260329.72.1
Tests & Coverage	Set up job	2026-04-08T20:13:00.6305186Z Included Software: https://github.com/actions/runner-images/blob/ubuntu24/20260329.72/images/ubuntu/Ubuntu2404-Readme.md
Tests & Coverage	Set up job	2026-04-08T20:13:00.6306679Z Image Release: https://github.com/actions/runner-images/releases/tag/ubuntu24%2F20260329.72
Tests & Coverage	Set up job	2026-04-08T20:13:00.6307470Z ##[endgroup]
Tests & Coverage	Set up job	2026-04-08T20:13:00.6309834Z ##[group]GITHUB_TOKEN Permissions
Tests & Coverage	Set up job	2026-04-08T20:13:00.6312235Z Actions: write
Tests & Coverage	Set up job	2026-04-08T20:13:00.6312812Z ArtifactMetadata: write
Tests & Coverage	Set up job	2026-04-08T20:13:00.6313317Z Attestations: write
Tests & Coverage	Set up job	2026-04-08T20:13:00.6313782Z Checks: write
Tests & Coverage	Set up job	2026-04-08T20:13:00.6314182Z Contents: write
Tests & Coverage	Set up job	2026-04-08T20:13:00.6314665Z Deployments: write
Tests & Coverage	Set up job	2026-04-08T20:13:00.6315091Z Discussions: write
Tests & Coverage	Set up job	2026-04-08T20:13:00.6315528Z Issues: write
Tests & Coverage	Set up job	2026-04-08T20:13:00.6316074Z Metadata: read
Tests & Coverage	Set up job	2026-04-08T20:13:00.6316494Z Models: read
Tests & Coverage	Set up job	2026-04-08T20:13:00.6316937Z Packages: write
Tests & Coverage	Set up job	2026-04-08T20:13:00.6317404Z Pages: write
Tests & Coverage	Set up job	2026-04-08T20:13:00.6317939Z PullRequests: write
Tests & Coverage	Set up job	2026-04-08T20:13:00.6318390Z RepositoryProjects: write
Tests & Coverage	Set up job	2026-04-08T20:13:00.6318973Z SecurityEvents: write
Tests & Coverage	Set up job	2026-04-08T20:13:00.6319463Z Statuses: write
Tests & Coverage	Set up job	2026-04-08T20:13:00.6319885Z ##[endgroup]
Tests & Coverage	Set up job	2026-04-08T20:13:00.6322255Z Secret source: Actions
Tests & Coverage	Set up job	2026-04-08T20:13:00.6322866Z Prepare workflow directory
Tests & Coverage	Set up job	2026-04-08T20:13:00.6812294Z Prepare all required actions
Tests & Coverage	Set up job	2026-04-08T20:13:00.6868672Z Getting action download info
Tests & Coverage	Set up job	2026-04-08T20:13:01.0879989Z Download action repository 'actions/checkout@de0fac2e4500dabe0009e67214ff5f5447ce83dd' (SHA:de0fac2e4500dabe0009e67214ff5f5447ce83dd)
Tests & Coverage	Set up job	2026-04-08T20:13:01.2051563Z Download action repository 'actions/setup-go@4a3601121dd01d1626a1e23e37211e3254c1c06c' (SHA:4a3601121dd01d1626a1e23e37211e3254c1c06c)
Tests & Coverage	Set up job	2026-04-08T20:13:01.6934600Z Download action repository 'actions/upload-artifact@bbbca2ddaa5d8feaa63e36b76fdaad77386f024f' (SHA:bbbca2ddaa5d8feaa63e36b76fdaad77386f024f)
Tests & Coverage	Set up job	2026-04-08T20:13:01.8662451Z Complete job name: Tests & Coverage
Tests & Coverage	Checkout Code	﻿2026-04-08T20:13:01.9406920Z ##[group]Run actions/checkout@de0fac2e4500dabe0009e67214ff5f5447ce83dd
Tests & Coverage	Checkout Code	2026-04-08T20:13:01.9409102Z with:
Tests & Coverage	Checkout Code	2026-04-08T20:13:01.9409946Z   fetch-depth: 0
Tests & Coverage	Checkout Code	2026-04-08T20:13:01.9410905Z   repository: jadecobra/agbalumo
Tests & Coverage	Checkout Code	2026-04-08T20:13:01.9412238Z   token: ***
Tests & Coverage	Checkout Code	2026-04-08T20:13:01.9412961Z   ssh-strict: true
Tests & Coverage	Checkout Code	2026-04-08T20:13:01.9413807Z   ssh-user: git
Tests & Coverage	Checkout Code	2026-04-08T20:13:01.9414643Z   persist-credentials: true
Tests & Coverage	Checkout Code	2026-04-08T20:13:01.9415503Z   clean: true
Tests & Coverage	Checkout Code	2026-04-08T20:13:01.9416361Z   sparse-checkout-cone-mode: true
Tests & Coverage	Checkout Code	2026-04-08T20:13:01.9417313Z   fetch-tags: false
Tests & Coverage	Checkout Code	2026-04-08T20:13:01.9418129Z   show-progress: true
Tests & Coverage	Checkout Code	2026-04-08T20:13:01.9418958Z   lfs: false
Tests & Coverage	Checkout Code	2026-04-08T20:13:01.9419871Z   submodules: false
Tests & Coverage	Checkout Code	2026-04-08T20:13:01.9420895Z   set-safe-directory: true
Tests & Coverage	Checkout Code	2026-04-08T20:13:01.9422192Z env:
Tests & Coverage	Checkout Code	2026-04-08T20:13:01.9422933Z   NODE_VERSION: 24
Tests & Coverage	Checkout Code	2026-04-08T20:13:01.9423773Z   FORCE_JAVASCRIPT_ACTIONS_TO_NODE24: true
Tests & Coverage	Checkout Code	2026-04-08T20:13:01.9424821Z ##[endgroup]
Tests & Coverage	Checkout Code	2026-04-08T20:13:02.0333270Z Syncing repository: jadecobra/agbalumo
Tests & Coverage	Checkout Code	2026-04-08T20:13:02.0449915Z ##[group]Getting Git version info
Tests & Coverage	Checkout Code	2026-04-08T20:13:02.0452232Z Working directory is '/home/runner/work/agbalumo/agbalumo'
Tests & Coverage	Checkout Code	2026-04-08T20:13:02.0454812Z [command]/usr/bin/git version
Tests & Coverage	Checkout Code	2026-04-08T20:13:02.0456058Z git version 2.53.0
Tests & Coverage	Checkout Code	2026-04-08T20:13:02.0458729Z ##[endgroup]
Tests & Coverage	Checkout Code	2026-04-08T20:13:02.0465085Z Temporarily overriding HOME='/home/runner/work/_temp/ad2879a8-702f-4a92-9125-5a540ae84a51' before making global git config changes
Tests & Coverage	Checkout Code	2026-04-08T20:13:02.0467536Z Adding repository directory to the temporary git global config as a safe directory
Tests & Coverage	Checkout Code	2026-04-08T20:13:02.0469504Z [command]/usr/bin/git config --global --add safe.directory /home/runner/work/agbalumo/agbalumo
Tests & Coverage	Checkout Code	2026-04-08T20:13:02.0472551Z Deleting the contents of '/home/runner/work/agbalumo/agbalumo'
Tests & Coverage	Checkout Code	2026-04-08T20:13:02.0474268Z ##[group]Initializing the repository
Tests & Coverage	Checkout Code	2026-04-08T20:13:02.0475440Z [command]/usr/bin/git init /home/runner/work/agbalumo/agbalumo
Tests & Coverage	Checkout Code	2026-04-08T20:13:02.0501285Z hint: Using 'master' as the name for the initial branch. This default branch name
Tests & Coverage	Checkout Code	2026-04-08T20:13:02.0504320Z hint: will change to "main" in Git 3.0. To configure the initial branch name
Tests & Coverage	Checkout Code	2026-04-08T20:13:02.0507082Z hint: to use in all of your new repositories, which will suppress this warning,
Tests & Coverage	Checkout Code	2026-04-08T20:13:02.0509296Z hint: call:
Tests & Coverage	Checkout Code	2026-04-08T20:13:02.0510313Z hint:
Tests & Coverage	Checkout Code	2026-04-08T20:13:02.0511811Z hint: 	git config --global init.defaultBranch <name>
Tests & Coverage	Checkout Code	2026-04-08T20:13:02.0513608Z hint:
Tests & Coverage	Checkout Code	2026-04-08T20:13:02.0515126Z hint: Names commonly chosen instead of 'master' are 'main', 'trunk' and
Tests & Coverage	Checkout Code	2026-04-08T20:13:02.0517945Z hint: 'development'. The just-created branch can be renamed via this command:
Tests & Coverage	Checkout Code	2026-04-08T20:13:02.0519880Z hint:
Tests & Coverage	Checkout Code	2026-04-08T20:13:02.0520587Z hint: 	git branch -m <name>
Tests & Coverage	Checkout Code	2026-04-08T20:13:02.0521565Z hint:
Tests & Coverage	Checkout Code	2026-04-08T20:13:02.0522714Z hint: Disable this message with "git config set advice.defaultBranchName false"
Tests & Coverage	Checkout Code	2026-04-08T20:13:02.0525566Z Initialized empty Git repository in /home/runner/work/agbalumo/agbalumo/.git/
Tests & Coverage	Checkout Code	2026-04-08T20:13:02.0528566Z [command]/usr/bin/git remote add origin https://github.com/jadecobra/agbalumo
Tests & Coverage	Checkout Code	2026-04-08T20:13:02.0541342Z ##[endgroup]
Tests & Coverage	Checkout Code	2026-04-08T20:13:02.0542649Z ##[group]Disabling automatic garbage collection
Tests & Coverage	Checkout Code	2026-04-08T20:13:02.0544234Z [command]/usr/bin/git config --local gc.auto 0
Tests & Coverage	Checkout Code	2026-04-08T20:13:02.0569340Z ##[endgroup]
Tests & Coverage	Checkout Code	2026-04-08T20:13:02.0570573Z ##[group]Setting up auth
Tests & Coverage	Checkout Code	2026-04-08T20:13:02.0571706Z Removing SSH command configuration
Tests & Coverage	Checkout Code	2026-04-08T20:13:02.0575561Z [command]/usr/bin/git config --local --name-only --get-regexp core\.sshCommand
Tests & Coverage	Checkout Code	2026-04-08T20:13:02.0601983Z [command]/usr/bin/git submodule foreach --recursive sh -c "git config --local --name-only --get-regexp 'core\.sshCommand' && git config --local --unset-all 'core.sshCommand' || :"
Tests & Coverage	Checkout Code	2026-04-08T20:13:02.0841285Z Removing HTTP extra header
Tests & Coverage	Checkout Code	2026-04-08T20:13:02.0847031Z [command]/usr/bin/git config --local --name-only --get-regexp http\.https\:\/\/github\.com\/\.extraheader
Tests & Coverage	Checkout Code	2026-04-08T20:13:02.0873686Z [command]/usr/bin/git submodule foreach --recursive sh -c "git config --local --name-only --get-regexp 'http\.https\:\/\/github\.com\/\.extraheader' && git config --local --unset-all 'http.https://github.com/.extraheader' || :"
Tests & Coverage	Checkout Code	2026-04-08T20:13:02.1037836Z Removing includeIf entries pointing to credentials config files
Tests & Coverage	Checkout Code	2026-04-08T20:13:02.1043285Z [command]/usr/bin/git config --local --name-only --get-regexp ^includeIf\.gitdir:
Tests & Coverage	Checkout Code	2026-04-08T20:13:02.1072846Z [command]/usr/bin/git submodule foreach --recursive git config --local --show-origin --name-only --get-regexp remote.origin.url
Tests & Coverage	Checkout Code	2026-04-08T20:13:02.1252653Z [command]/usr/bin/git config --file /home/runner/work/_temp/git-credentials-329288c9-072e-4921-aae9-e53bc6a22667.config http.https://github.com/.extraheader AUTHORIZATION: basic ***
Tests & Coverage	Checkout Code	2026-04-08T20:13:02.1282978Z [command]/usr/bin/git config --local includeIf.gitdir:/home/runner/work/agbalumo/agbalumo/.git.path /home/runner/work/_temp/git-credentials-329288c9-072e-4921-aae9-e53bc6a22667.config
Tests & Coverage	Checkout Code	2026-04-08T20:13:02.1307661Z [command]/usr/bin/git config --local includeIf.gitdir:/home/runner/work/agbalumo/agbalumo/.git/worktrees/*.path /home/runner/work/_temp/git-credentials-329288c9-072e-4921-aae9-e53bc6a22667.config
Tests & Coverage	Checkout Code	2026-04-08T20:13:02.1333251Z [command]/usr/bin/git config --local includeIf.gitdir:/github/workspace/.git.path /github/runner_temp/git-credentials-329288c9-072e-4921-aae9-e53bc6a22667.config
Tests & Coverage	Checkout Code	2026-04-08T20:13:02.1360528Z [command]/usr/bin/git config --local includeIf.gitdir:/github/workspace/.git/worktrees/*.path /github/runner_temp/git-credentials-329288c9-072e-4921-aae9-e53bc6a22667.config
Tests & Coverage	Checkout Code	2026-04-08T20:13:02.1382157Z ##[endgroup]
Tests & Coverage	Checkout Code	2026-04-08T20:13:02.1384154Z ##[group]Fetching the repository
Tests & Coverage	Checkout Code	2026-04-08T20:13:02.1392792Z [command]/usr/bin/git -c protocol.version=2 fetch --no-tags --prune --no-recurse-submodules origin +refs/heads/*:refs/remotes/origin/* +refs/tags/*:refs/tags/*
Tests & Coverage	Checkout Code	2026-04-08T20:13:04.3238538Z From https://github.com/jadecobra/agbalumo
Tests & Coverage	Checkout Code	2026-04-08T20:13:04.3239836Z  * [new branch]      dependabot/npm_and_yarn/picomatch-4.0.4 -> origin/dependabot/npm_and_yarn/picomatch-4.0.4
Tests & Coverage	Checkout Code	2026-04-08T20:13:04.3241631Z  * [new branch]      dependabot/uv/dot-tester/scripts/enrich_urls/requests-2.33.0 -> origin/dependabot/uv/dot-tester/scripts/enrich_urls/requests-2.33.0
Tests & Coverage	Checkout Code	2026-04-08T20:13:04.3242558Z  * [new branch]      main       -> origin/main
Tests & Coverage	Checkout Code	2026-04-08T20:13:04.3267956Z [command]/usr/bin/git branch --list --remote origin/main
Tests & Coverage	Checkout Code	2026-04-08T20:13:04.3288999Z   origin/main
Tests & Coverage	Checkout Code	2026-04-08T20:13:04.3296518Z [command]/usr/bin/git rev-parse refs/remotes/origin/main
Tests & Coverage	Checkout Code	2026-04-08T20:13:04.3314897Z f711d9f6e1881056548352d44db138e91163ffb4
Tests & Coverage	Checkout Code	2026-04-08T20:13:04.3317449Z ##[endgroup]
Tests & Coverage	Checkout Code	2026-04-08T20:13:04.3317900Z ##[group]Determining the checkout info
Tests & Coverage	Checkout Code	2026-04-08T20:13:04.3318567Z ##[endgroup]
Tests & Coverage	Checkout Code	2026-04-08T20:13:04.3322890Z [command]/usr/bin/git sparse-checkout disable
Tests & Coverage	Checkout Code	2026-04-08T20:13:04.3352560Z [command]/usr/bin/git config --local --unset-all extensions.worktreeConfig
Tests & Coverage	Checkout Code	2026-04-08T20:13:04.3376306Z ##[group]Checking out the ref
Tests & Coverage	Checkout Code	2026-04-08T20:13:04.3376993Z [command]/usr/bin/git checkout --progress --force -B main refs/remotes/origin/main
Tests & Coverage	Checkout Code	2026-04-08T20:13:04.3646958Z Switched to a new branch 'main'
Tests & Coverage	Checkout Code	2026-04-08T20:13:04.3647445Z branch 'main' set up to track 'origin/main'.
Tests & Coverage	Checkout Code	2026-04-08T20:13:04.3653203Z ##[endgroup]
Tests & Coverage	Checkout Code	2026-04-08T20:13:04.3687865Z [command]/usr/bin/git log -1 --format=%H
Tests & Coverage	Checkout Code	2026-04-08T20:13:04.3707455Z f711d9f6e1881056548352d44db138e91163ffb4
Tests & Coverage	Setup Go	﻿2026-04-08T20:13:04.3901837Z ##[group]Run actions/setup-go@4a3601121dd01d1626a1e23e37211e3254c1c06c
Tests & Coverage	Setup Go	2026-04-08T20:13:04.3902251Z with:
Tests & Coverage	Setup Go	2026-04-08T20:13:04.3902501Z   go-version-file: go.mod
Tests & Coverage	Setup Go	2026-04-08T20:13:04.3902761Z   cache: true
Tests & Coverage	Setup Go	2026-04-08T20:13:04.3902995Z   check-latest: false
Tests & Coverage	Setup Go	2026-04-08T20:13:04.3903450Z   token: ***
Tests & Coverage	Setup Go	2026-04-08T20:13:04.3903657Z env:
Tests & Coverage	Setup Go	2026-04-08T20:13:04.3903873Z   NODE_VERSION: 24
Tests & Coverage	Setup Go	2026-04-08T20:13:04.3904122Z   FORCE_JAVASCRIPT_ACTIONS_TO_NODE24: true
Tests & Coverage	Setup Go	2026-04-08T20:13:04.3904446Z ##[endgroup]
Tests & Coverage	Setup Go	2026-04-08T20:13:04.5260253Z Setup go version spec 1.25.0
Tests & Coverage	Setup Go	2026-04-08T20:13:04.5269336Z Attempting to download 1.25.0...
Tests & Coverage	Setup Go	2026-04-08T20:13:05.0402250Z matching 1.25.0...
Tests & Coverage	Setup Go	2026-04-08T20:13:05.0446506Z Acquiring 1.25.0 from https://github.com/actions/go-versions/releases/download/1.25.0-16925932082/go-1.25.0-linux-x64.tar.gz
Tests & Coverage	Setup Go	2026-04-08T20:13:05.4380290Z Extracting Go...
Tests & Coverage	Setup Go	2026-04-08T20:13:05.4469497Z [command]/usr/bin/tar xz --warning=no-unknown-keyword --overwrite -C /home/runner/work/_temp/3c0daa99-75cb-4902-9de9-71ec69d6eb91 -f /home/runner/work/_temp/2e130c10-1b14-4214-bd9e-4f283c4e8097
Tests & Coverage	Setup Go	2026-04-08T20:13:06.7362423Z Successfully extracted go to /home/runner/work/_temp/3c0daa99-75cb-4902-9de9-71ec69d6eb91
Tests & Coverage	Setup Go	2026-04-08T20:13:06.7363087Z Adding to the cache ...
Tests & Coverage	Setup Go	2026-04-08T20:13:10.1230276Z Successfully cached go to /opt/hostedtoolcache/go/1.25.0/x64
Tests & Coverage	Setup Go	2026-04-08T20:13:10.1232054Z Added go to the path
Tests & Coverage	Setup Go	2026-04-08T20:13:10.1234470Z Successfully set up Go version 1.25.0
Tests & Coverage	Setup Go	2026-04-08T20:13:10.1404540Z [command]/opt/hostedtoolcache/go/1.25.0/x64/bin/go env GOMODCACHE
Tests & Coverage	Setup Go	2026-04-08T20:13:10.1427291Z [command]/opt/hostedtoolcache/go/1.25.0/x64/bin/go env GOCACHE
Tests & Coverage	Setup Go	2026-04-08T20:13:10.1455217Z /home/runner/go/pkg/mod
Tests & Coverage	Setup Go	2026-04-08T20:13:10.1469459Z /home/runner/.cache/go-build
Tests & Coverage	Setup Go	2026-04-08T20:13:10.2492763Z Cache is not found
Tests & Coverage	Setup Go	2026-04-08T20:13:10.2514865Z go version go1.25.0 linux/amd64
Tests & Coverage	Setup Go	2026-04-08T20:13:10.2515323Z 
Tests & Coverage	Setup Go	2026-04-08T20:13:10.2515604Z ##[group]go env
Tests & Coverage	Setup Go	2026-04-08T20:13:10.3570192Z AR='ar'
Tests & Coverage	Setup Go	2026-04-08T20:13:10.3570600Z CC='gcc'
Tests & Coverage	Setup Go	2026-04-08T20:13:10.3571137Z CGO_CFLAGS='-O2 -g'
Tests & Coverage	Setup Go	2026-04-08T20:13:10.3571356Z CGO_CPPFLAGS=''
Tests & Coverage	Setup Go	2026-04-08T20:13:10.3571555Z CGO_CXXFLAGS='-O2 -g'
Tests & Coverage	Setup Go	2026-04-08T20:13:10.3571760Z CGO_ENABLED='1'
Tests & Coverage	Setup Go	2026-04-08T20:13:10.3571965Z CGO_FFLAGS='-O2 -g'
Tests & Coverage	Setup Go	2026-04-08T20:13:10.3572154Z CGO_LDFLAGS='-O2 -g'
Tests & Coverage	Setup Go	2026-04-08T20:13:10.3572343Z CXX='g++'
Tests & Coverage	Setup Go	2026-04-08T20:13:10.3572534Z GCCGO='gccgo'
Tests & Coverage	Setup Go	2026-04-08T20:13:10.3572716Z GO111MODULE=''
Tests & Coverage	Setup Go	2026-04-08T20:13:10.3572886Z GOAMD64='v1'
Tests & Coverage	Setup Go	2026-04-08T20:13:10.3573087Z GOARCH='amd64'
Tests & Coverage	Setup Go	2026-04-08T20:13:10.3573260Z GOAUTH='netrc'
Tests & Coverage	Setup Go	2026-04-08T20:13:10.3573430Z GOBIN=''
Tests & Coverage	Setup Go	2026-04-08T20:13:10.3573676Z GOCACHE='/home/runner/.cache/go-build'
Tests & Coverage	Setup Go	2026-04-08T20:13:10.3574047Z GOCACHEPROG=''
Tests & Coverage	Setup Go	2026-04-08T20:13:10.3574291Z GODEBUG=''
Tests & Coverage	Setup Go	2026-04-08T20:13:10.3574574Z GOENV='/home/runner/.config/go/env'
Tests & Coverage	Setup Go	2026-04-08T20:13:10.3574931Z GOEXE=''
Tests & Coverage	Setup Go	2026-04-08T20:13:10.3575198Z GOEXPERIMENT=''
Tests & Coverage	Setup Go	2026-04-08T20:13:10.3575513Z GOFIPS140='off'
Tests & Coverage	Setup Go	2026-04-08T20:13:10.3575784Z GOFLAGS=''
Tests & Coverage	Setup Go	2026-04-08T20:13:10.3576392Z GOGCCFLAGS='-fPIC -m64 -pthread -Wl,--no-gc-sections -fmessage-length=0 -ffile-prefix-map=/tmp/go-build2344492124=/tmp/go-build -gno-record-gcc-switches'
Tests & Coverage	Setup Go	2026-04-08T20:13:10.3577109Z GOHOSTARCH='amd64'
Tests & Coverage	Setup Go	2026-04-08T20:13:10.3577319Z GOHOSTOS='linux'
Tests & Coverage	Setup Go	2026-04-08T20:13:10.3577533Z GOINSECURE=''
Tests & Coverage	Setup Go	2026-04-08T20:13:10.3577815Z GOMOD='/home/runner/work/agbalumo/agbalumo/go.mod'
Tests & Coverage	Setup Go	2026-04-08T20:13:10.3578119Z GOMODCACHE='/home/runner/go/pkg/mod'
Tests & Coverage	Setup Go	2026-04-08T20:13:10.3578355Z GONOPROXY=''
Tests & Coverage	Setup Go	2026-04-08T20:13:10.3578533Z GONOSUMDB=''
Tests & Coverage	Setup Go	2026-04-08T20:13:10.3578696Z GOOS='linux'
Tests & Coverage	Setup Go	2026-04-08T20:13:10.3578877Z GOPATH='/home/runner/go'
Tests & Coverage	Setup Go	2026-04-08T20:13:10.3579072Z GOPRIVATE=''
Tests & Coverage	Setup Go	2026-04-08T20:13:10.3579319Z GOPROXY='https://proxy.golang.org,direct'
Tests & Coverage	Setup Go	2026-04-08T20:13:10.3579610Z GOROOT='/opt/hostedtoolcache/go/1.25.0/x64'
Tests & Coverage	Setup Go	2026-04-08T20:13:10.3579873Z GOSUMDB='sum.golang.org'
Tests & Coverage	Setup Go	2026-04-08T20:13:10.3580088Z GOTELEMETRY='local'
Tests & Coverage	Setup Go	2026-04-08T20:13:10.3580331Z GOTELEMETRYDIR='/home/runner/.config/go/telemetry'
Tests & Coverage	Setup Go	2026-04-08T20:13:10.3580598Z GOTMPDIR=''
Tests & Coverage	Setup Go	2026-04-08T20:13:10.3580978Z GOTOOLCHAIN='local'
Tests & Coverage	Setup Go	2026-04-08T20:13:10.3581483Z GOTOOLDIR='/opt/hostedtoolcache/go/1.25.0/x64/pkg/tool/linux_amd64'
Tests & Coverage	Setup Go	2026-04-08T20:13:10.3581792Z GOVCS=''
Tests & Coverage	Setup Go	2026-04-08T20:13:10.3581967Z GOVERSION='go1.25.0'
Tests & Coverage	Setup Go	2026-04-08T20:13:10.3582148Z GOWORK=''
Tests & Coverage	Setup Go	2026-04-08T20:13:10.3582339Z PKG_CONFIG='pkg-config'
Tests & Coverage	Setup Go	2026-04-08T20:13:10.3582468Z 
Tests & Coverage	Setup Go	2026-04-08T20:13:10.3582788Z ##[endgroup]
Tests & Coverage	Run Tests with Coverage	﻿2026-04-08T20:13:10.3695333Z ##[group]Run mkdir -p .tester/coverage
Tests & Coverage	Run Tests with Coverage	2026-04-08T20:13:10.3695747Z [36;1mmkdir -p .tester/coverage[0m
Tests & Coverage	Run Tests with Coverage	2026-04-08T20:13:10.3696188Z [36;1mgo test -race -coverprofile=.tester/coverage/coverage.out -count=1 ./...[0m
Tests & Coverage	Run Tests with Coverage	2026-04-08T20:13:10.3719667Z shell: /usr/bin/bash -e {0}
Tests & Coverage	Run Tests with Coverage	2026-04-08T20:13:10.3719938Z env:
Tests & Coverage	Run Tests with Coverage	2026-04-08T20:13:10.3720109Z   NODE_VERSION: 24
Tests & Coverage	Run Tests with Coverage	2026-04-08T20:13:10.3720329Z   FORCE_JAVASCRIPT_ACTIONS_TO_NODE24: true
Tests & Coverage	Run Tests with Coverage	2026-04-08T20:13:10.3720578Z   GOTOOLCHAIN: local
Tests & Coverage	Run Tests with Coverage	2026-04-08T20:13:10.3721153Z ##[endgroup]
Tests & Coverage	Run Tests with Coverage	2026-04-08T20:13:10.4117472Z go: downloading github.com/spf13/cobra v1.10.2
Tests & Coverage	Run Tests with Coverage	2026-04-08T20:13:10.4117996Z go: downloading github.com/labstack/echo/v4 v4.15.0
Tests & Coverage	Run Tests with Coverage	2026-04-08T20:13:10.4118343Z go: downloading github.com/stretchr/testify v1.11.1
Tests & Coverage	Run Tests with Coverage	2026-04-08T20:13:10.4118666Z go: downloading github.com/google/uuid v1.6.0
Tests & Coverage	Run Tests with Coverage	2026-04-08T20:13:10.4719930Z go: downloading github.com/joho/godotenv v1.5.1
Tests & Coverage	Run Tests with Coverage	2026-04-08T20:13:10.4838897Z go: downloading github.com/gorilla/sessions v1.4.0
Tests & Coverage	Run Tests with Coverage	2026-04-08T20:13:10.4926144Z go: downloading golang.org/x/time v0.14.0
Tests & Coverage	Run Tests with Coverage	2026-04-08T20:13:10.5036538Z go: downloading github.com/fsnotify/fsnotify v1.8.0
Tests & Coverage	Run Tests with Coverage	2026-04-08T20:13:10.5039216Z go: downloading golang.org/x/oauth2 v0.34.0
Tests & Coverage	Run Tests with Coverage	2026-04-08T20:13:10.5039892Z go: downloading github.com/pkoukk/tiktoken-go v0.1.8
Tests & Coverage	Run Tests with Coverage	2026-04-08T20:13:10.5504480Z go: downloading github.com/gen2brain/webp v0.5.5
Tests & Coverage	Run Tests with Coverage	2026-04-08T20:13:10.5514490Z go: downloading modernc.org/sqlite v1.44.3
Tests & Coverage	Run Tests with Coverage	2026-04-08T20:13:10.5642816Z go: downloading golang.org/x/image v0.38.0
Tests & Coverage	Run Tests with Coverage	2026-04-08T20:13:10.5948520Z go: downloading github.com/davecgh/go-spew v1.1.2-0.20180830191138-d8f796af33cc
Tests & Coverage	Run Tests with Coverage	2026-04-08T20:13:10.5958290Z go: downloading github.com/pmezard/go-difflib v1.0.1-0.20181226105442-5d4384ee4fb2
Tests & Coverage	Run Tests with Coverage	2026-04-08T20:13:10.6086964Z go: downloading github.com/spf13/pflag v1.0.10
Tests & Coverage	Run Tests with Coverage	2026-04-08T20:13:10.6117515Z go: downloading github.com/gorilla/securecookie v1.1.2
Tests & Coverage	Run Tests with Coverage	2026-04-08T20:13:10.6240496Z go: downloading github.com/labstack/gommon v0.4.2
Tests & Coverage	Run Tests with Coverage	2026-04-08T20:13:10.7417165Z go: downloading golang.org/x/crypto v0.49.0
Tests & Coverage	Run Tests with Coverage	2026-04-08T20:13:10.8163841Z go: downloading golang.org/x/net v0.52.0
Tests & Coverage	Run Tests with Coverage	2026-04-08T20:13:10.9083344Z go: downloading github.com/valyala/fasttemplate v1.2.2
Tests & Coverage	Run Tests with Coverage	2026-04-08T20:13:10.9279065Z go: downloading github.com/dlclark/regexp2 v1.11.5
Tests & Coverage	Run Tests with Coverage	2026-04-08T20:13:11.0189802Z go: downloading github.com/stretchr/objx v0.5.3
Tests & Coverage	Run Tests with Coverage	2026-04-08T20:13:11.0227972Z go: downloading golang.org/x/sys v0.42.0
Tests & Coverage	Run Tests with Coverage	2026-04-08T20:13:11.0395418Z go: downloading cloud.google.com/go/compute/metadata v0.9.0
Tests & Coverage	Run Tests with Coverage	2026-04-08T20:13:11.0724076Z go: downloading github.com/ebitengine/purego v0.10.0
Tests & Coverage	Run Tests with Coverage	2026-04-08T20:13:11.0885461Z go: downloading github.com/tetratelabs/wazero v1.9.0
Tests & Coverage	Run Tests with Coverage	2026-04-08T20:13:11.1945605Z go: downloading gopkg.in/yaml.v3 v3.0.1
Tests & Coverage	Run Tests with Coverage	2026-04-08T20:13:11.2095311Z go: downloading github.com/mattn/go-colorable v0.1.14
Tests & Coverage	Run Tests with Coverage	2026-04-08T20:13:11.2211374Z go: downloading github.com/mattn/go-isatty v0.0.20
Tests & Coverage	Run Tests with Coverage	2026-04-08T20:13:11.2293633Z go: downloading github.com/valyala/bytebufferpool v1.0.0
Tests & Coverage	Run Tests with Coverage	2026-04-08T20:13:11.2573128Z go: downloading golang.org/x/text v0.35.0
Tests & Coverage	Run Tests with Coverage	2026-04-08T20:13:13.3797258Z go: downloading modernc.org/libc v1.68.0
Tests & Coverage	Run Tests with Coverage	2026-04-08T20:13:14.6339684Z go: downloading modernc.org/mathutil v1.7.1
Tests & Coverage	Run Tests with Coverage	2026-04-08T20:13:14.6340343Z go: downloading github.com/dustin/go-humanize v1.0.1
Tests & Coverage	Run Tests with Coverage	2026-04-08T20:13:14.6341006Z go: downloading golang.org/x/exp v0.0.0-20251023183803-a4bb9ffd2546
Tests & Coverage	Run Tests with Coverage	2026-04-08T20:13:14.6341369Z go: downloading modernc.org/memory v1.11.0
Tests & Coverage	Run Tests with Coverage	2026-04-08T20:13:14.6817814Z go: downloading github.com/remyoudompheng/bigfft v0.0.0-20230129092748-24d4a6f8daec
Tests & Coverage	Run Tests with Coverage	2026-04-08T20:13:59.3209022Z 	github.com/jadecobra/agbalumo		coverage: 0.0% of statements
Tests & Coverage	Run Tests with Coverage	2026-04-08T20:14:04.2719051Z ok  	github.com/jadecobra/agbalumo/cmd	3.903s	coverage: 65.9% of statements
Tests & Coverage	Run Tests with Coverage	2026-04-08T20:14:04.2719608Z ok  	github.com/jadecobra/agbalumo/cmd/aglog	1.019s	coverage: 94.3% of statements
Tests & Coverage	Run Tests with Coverage	2026-04-08T20:14:04.2720086Z 	github.com/jadecobra/agbalumo/cmd/verify		coverage: 0.0% of statements
Tests & Coverage	Run Tests with Coverage	2026-04-08T20:14:04.2720995Z ok  	github.com/jadecobra/agbalumo/internal/common	1.058s	coverage: 95.5% of statements
Tests & Coverage	Run Tests with Coverage	2026-04-08T20:14:04.2722096Z ok  	github.com/jadecobra/agbalumo/internal/config	1.014s	coverage: 92.6% of statements
Tests & Coverage	Run Tests with Coverage	2026-04-08T20:14:04.2722797Z ok  	github.com/jadecobra/agbalumo/internal/domain	1.019s	coverage: 90.0% of statements
Tests & Coverage	Run Tests with Coverage	2026-04-08T20:14:04.2725415Z ok  	github.com/jadecobra/agbalumo/internal/history	1.010s	coverage: 100.0% of statements
Tests & Coverage	Run Tests with Coverage	2026-04-08T20:14:04.2727926Z 	github.com/jadecobra/agbalumo/internal/infra/env		coverage: 0.0% of statements
Tests & Coverage	Run Tests with Coverage	2026-04-08T20:14:04.3174360Z ok  	github.com/jadecobra/agbalumo/internal/infra/server	1.014s	coverage: 7.9% of statements
Tests & Coverage	Run Tests with Coverage	2026-04-08T20:14:11.9600248Z ok  	github.com/jadecobra/agbalumo/internal/maintenance	8.236s	coverage: 49.4% of statements
Tests & Coverage	Run Tests with Coverage	2026-04-08T20:14:11.9601673Z ok  	github.com/jadecobra/agbalumo/internal/middleware	1.015s	coverage: 98.1% of statements
Tests & Coverage	Run Tests with Coverage	2026-04-08T20:14:11.9602859Z ok  	github.com/jadecobra/agbalumo/internal/module/admin	5.543s	coverage: 90.5% of statements
Tests & Coverage	Run Tests with Coverage	2026-04-08T20:14:11.9603992Z ok  	github.com/jadecobra/agbalumo/internal/module/auth	2.094s	coverage: 82.4% of statements
Tests & Coverage	Run Tests with Coverage	2026-04-08T20:14:11.9605205Z ok  	github.com/jadecobra/agbalumo/internal/module/feedback	1.308s	coverage: 75.0% of statements
Tests & Coverage	Run Tests with Coverage	2026-04-08T20:14:14.6134382Z ok  	github.com/jadecobra/agbalumo/internal/module/listing	5.035s	coverage: 85.5% of statements
Tests & Coverage	Run Tests with Coverage	2026-04-08T20:14:14.6137524Z ok  	github.com/jadecobra/agbalumo/internal/module/user	1.024s	coverage: 73.3% of statements
Tests & Coverage	Run Tests with Coverage	2026-04-08T20:14:14.6140534Z ok  	github.com/jadecobra/agbalumo/internal/repository/cached	1.025s	coverage: 100.0% of statements
Tests & Coverage	Run Tests with Coverage	2026-04-08T20:15:32.1669528Z ok  	github.com/jadecobra/agbalumo/internal/repository/sqlite	79.351s	coverage: 83.2% of statements
Tests & Coverage	Run Tests with Coverage	2026-04-08T20:15:32.1670397Z ok  	github.com/jadecobra/agbalumo/internal/security	4.337s	coverage: [no statements]
Tests & Coverage	Run Tests with Coverage	2026-04-08T20:15:32.1671082Z ok  	github.com/jadecobra/agbalumo/internal/seeder	2.609s	coverage: 91.7% of statements
Tests & Coverage	Run Tests with Coverage	2026-04-08T20:15:32.1671709Z ok  	github.com/jadecobra/agbalumo/internal/service	4.497s	coverage: 87.2% of statements
Tests & Coverage	Run Tests with Coverage	2026-04-08T20:15:32.1672315Z 	github.com/jadecobra/agbalumo/internal/testutil		coverage: 0.0% of statements
Tests & Coverage	Run Tests with Coverage	2026-04-08T20:15:32.1672914Z ok  	github.com/jadecobra/agbalumo/internal/testutil/stubs	1.011s	coverage: 100.0% of statements
Tests & Coverage	Run Tests with Coverage	2026-04-08T20:15:32.1673597Z ok  	github.com/jadecobra/agbalumo/internal/ui	1.252s	coverage: 77.7% of statements
Tests & Coverage	Run Tests with Coverage	2026-04-08T20:15:32.1674232Z ok  	github.com/jadecobra/agbalumo/internal/util	1.016s	coverage: 94.7% of statements
Tests & Coverage	Verify Coverage Threshold (Refactored)	﻿2026-04-08T20:15:32.2290279Z ##[group]Run go run cmd/verify/main.go coverage
Tests & Coverage	Verify Coverage Threshold (Refactored)	2026-04-08T20:15:32.2290775Z [36;1mgo run cmd/verify/main.go coverage[0m
Tests & Coverage	Verify Coverage Threshold (Refactored)	2026-04-08T20:15:32.2306804Z shell: /usr/bin/bash -e {0}
Tests & Coverage	Verify Coverage Threshold (Refactored)	2026-04-08T20:15:32.2307042Z env:
Tests & Coverage	Verify Coverage Threshold (Refactored)	2026-04-08T20:15:32.2307218Z   NODE_VERSION: 24
Tests & Coverage	Verify Coverage Threshold (Refactored)	2026-04-08T20:15:32.2307432Z   FORCE_JAVASCRIPT_ACTIONS_TO_NODE24: true
Tests & Coverage	Verify Coverage Threshold (Refactored)	2026-04-08T20:15:32.2307678Z   GOTOOLCHAIN: local
Tests & Coverage	Verify Coverage Threshold (Refactored)	2026-04-08T20:15:32.2307875Z ##[endgroup]
Tests & Coverage	Verify Coverage Threshold (Refactored)	2026-04-08T20:15:39.7962823Z 🛡️ Checking Coverage Anti-Degradation (.metrics/coverage)...
Tests & Coverage	Verify Coverage Threshold (Refactored)	2026-04-08T20:15:39.7978263Z ✅ Coverage threshold check passed.
Tests & Coverage	Upload Coverage Artifact	﻿2026-04-08T20:15:39.8188219Z ##[group]Run actions/upload-artifact@bbbca2ddaa5d8feaa63e36b76fdaad77386f024f
Tests & Coverage	Upload Coverage Artifact	2026-04-08T20:15:39.8188604Z with:
Tests & Coverage	Upload Coverage Artifact	2026-04-08T20:15:39.8188781Z   name: coverage-report
Tests & Coverage	Upload Coverage Artifact	2026-04-08T20:15:39.8189012Z   path: .tester/coverage/coverage.out
Tests & Coverage	Upload Coverage Artifact	2026-04-08T20:15:39.8189267Z   retention-days: 14
Tests & Coverage	Upload Coverage Artifact	2026-04-08T20:15:39.8189467Z   if-no-files-found: warn
Tests & Coverage	Upload Coverage Artifact	2026-04-08T20:15:39.8189685Z   compression-level: 6
Tests & Coverage	Upload Coverage Artifact	2026-04-08T20:15:39.8189892Z   overwrite: false
Tests & Coverage	Upload Coverage Artifact	2026-04-08T20:15:39.8190088Z   include-hidden-files: false
Tests & Coverage	Upload Coverage Artifact	2026-04-08T20:15:39.8190294Z   archive: true
Tests & Coverage	Upload Coverage Artifact	2026-04-08T20:15:39.8190468Z env:
Tests & Coverage	Upload Coverage Artifact	2026-04-08T20:15:39.8190775Z   NODE_VERSION: 24
Tests & Coverage	Upload Coverage Artifact	2026-04-08T20:15:39.8191089Z   FORCE_JAVASCRIPT_ACTIONS_TO_NODE24: true
Tests & Coverage	Upload Coverage Artifact	2026-04-08T20:15:39.8191331Z   GOTOOLCHAIN: local
Tests & Coverage	Upload Coverage Artifact	2026-04-08T20:15:39.8191518Z ##[endgroup]
Tests & Coverage	Upload Coverage Artifact	2026-04-08T20:15:39.9482298Z With the provided path, there will be 1 file uploaded
Tests & Coverage	Upload Coverage Artifact	2026-04-08T20:15:39.9486993Z Artifact name is valid!
Tests & Coverage	Upload Coverage Artifact	2026-04-08T20:15:39.9487459Z Root directory input is valid!
Tests & Coverage	Upload Coverage Artifact	2026-04-08T20:15:40.0390353Z Uploading artifact: coverage-report.zip
Tests & Coverage	Upload Coverage Artifact	2026-04-08T20:15:40.0430900Z Beginning upload of artifact content to blob storage
Tests & Coverage	Upload Coverage Artifact	2026-04-08T20:15:40.1825412Z Uploaded bytes 19599
Tests & Coverage	Upload Coverage Artifact	2026-04-08T20:15:40.2118514Z Finished uploading artifact content to blob storage!
Tests & Coverage	Upload Coverage Artifact	2026-04-08T20:15:40.2120818Z SHA256 digest of uploaded artifact is 6876a3fd5dd134d3e529657e211bbac5293cb0d49a86259cf96b6d6bda507ba5
Tests & Coverage	Upload Coverage Artifact	2026-04-08T20:15:40.2122138Z Finalizing artifact upload
Tests & Coverage	Upload Coverage Artifact	2026-04-08T20:15:40.4496567Z Artifact coverage-report successfully finalized. Artifact ID 6336286055
Tests & Coverage	Upload Coverage Artifact	2026-04-08T20:15:40.4497348Z Artifact coverage-report has been successfully uploaded! Final size is 19599 bytes. Artifact ID is 6336286055
Tests & Coverage	Upload Coverage Artifact	2026-04-08T20:15:40.4500257Z Artifact download URL: https://github.com/jadecobra/agbalumo/actions/runs/24156332564/artifacts/6336286055
Tests & Coverage	Post Setup Go	﻿2026-04-08T20:15:40.4620008Z Post job cleanup.
Tests & Coverage	Post Setup Go	2026-04-08T20:15:40.5952301Z [command]/opt/hostedtoolcache/go/1.25.0/x64/bin/go env GOMODCACHE
Tests & Coverage	Post Setup Go	2026-04-08T20:15:40.5988839Z [command]/opt/hostedtoolcache/go/1.25.0/x64/bin/go env GOCACHE
Tests & Coverage	Post Setup Go	2026-04-08T20:15:40.6013874Z /home/runner/go/pkg/mod
Tests & Coverage	Post Setup Go	2026-04-08T20:15:40.6035200Z /home/runner/.cache/go-build
Tests & Coverage	Post Setup Go	2026-04-08T20:15:40.6226654Z [command]/usr/bin/tar --posix -cf cache.tzst --exclude cache.tzst -P -C /home/runner/work/agbalumo/agbalumo --files-from manifest.txt --use-compress-program zstdmt
Tests & Coverage	Post Setup Go	2026-04-08T20:15:43.1248819Z Failed to save: Unable to reserve cache with key setup-go-Linux-x64-ubuntu24-go-1.25.0-9b47a26596fc4bce154208be0bf7641ecaea646106d2d777c7b8a873afd7274a, another job may be creating this cache.
Tests & Coverage	Post Checkout Code	﻿2026-04-08T20:15:43.1495843Z Post job cleanup.
Tests & Coverage	Post Checkout Code	2026-04-08T20:15:43.2251497Z [command]/usr/bin/git version
Tests & Coverage	Post Checkout Code	2026-04-08T20:15:43.2286544Z git version 2.53.0
Tests & Coverage	Post Checkout Code	2026-04-08T20:15:43.2322731Z Temporarily overriding HOME='/home/runner/work/_temp/17279e95-1d06-4aa9-8d38-bc08b4fc4df5' before making global git config changes
Tests & Coverage	Post Checkout Code	2026-04-08T20:15:43.2323547Z Adding repository directory to the temporary git global config as a safe directory
Tests & Coverage	Post Checkout Code	2026-04-08T20:15:43.2328090Z [command]/usr/bin/git config --global --add safe.directory /home/runner/work/agbalumo/agbalumo
Tests & Coverage	Post Checkout Code	2026-04-08T20:15:43.2355659Z Removing SSH command configuration
Tests & Coverage	Post Checkout Code	2026-04-08T20:15:43.2362105Z [command]/usr/bin/git config --local --name-only --get-regexp core\.sshCommand
Tests & Coverage	Post Checkout Code	2026-04-08T20:15:43.2393127Z [command]/usr/bin/git submodule foreach --recursive sh -c "git config --local --name-only --get-regexp 'core\.sshCommand' && git config --local --unset-all 'core.sshCommand' || :"
Tests & Coverage	Post Checkout Code	2026-04-08T20:15:43.2575641Z Removing HTTP extra header
Tests & Coverage	Post Checkout Code	2026-04-08T20:15:43.2580856Z [command]/usr/bin/git config --local --name-only --get-regexp http\.https\:\/\/github\.com\/\.extraheader
Tests & Coverage	Post Checkout Code	2026-04-08T20:15:43.2612579Z [command]/usr/bin/git submodule foreach --recursive sh -c "git config --local --name-only --get-regexp 'http\.https\:\/\/github\.com\/\.extraheader' && git config --local --unset-all 'http.https://github.com/.extraheader' || :"
Tests & Coverage	Post Checkout Code	2026-04-08T20:15:43.2793017Z Removing includeIf entries pointing to credentials config files
Tests & Coverage	Post Checkout Code	2026-04-08T20:15:43.2799680Z [command]/usr/bin/git config --local --name-only --get-regexp ^includeIf\.gitdir:
Tests & Coverage	Post Checkout Code	2026-04-08T20:15:43.2822742Z includeif.gitdir:/home/runner/work/agbalumo/agbalumo/.git.path
Tests & Coverage	Post Checkout Code	2026-04-08T20:15:43.2823658Z includeif.gitdir:/home/runner/work/agbalumo/agbalumo/.git/worktrees/*.path
Tests & Coverage	Post Checkout Code	2026-04-08T20:15:43.2824324Z includeif.gitdir:/github/workspace/.git.path
Tests & Coverage	Post Checkout Code	2026-04-08T20:15:43.2824868Z includeif.gitdir:/github/workspace/.git/worktrees/*.path
Tests & Coverage	Post Checkout Code	2026-04-08T20:15:43.2831945Z [command]/usr/bin/git config --local --get-all includeif.gitdir:/home/runner/work/agbalumo/agbalumo/.git.path
Tests & Coverage	Post Checkout Code	2026-04-08T20:15:43.2851660Z /home/runner/work/_temp/git-credentials-329288c9-072e-4921-aae9-e53bc6a22667.config
Tests & Coverage	Post Checkout Code	2026-04-08T20:15:43.2861004Z [command]/usr/bin/git config --local --unset includeif.gitdir:/home/runner/work/agbalumo/agbalumo/.git.path /home/runner/work/_temp/git-credentials-329288c9-072e-4921-aae9-e53bc6a22667.config
Tests & Coverage	Post Checkout Code	2026-04-08T20:15:43.2893665Z [command]/usr/bin/git config --local --get-all includeif.gitdir:/home/runner/work/agbalumo/agbalumo/.git/worktrees/*.path
Tests & Coverage	Post Checkout Code	2026-04-08T20:15:43.2913932Z /home/runner/work/_temp/git-credentials-329288c9-072e-4921-aae9-e53bc6a22667.config
Tests & Coverage	Post Checkout Code	2026-04-08T20:15:43.2922074Z [command]/usr/bin/git config --local --unset includeif.gitdir:/home/runner/work/agbalumo/agbalumo/.git/worktrees/*.path /home/runner/work/_temp/git-credentials-329288c9-072e-4921-aae9-e53bc6a22667.config
Tests & Coverage	Post Checkout Code	2026-04-08T20:15:43.2952110Z [command]/usr/bin/git config --local --get-all includeif.gitdir:/github/workspace/.git.path
Tests & Coverage	Post Checkout Code	2026-04-08T20:15:43.2994910Z /github/runner_temp/git-credentials-329288c9-072e-4921-aae9-e53bc6a22667.config
Tests & Coverage	Post Checkout Code	2026-04-08T20:15:43.3001367Z [command]/usr/bin/git config --local --unset includeif.gitdir:/github/workspace/.git.path /github/runner_temp/git-credentials-329288c9-072e-4921-aae9-e53bc6a22667.config
Tests & Coverage	Post Checkout Code	2026-04-08T20:15:43.3030400Z [command]/usr/bin/git config --local --get-all includeif.gitdir:/github/workspace/.git/worktrees/*.path
Tests & Coverage	Post Checkout Code	2026-04-08T20:15:43.3048785Z /github/runner_temp/git-credentials-329288c9-072e-4921-aae9-e53bc6a22667.config
Tests & Coverage	Post Checkout Code	2026-04-08T20:15:43.3056686Z [command]/usr/bin/git config --local --unset includeif.gitdir:/github/workspace/.git/worktrees/*.path /github/runner_temp/git-credentials-329288c9-072e-4921-aae9-e53bc6a22667.config
Tests & Coverage	Post Checkout Code	2026-04-08T20:15:43.3084311Z [command]/usr/bin/git submodule foreach --recursive git config --local --show-origin --name-only --get-regexp remote.origin.url
Tests & Coverage	Post Checkout Code	2026-04-08T20:15:43.3256328Z Removing credentials config '/home/runner/work/_temp/git-credentials-329288c9-072e-4921-aae9-e53bc6a22667.config'
Tests & Coverage	Complete job	﻿2026-04-08T20:15:43.3375286Z Cleaning up orphan processes
Security Static Analysis	Set up job	﻿2026-04-08T20:13:00.9982019Z Current runner version: '2.333.1'
Security Static Analysis	Set up job	2026-04-08T20:13:01.0006483Z ##[group]Runner Image Provisioner
Security Static Analysis	Set up job	2026-04-08T20:13:01.0007276Z Hosted Compute Agent
Security Static Analysis	Set up job	2026-04-08T20:13:01.0007793Z Version: 20260213.493
Security Static Analysis	Set up job	2026-04-08T20:13:01.0008717Z Commit: 5c115507f6dd24b8de37d8bbe0bb4509d0cc0fa3
Security Static Analysis	Set up job	2026-04-08T20:13:01.0009488Z Build Date: 2026-02-13T00:28:41Z
Security Static Analysis	Set up job	2026-04-08T20:13:01.0010164Z Worker ID: {f0117628-8f6d-455a-9bf6-6b7ca65ce47f}
Security Static Analysis	Set up job	2026-04-08T20:13:01.0010892Z Azure Region: eastus
Security Static Analysis	Set up job	2026-04-08T20:13:01.0011415Z ##[endgroup]
Security Static Analysis	Set up job	2026-04-08T20:13:01.0012843Z ##[group]Operating System
Security Static Analysis	Set up job	2026-04-08T20:13:01.0013476Z Ubuntu
Security Static Analysis	Set up job	2026-04-08T20:13:01.0013947Z 24.04.4
Security Static Analysis	Set up job	2026-04-08T20:13:01.0014394Z LTS
Security Static Analysis	Set up job	2026-04-08T20:13:01.0014878Z ##[endgroup]
Security Static Analysis	Set up job	2026-04-08T20:13:01.0015348Z ##[group]Runner Image
Security Static Analysis	Set up job	2026-04-08T20:13:01.0015890Z Image: ubuntu-24.04
Security Static Analysis	Set up job	2026-04-08T20:13:01.0016417Z Version: 20260329.72.1
Security Static Analysis	Set up job	2026-04-08T20:13:01.0017395Z Included Software: https://github.com/actions/runner-images/blob/ubuntu24/20260329.72/images/ubuntu/Ubuntu2404-Readme.md
Security Static Analysis	Set up job	2026-04-08T20:13:01.0019278Z Image Release: https://github.com/actions/runner-images/releases/tag/ubuntu24%2F20260329.72
Security Static Analysis	Set up job	2026-04-08T20:13:01.0020192Z ##[endgroup]
Security Static Analysis	Set up job	2026-04-08T20:13:01.0022688Z ##[group]GITHUB_TOKEN Permissions
Security Static Analysis	Set up job	2026-04-08T20:13:01.0025479Z Actions: write
Security Static Analysis	Set up job	2026-04-08T20:13:01.0026059Z ArtifactMetadata: write
Security Static Analysis	Set up job	2026-04-08T20:13:01.0026605Z Attestations: write
Security Static Analysis	Set up job	2026-04-08T20:13:01.0027181Z Checks: write
Security Static Analysis	Set up job	2026-04-08T20:13:01.0027665Z Contents: write
Security Static Analysis	Set up job	2026-04-08T20:13:01.0028152Z Deployments: write
Security Static Analysis	Set up job	2026-04-08T20:13:01.0029129Z Discussions: write
Security Static Analysis	Set up job	2026-04-08T20:13:01.0029715Z Issues: write
Security Static Analysis	Set up job	2026-04-08T20:13:01.0030162Z Metadata: read
Security Static Analysis	Set up job	2026-04-08T20:13:01.0030707Z Models: read
Security Static Analysis	Set up job	2026-04-08T20:13:01.0031152Z Packages: write
Security Static Analysis	Set up job	2026-04-08T20:13:01.0031643Z Pages: write
Security Static Analysis	Set up job	2026-04-08T20:13:01.0032282Z PullRequests: write
Security Static Analysis	Set up job	2026-04-08T20:13:01.0032819Z RepositoryProjects: write
Security Static Analysis	Set up job	2026-04-08T20:13:01.0033381Z SecurityEvents: write
Security Static Analysis	Set up job	2026-04-08T20:13:01.0033891Z Statuses: write
Security Static Analysis	Set up job	2026-04-08T20:13:01.0034396Z ##[endgroup]
Security Static Analysis	Set up job	2026-04-08T20:13:01.0036360Z Secret source: Actions
Security Static Analysis	Set up job	2026-04-08T20:13:01.0037414Z Prepare workflow directory
Security Static Analysis	Set up job	2026-04-08T20:13:01.0416842Z Prepare all required actions
Security Static Analysis	Set up job	2026-04-08T20:13:01.0454522Z Getting action download info
Security Static Analysis	Set up job	2026-04-08T20:13:01.4499425Z Download action repository 'actions/checkout@de0fac2e4500dabe0009e67214ff5f5447ce83dd' (SHA:de0fac2e4500dabe0009e67214ff5f5447ce83dd)
Security Static Analysis	Set up job	2026-04-08T20:13:01.5903237Z Download action repository 'actions/setup-go@4a3601121dd01d1626a1e23e37211e3254c1c06c' (SHA:4a3601121dd01d1626a1e23e37211e3254c1c06c)
Security Static Analysis	Set up job	2026-04-08T20:13:01.9612680Z Complete job name: Security Static Analysis
Security Static Analysis	Checkout Code	﻿2026-04-08T20:13:02.0323278Z ##[group]Run actions/checkout@de0fac2e4500dabe0009e67214ff5f5447ce83dd
Security Static Analysis	Checkout Code	2026-04-08T20:13:02.0324369Z with:
Security Static Analysis	Checkout Code	2026-04-08T20:13:02.0324813Z   repository: jadecobra/agbalumo
Security Static Analysis	Checkout Code	2026-04-08T20:13:02.0325489Z   token: ***
Security Static Analysis	Checkout Code	2026-04-08T20:13:02.0325903Z   ssh-strict: true
Security Static Analysis	Checkout Code	2026-04-08T20:13:02.0326331Z   ssh-user: git
Security Static Analysis	Checkout Code	2026-04-08T20:13:02.0326761Z   persist-credentials: true
Security Static Analysis	Checkout Code	2026-04-08T20:13:02.0327244Z   clean: true
Security Static Analysis	Checkout Code	2026-04-08T20:13:02.0327694Z   sparse-checkout-cone-mode: true
Security Static Analysis	Checkout Code	2026-04-08T20:13:02.0328209Z   fetch-depth: 1
Security Static Analysis	Checkout Code	2026-04-08T20:13:02.0328851Z   fetch-tags: false
Security Static Analysis	Checkout Code	2026-04-08T20:13:02.0329283Z   show-progress: true
Security Static Analysis	Checkout Code	2026-04-08T20:13:02.0329805Z   lfs: false
Security Static Analysis	Checkout Code	2026-04-08T20:13:02.0330202Z   submodules: false
Security Static Analysis	Checkout Code	2026-04-08T20:13:02.0330628Z   set-safe-directory: true
Security Static Analysis	Checkout Code	2026-04-08T20:13:02.0331373Z env:
Security Static Analysis	Checkout Code	2026-04-08T20:13:02.0331756Z   NODE_VERSION: 24
Security Static Analysis	Checkout Code	2026-04-08T20:13:02.0332337Z   FORCE_JAVASCRIPT_ACTIONS_TO_NODE24: true
Security Static Analysis	Checkout Code	2026-04-08T20:13:02.0332939Z ##[endgroup]
Security Static Analysis	Checkout Code	2026-04-08T20:13:02.1236056Z Syncing repository: jadecobra/agbalumo
Security Static Analysis	Checkout Code	2026-04-08T20:13:02.1238157Z ##[group]Getting Git version info
Security Static Analysis	Checkout Code	2026-04-08T20:13:02.1239542Z Working directory is '/home/runner/work/agbalumo/agbalumo'
Security Static Analysis	Checkout Code	2026-04-08T20:13:02.1240700Z [command]/usr/bin/git version
Security Static Analysis	Checkout Code	2026-04-08T20:13:02.1272009Z git version 2.53.0
Security Static Analysis	Checkout Code	2026-04-08T20:13:02.1295039Z ##[endgroup]
Security Static Analysis	Checkout Code	2026-04-08T20:13:02.1311320Z Temporarily overriding HOME='/home/runner/work/_temp/fba74a52-a160-4d22-8a77-c3c2faa33522' before making global git config changes
Security Static Analysis	Checkout Code	2026-04-08T20:13:02.1314240Z Adding repository directory to the temporary git global config as a safe directory
Security Static Analysis	Checkout Code	2026-04-08T20:13:02.1316762Z [command]/usr/bin/git config --global --add safe.directory /home/runner/work/agbalumo/agbalumo
Security Static Analysis	Checkout Code	2026-04-08T20:13:02.1349099Z Deleting the contents of '/home/runner/work/agbalumo/agbalumo'
Security Static Analysis	Checkout Code	2026-04-08T20:13:02.1352951Z ##[group]Initializing the repository
Security Static Analysis	Checkout Code	2026-04-08T20:13:02.1356927Z [command]/usr/bin/git init /home/runner/work/agbalumo/agbalumo
Security Static Analysis	Checkout Code	2026-04-08T20:13:02.1457382Z hint: Using 'master' as the name for the initial branch. This default branch name
Security Static Analysis	Checkout Code	2026-04-08T20:13:02.1459537Z hint: will change to "main" in Git 3.0. To configure the initial branch name
Security Static Analysis	Checkout Code	2026-04-08T20:13:02.1461165Z hint: to use in all of your new repositories, which will suppress this warning,
Security Static Analysis	Checkout Code	2026-04-08T20:13:02.1462203Z hint: call:
Security Static Analysis	Checkout Code	2026-04-08T20:13:02.1462691Z hint:
Security Static Analysis	Checkout Code	2026-04-08T20:13:02.1463273Z hint: 	git config --global init.defaultBranch <name>
Security Static Analysis	Checkout Code	2026-04-08T20:13:02.1463983Z hint:
Security Static Analysis	Checkout Code	2026-04-08T20:13:02.1464857Z hint: Names commonly chosen instead of 'master' are 'main', 'trunk' and
Security Static Analysis	Checkout Code	2026-04-08T20:13:02.1466493Z hint: 'development'. The just-created branch can be renamed via this command:
Security Static Analysis	Checkout Code	2026-04-08T20:13:02.1467782Z hint:
Security Static Analysis	Checkout Code	2026-04-08T20:13:02.1468600Z hint: 	git branch -m <name>
Security Static Analysis	Checkout Code	2026-04-08T20:13:02.1469270Z hint:
Security Static Analysis	Checkout Code	2026-04-08T20:13:02.1470362Z hint: Disable this message with "git config set advice.defaultBranchName false"
Security Static Analysis	Checkout Code	2026-04-08T20:13:02.1471468Z Initialized empty Git repository in /home/runner/work/agbalumo/agbalumo/.git/
Security Static Analysis	Checkout Code	2026-04-08T20:13:02.1473199Z [command]/usr/bin/git remote add origin https://github.com/jadecobra/agbalumo
Security Static Analysis	Checkout Code	2026-04-08T20:13:02.1532459Z ##[endgroup]
Security Static Analysis	Checkout Code	2026-04-08T20:13:02.1533676Z ##[group]Disabling automatic garbage collection
Security Static Analysis	Checkout Code	2026-04-08T20:13:02.1535414Z [command]/usr/bin/git config --local gc.auto 0
Security Static Analysis	Checkout Code	2026-04-08T20:13:02.1562767Z ##[endgroup]
Security Static Analysis	Checkout Code	2026-04-08T20:13:02.1563894Z ##[group]Setting up auth
Security Static Analysis	Checkout Code	2026-04-08T20:13:02.1564784Z Removing SSH command configuration
Security Static Analysis	Checkout Code	2026-04-08T20:13:02.1569743Z [command]/usr/bin/git config --local --name-only --get-regexp core\.sshCommand
Security Static Analysis	Checkout Code	2026-04-08T20:13:02.1598958Z [command]/usr/bin/git submodule foreach --recursive sh -c "git config --local --name-only --get-regexp 'core\.sshCommand' && git config --local --unset-all 'core.sshCommand' || :"
Security Static Analysis	Checkout Code	2026-04-08T20:13:02.1899208Z Removing HTTP extra header
Security Static Analysis	Checkout Code	2026-04-08T20:13:02.1904093Z [command]/usr/bin/git config --local --name-only --get-regexp http\.https\:\/\/github\.com\/\.extraheader
Security Static Analysis	Checkout Code	2026-04-08T20:13:02.1934230Z [command]/usr/bin/git submodule foreach --recursive sh -c "git config --local --name-only --get-regexp 'http\.https\:\/\/github\.com\/\.extraheader' && git config --local --unset-all 'http.https://github.com/.extraheader' || :"
Security Static Analysis	Checkout Code	2026-04-08T20:13:02.2139947Z Removing includeIf entries pointing to credentials config files
Security Static Analysis	Checkout Code	2026-04-08T20:13:02.2145101Z [command]/usr/bin/git config --local --name-only --get-regexp ^includeIf\.gitdir:
Security Static Analysis	Checkout Code	2026-04-08T20:13:02.2174577Z [command]/usr/bin/git submodule foreach --recursive git config --local --show-origin --name-only --get-regexp remote.origin.url
Security Static Analysis	Checkout Code	2026-04-08T20:13:02.2400503Z [command]/usr/bin/git config --file /home/runner/work/_temp/git-credentials-abf9714c-19bc-41f2-907b-ef075ab5f689.config http.https://github.com/.extraheader AUTHORIZATION: basic ***
Security Static Analysis	Checkout Code	2026-04-08T20:13:02.2434908Z [command]/usr/bin/git config --local includeIf.gitdir:/home/runner/work/agbalumo/agbalumo/.git.path /home/runner/work/_temp/git-credentials-abf9714c-19bc-41f2-907b-ef075ab5f689.config
Security Static Analysis	Checkout Code	2026-04-08T20:13:02.2464689Z [command]/usr/bin/git config --local includeIf.gitdir:/home/runner/work/agbalumo/agbalumo/.git/worktrees/*.path /home/runner/work/_temp/git-credentials-abf9714c-19bc-41f2-907b-ef075ab5f689.config
Security Static Analysis	Checkout Code	2026-04-08T20:13:02.2502345Z [command]/usr/bin/git config --local includeIf.gitdir:/github/workspace/.git.path /github/runner_temp/git-credentials-abf9714c-19bc-41f2-907b-ef075ab5f689.config
Security Static Analysis	Checkout Code	2026-04-08T20:13:02.2535136Z [command]/usr/bin/git config --local includeIf.gitdir:/github/workspace/.git/worktrees/*.path /github/runner_temp/git-credentials-abf9714c-19bc-41f2-907b-ef075ab5f689.config
Security Static Analysis	Checkout Code	2026-04-08T20:13:02.2565817Z ##[endgroup]
Security Static Analysis	Checkout Code	2026-04-08T20:13:02.2567184Z ##[group]Fetching the repository
Security Static Analysis	Checkout Code	2026-04-08T20:13:02.2574184Z [command]/usr/bin/git -c protocol.version=2 fetch --no-tags --prune --no-recurse-submodules --depth=1 origin +f711d9f6e1881056548352d44db138e91163ffb4:refs/remotes/origin/main
Security Static Analysis	Checkout Code	2026-04-08T20:13:02.5393581Z From https://github.com/jadecobra/agbalumo
Security Static Analysis	Checkout Code	2026-04-08T20:13:02.5395387Z  * [new ref]         f711d9f6e1881056548352d44db138e91163ffb4 -> origin/main
Security Static Analysis	Checkout Code	2026-04-08T20:13:02.5425546Z [command]/usr/bin/git branch --list --remote origin/main
Security Static Analysis	Checkout Code	2026-04-08T20:13:02.5448893Z   origin/main
Security Static Analysis	Checkout Code	2026-04-08T20:13:02.5457588Z [command]/usr/bin/git rev-parse refs/remotes/origin/main
Security Static Analysis	Checkout Code	2026-04-08T20:13:02.5480164Z f711d9f6e1881056548352d44db138e91163ffb4
Security Static Analysis	Checkout Code	2026-04-08T20:13:02.5484385Z ##[endgroup]
Security Static Analysis	Checkout Code	2026-04-08T20:13:02.5485560Z ##[group]Determining the checkout info
Security Static Analysis	Checkout Code	2026-04-08T20:13:02.5486806Z ##[endgroup]
Security Static Analysis	Checkout Code	2026-04-08T20:13:02.5490884Z [command]/usr/bin/git sparse-checkout disable
Security Static Analysis	Checkout Code	2026-04-08T20:13:02.5527440Z [command]/usr/bin/git config --local --unset-all extensions.worktreeConfig
Security Static Analysis	Checkout Code	2026-04-08T20:13:02.5554983Z ##[group]Checking out the ref
Security Static Analysis	Checkout Code	2026-04-08T20:13:02.5558012Z [command]/usr/bin/git checkout --progress --force -B main refs/remotes/origin/main
Security Static Analysis	Checkout Code	2026-04-08T20:13:02.5896877Z Switched to a new branch 'main'
Security Static Analysis	Checkout Code	2026-04-08T20:13:02.5899571Z branch 'main' set up to track 'origin/main'.
Security Static Analysis	Checkout Code	2026-04-08T20:13:02.5907753Z ##[endgroup]
Security Static Analysis	Checkout Code	2026-04-08T20:13:02.5942778Z [command]/usr/bin/git log -1 --format=%H
Security Static Analysis	Checkout Code	2026-04-08T20:13:02.5965170Z f711d9f6e1881056548352d44db138e91163ffb4
Security Static Analysis	Setup Go	﻿2026-04-08T20:13:02.6270963Z ##[group]Run actions/setup-go@4a3601121dd01d1626a1e23e37211e3254c1c06c
Security Static Analysis	Setup Go	2026-04-08T20:13:02.6272562Z with:
Security Static Analysis	Setup Go	2026-04-08T20:13:02.6273325Z   go-version-file: go.mod
Security Static Analysis	Setup Go	2026-04-08T20:13:02.6274263Z   cache: true
Security Static Analysis	Setup Go	2026-04-08T20:13:02.6275067Z   check-latest: false
Security Static Analysis	Setup Go	2026-04-08T20:13:02.6276229Z   token: ***
Security Static Analysis	Setup Go	2026-04-08T20:13:02.6277000Z env:
Security Static Analysis	Setup Go	2026-04-08T20:13:02.6277709Z   NODE_VERSION: 24
Security Static Analysis	Setup Go	2026-04-08T20:13:02.6278988Z   FORCE_JAVASCRIPT_ACTIONS_TO_NODE24: true
Security Static Analysis	Setup Go	2026-04-08T20:13:02.6280173Z ##[endgroup]
Security Static Analysis	Setup Go	2026-04-08T20:13:02.7621690Z Setup go version spec 1.25.0
Security Static Analysis	Setup Go	2026-04-08T20:13:02.7635207Z Attempting to download 1.25.0...
Security Static Analysis	Setup Go	2026-04-08T20:13:03.0946477Z matching 1.25.0...
Security Static Analysis	Setup Go	2026-04-08T20:13:03.0993057Z Acquiring 1.25.0 from https://github.com/actions/go-versions/releases/download/1.25.0-16925932082/go-1.25.0-linux-x64.tar.gz
Security Static Analysis	Setup Go	2026-04-08T20:13:03.4299821Z Extracting Go...
Security Static Analysis	Setup Go	2026-04-08T20:13:03.4417401Z [command]/usr/bin/tar xz --warning=no-unknown-keyword --overwrite -C /home/runner/work/_temp/122a9fc2-5cbf-4e9d-8770-8f31e9b2aba8 -f /home/runner/work/_temp/734eb02d-5dc2-4c9f-a844-eec660b93f23
Security Static Analysis	Setup Go	2026-04-08T20:13:04.9746099Z Successfully extracted go to /home/runner/work/_temp/122a9fc2-5cbf-4e9d-8770-8f31e9b2aba8
Security Static Analysis	Setup Go	2026-04-08T20:13:04.9747039Z Adding to the cache ...
Security Static Analysis	Setup Go	2026-04-08T20:13:10.6149594Z Successfully cached go to /opt/hostedtoolcache/go/1.25.0/x64
Security Static Analysis	Setup Go	2026-04-08T20:13:10.6150525Z Added go to the path
Security Static Analysis	Setup Go	2026-04-08T20:13:10.6153068Z Successfully set up Go version 1.25.0
Security Static Analysis	Setup Go	2026-04-08T20:13:10.6347556Z [command]/opt/hostedtoolcache/go/1.25.0/x64/bin/go env GOMODCACHE
Security Static Analysis	Setup Go	2026-04-08T20:13:10.6378083Z [command]/opt/hostedtoolcache/go/1.25.0/x64/bin/go env GOCACHE
Security Static Analysis	Setup Go	2026-04-08T20:13:10.6412387Z /home/runner/go/pkg/mod
Security Static Analysis	Setup Go	2026-04-08T20:13:10.6428263Z /home/runner/.cache/go-build
Security Static Analysis	Setup Go	2026-04-08T20:13:10.6954197Z Cache is not found
Security Static Analysis	Setup Go	2026-04-08T20:13:10.6977393Z go version go1.25.0 linux/amd64
Security Static Analysis	Setup Go	2026-04-08T20:13:10.6977625Z 
Security Static Analysis	Setup Go	2026-04-08T20:13:10.6977933Z ##[group]go env
Security Static Analysis	Setup Go	2026-04-08T20:13:11.2564946Z AR='ar'
Security Static Analysis	Setup Go	2026-04-08T20:13:11.2565428Z CC='gcc'
Security Static Analysis	Setup Go	2026-04-08T20:13:11.2565993Z CGO_CFLAGS='-O2 -g'
Security Static Analysis	Setup Go	2026-04-08T20:13:11.2566474Z CGO_CPPFLAGS=''
Security Static Analysis	Setup Go	2026-04-08T20:13:11.2566913Z CGO_CXXFLAGS='-O2 -g'
Security Static Analysis	Setup Go	2026-04-08T20:13:11.2567392Z CGO_ENABLED='1'
Security Static Analysis	Setup Go	2026-04-08T20:13:11.2567777Z CGO_FFLAGS='-O2 -g'
Security Static Analysis	Setup Go	2026-04-08T20:13:11.2568250Z CGO_LDFLAGS='-O2 -g'
Security Static Analysis	Setup Go	2026-04-08T20:13:11.2569322Z CXX='g++'
Security Static Analysis	Setup Go	2026-04-08T20:13:11.2569741Z GCCGO='gccgo'
Security Static Analysis	Setup Go	2026-04-08T20:13:11.2570151Z GO111MODULE=''
Security Static Analysis	Setup Go	2026-04-08T20:13:11.2570560Z GOAMD64='v1'
Security Static Analysis	Setup Go	2026-04-08T20:13:11.2570957Z GOARCH='amd64'
Security Static Analysis	Setup Go	2026-04-08T20:13:11.2571372Z GOAUTH='netrc'
Security Static Analysis	Setup Go	2026-04-08T20:13:11.2571769Z GOBIN=''
Security Static Analysis	Setup Go	2026-04-08T20:13:11.2572229Z GOCACHE='/home/runner/.cache/go-build'
Security Static Analysis	Setup Go	2026-04-08T20:13:11.2572779Z GOCACHEPROG=''
Security Static Analysis	Setup Go	2026-04-08T20:13:11.2573049Z GODEBUG=''
Security Static Analysis	Setup Go	2026-04-08T20:13:11.2573369Z GOENV='/home/runner/.config/go/env'
Security Static Analysis	Setup Go	2026-04-08T20:13:11.2573737Z GOEXE=''
Security Static Analysis	Setup Go	2026-04-08T20:13:11.2574013Z GOEXPERIMENT=''
Security Static Analysis	Setup Go	2026-04-08T20:13:11.2574278Z GOFIPS140='off'
Security Static Analysis	Setup Go	2026-04-08T20:13:11.2574501Z GOFLAGS=''
Security Static Analysis	Setup Go	2026-04-08T20:13:11.2575196Z GOGCCFLAGS='-fPIC -m64 -pthread -Wl,--no-gc-sections -fmessage-length=0 -ffile-prefix-map=/tmp/go-build2173008463=/tmp/go-build -gno-record-gcc-switches'
Security Static Analysis	Setup Go	2026-04-08T20:13:11.2576000Z GOHOSTARCH='amd64'
Security Static Analysis	Setup Go	2026-04-08T20:13:11.2576219Z GOHOSTOS='linux'
Security Static Analysis	Setup Go	2026-04-08T20:13:11.2576416Z GOINSECURE=''
Security Static Analysis	Setup Go	2026-04-08T20:13:11.2576668Z GOMOD='/home/runner/work/agbalumo/agbalumo/go.mod'
Security Static Analysis	Setup Go	2026-04-08T20:13:11.2577006Z GOMODCACHE='/home/runner/go/pkg/mod'
Security Static Analysis	Setup Go	2026-04-08T20:13:11.2577280Z GONOPROXY=''
Security Static Analysis	Setup Go	2026-04-08T20:13:11.2577480Z GONOSUMDB=''
Security Static Analysis	Setup Go	2026-04-08T20:13:11.2577667Z GOOS='linux'
Security Static Analysis	Setup Go	2026-04-08T20:13:11.2577865Z GOPATH='/home/runner/go'
Security Static Analysis	Setup Go	2026-04-08T20:13:11.2578093Z GOPRIVATE=''
Security Static Analysis	Setup Go	2026-04-08T20:13:11.2578751Z GOPROXY='https://proxy.golang.org,direct'
Security Static Analysis	Setup Go	2026-04-08T20:13:11.2579116Z GOROOT='/opt/hostedtoolcache/go/1.25.0/x64'
Security Static Analysis	Setup Go	2026-04-08T20:13:11.2579421Z GOSUMDB='sum.golang.org'
Security Static Analysis	Setup Go	2026-04-08T20:13:11.2579652Z GOTELEMETRY='local'
Security Static Analysis	Setup Go	2026-04-08T20:13:11.2579916Z GOTELEMETRYDIR='/home/runner/.config/go/telemetry'
Security Static Analysis	Setup Go	2026-04-08T20:13:11.2580217Z GOTMPDIR=''
Security Static Analysis	Setup Go	2026-04-08T20:13:11.2580405Z GOTOOLCHAIN='local'
Security Static Analysis	Setup Go	2026-04-08T20:13:11.2580965Z GOTOOLDIR='/opt/hostedtoolcache/go/1.25.0/x64/pkg/tool/linux_amd64'
Security Static Analysis	Setup Go	2026-04-08T20:13:11.2581580Z GOVCS=''
Security Static Analysis	Setup Go	2026-04-08T20:13:11.2581818Z GOVERSION='go1.25.0'
Security Static Analysis	Setup Go	2026-04-08T20:13:11.2582033Z GOWORK=''
Security Static Analysis	Setup Go	2026-04-08T20:13:11.2582243Z PKG_CONFIG='pkg-config'
Security Static Analysis	Setup Go	2026-04-08T20:13:11.2582397Z 
Security Static Analysis	Setup Go	2026-04-08T20:13:11.2583093Z ##[endgroup]
Security Static Analysis	Pattern Checks (verify security-static)	﻿2026-04-08T20:13:11.2753826Z ##[group]Run go run cmd/verify/main.go audit
Security Static Analysis	Pattern Checks (verify security-static)	2026-04-08T20:13:11.2754220Z [36;1mgo run cmd/verify/main.go audit[0m
Security Static Analysis	Pattern Checks (verify security-static)	2026-04-08T20:13:11.2786567Z shell: /usr/bin/bash -e {0}
Security Static Analysis	Pattern Checks (verify security-static)	2026-04-08T20:13:11.2786836Z env:
Security Static Analysis	Pattern Checks (verify security-static)	2026-04-08T20:13:11.2787019Z   NODE_VERSION: 24
Security Static Analysis	Pattern Checks (verify security-static)	2026-04-08T20:13:11.2787250Z   FORCE_JAVASCRIPT_ACTIONS_TO_NODE24: true
Security Static Analysis	Pattern Checks (verify security-static)	2026-04-08T20:13:11.2787531Z   GOTOOLCHAIN: local
Security Static Analysis	Pattern Checks (verify security-static)	2026-04-08T20:13:11.2787733Z ##[endgroup]
Security Static Analysis	Pattern Checks (verify security-static)	2026-04-08T20:13:11.2970223Z go: downloading github.com/spf13/cobra v1.10.2
Security Static Analysis	Pattern Checks (verify security-static)	2026-04-08T20:13:11.2971540Z go: downloading github.com/fsnotify/fsnotify v1.8.0
Security Static Analysis	Pattern Checks (verify security-static)	2026-04-08T20:13:11.2997200Z go: downloading github.com/pkoukk/tiktoken-go v0.1.8
Security Static Analysis	Pattern Checks (verify security-static)	2026-04-08T20:13:11.3849772Z go: downloading github.com/dlclark/regexp2 v1.11.5
Security Static Analysis	Pattern Checks (verify security-static)	2026-04-08T20:13:11.3851633Z go: downloading github.com/google/uuid v1.6.0
Security Static Analysis	Pattern Checks (verify security-static)	2026-04-08T20:13:11.3913428Z go: downloading golang.org/x/sys v0.42.0
Security Static Analysis	Pattern Checks (verify security-static)	2026-04-08T20:13:11.4043097Z go: downloading github.com/spf13/pflag v1.0.10
Security Static Analysis	Pattern Checks (verify security-static)	2026-04-08T20:13:23.6170717Z 🛡️  Starting Security Audit...
Security Static Analysis	Pattern Checks (verify security-static)	2026-04-08T20:13:23.6171391Z --------------------------------
Security Static Analysis	Pattern Checks (verify security-static)	2026-04-08T20:13:49.5417179Z [?] Running 'Go Vet'... ✅ Passed
Security Static Analysis	Pattern Checks (verify security-static)	2026-04-08T20:13:49.5426375Z [?] Running 'Headers'... ⚠️  Could not connect to https://localhost:8443 - skipping header check
Security Static Analysis	Pattern Checks (verify security-static)	2026-04-08T20:13:49.5427434Z ⚠️  Skipped
Security Static Analysis	Pattern Checks (verify security-static)	2026-04-08T20:13:49.5430343Z [?] Running 'fly.toml'... ✅ Passed
Security Static Analysis	Pattern Checks (verify security-static)	2026-04-08T20:13:49.5431061Z [?] Running 'govulncheck'... ⚠️  Skipped
Security Static Analysis	Pattern Checks (verify security-static)	2026-04-08T20:13:49.5511736Z [?] Running 'XSS'... ✅ Passed
Security Static Analysis	Pattern Checks (verify security-static)	2026-04-08T20:13:49.5512415Z --------------------------------
Security Static Analysis	Pattern Checks (verify security-static)	2026-04-08T20:13:49.5512953Z 🔒 Security Score: 100/100
Security Static Analysis	Post Setup Go	﻿2026-04-08T20:13:49.5988912Z Post job cleanup.
Security Static Analysis	Post Setup Go	2026-04-08T20:13:49.7359863Z [command]/opt/hostedtoolcache/go/1.25.0/x64/bin/go env GOMODCACHE
Security Static Analysis	Post Setup Go	2026-04-08T20:13:49.7400191Z [command]/opt/hostedtoolcache/go/1.25.0/x64/bin/go env GOCACHE
Security Static Analysis	Post Setup Go	2026-04-08T20:13:49.7427033Z /home/runner/go/pkg/mod
Security Static Analysis	Post Setup Go	2026-04-08T20:13:49.7452091Z /home/runner/.cache/go-build
Security Static Analysis	Post Setup Go	2026-04-08T20:13:49.7645830Z [command]/usr/bin/tar --posix -cf cache.tzst --exclude cache.tzst -P -C /home/runner/work/agbalumo/agbalumo --files-from manifest.txt --use-compress-program zstdmt
Security Static Analysis	Post Setup Go	2026-04-08T20:13:51.9474475Z Failed to save: Unable to reserve cache with key setup-go-Linux-x64-ubuntu24-go-1.25.0-9b47a26596fc4bce154208be0bf7641ecaea646106d2d777c7b8a873afd7274a, another job may be creating this cache.
Security Static Analysis	Post Checkout Code	﻿2026-04-08T20:13:51.9773879Z Post job cleanup.
Security Static Analysis	Post Checkout Code	2026-04-08T20:13:52.0552968Z [command]/usr/bin/git version
Security Static Analysis	Post Checkout Code	2026-04-08T20:13:52.0591886Z git version 2.53.0
Security Static Analysis	Post Checkout Code	2026-04-08T20:13:52.0663654Z Temporarily overriding HOME='/home/runner/work/_temp/e1e6da32-9599-4bc8-8da3-ec0a19ad057f' before making global git config changes
Security Static Analysis	Post Checkout Code	2026-04-08T20:13:52.0665259Z Adding repository directory to the temporary git global config as a safe directory
Security Static Analysis	Post Checkout Code	2026-04-08T20:13:52.0668581Z [command]/usr/bin/git config --global --add safe.directory /home/runner/work/agbalumo/agbalumo
Security Static Analysis	Post Checkout Code	2026-04-08T20:13:52.0699818Z Removing SSH command configuration
Security Static Analysis	Post Checkout Code	2026-04-08T20:13:52.0706264Z [command]/usr/bin/git config --local --name-only --get-regexp core\.sshCommand
Security Static Analysis	Post Checkout Code	2026-04-08T20:13:52.0739380Z [command]/usr/bin/git submodule foreach --recursive sh -c "git config --local --name-only --get-regexp 'core\.sshCommand' && git config --local --unset-all 'core.sshCommand' || :"
Security Static Analysis	Post Checkout Code	2026-04-08T20:13:52.0953847Z Removing HTTP extra header
Security Static Analysis	Post Checkout Code	2026-04-08T20:13:52.0958382Z [command]/usr/bin/git config --local --name-only --get-regexp http\.https\:\/\/github\.com\/\.extraheader
Security Static Analysis	Post Checkout Code	2026-04-08T20:13:52.0991768Z [command]/usr/bin/git submodule foreach --recursive sh -c "git config --local --name-only --get-regexp 'http\.https\:\/\/github\.com\/\.extraheader' && git config --local --unset-all 'http.https://github.com/.extraheader' || :"
Security Static Analysis	Post Checkout Code	2026-04-08T20:13:52.1205402Z Removing includeIf entries pointing to credentials config files
Security Static Analysis	Post Checkout Code	2026-04-08T20:13:52.1212524Z [command]/usr/bin/git config --local --name-only --get-regexp ^includeIf\.gitdir:
Security Static Analysis	Post Checkout Code	2026-04-08T20:13:52.1235211Z includeif.gitdir:/home/runner/work/agbalumo/agbalumo/.git.path
Security Static Analysis	Post Checkout Code	2026-04-08T20:13:52.1236130Z includeif.gitdir:/home/runner/work/agbalumo/agbalumo/.git/worktrees/*.path
Security Static Analysis	Post Checkout Code	2026-04-08T20:13:52.1236900Z includeif.gitdir:/github/workspace/.git.path
Security Static Analysis	Post Checkout Code	2026-04-08T20:13:52.1237596Z includeif.gitdir:/github/workspace/.git/worktrees/*.path
Security Static Analysis	Post Checkout Code	2026-04-08T20:13:52.1245343Z [command]/usr/bin/git config --local --get-all includeif.gitdir:/home/runner/work/agbalumo/agbalumo/.git.path
Security Static Analysis	Post Checkout Code	2026-04-08T20:13:52.1266383Z /home/runner/work/_temp/git-credentials-abf9714c-19bc-41f2-907b-ef075ab5f689.config
Security Static Analysis	Post Checkout Code	2026-04-08T20:13:52.1276830Z [command]/usr/bin/git config --local --unset includeif.gitdir:/home/runner/work/agbalumo/agbalumo/.git.path /home/runner/work/_temp/git-credentials-abf9714c-19bc-41f2-907b-ef075ab5f689.config
Security Static Analysis	Post Checkout Code	2026-04-08T20:13:52.1309503Z [command]/usr/bin/git config --local --get-all includeif.gitdir:/home/runner/work/agbalumo/agbalumo/.git/worktrees/*.path
Security Static Analysis	Post Checkout Code	2026-04-08T20:13:52.1330084Z /home/runner/work/_temp/git-credentials-abf9714c-19bc-41f2-907b-ef075ab5f689.config
Security Static Analysis	Post Checkout Code	2026-04-08T20:13:52.1339490Z [command]/usr/bin/git config --local --unset includeif.gitdir:/home/runner/work/agbalumo/agbalumo/.git/worktrees/*.path /home/runner/work/_temp/git-credentials-abf9714c-19bc-41f2-907b-ef075ab5f689.config
Security Static Analysis	Post Checkout Code	2026-04-08T20:13:52.1370205Z [command]/usr/bin/git config --local --get-all includeif.gitdir:/github/workspace/.git.path
Security Static Analysis	Post Checkout Code	2026-04-08T20:13:52.1390859Z /github/runner_temp/git-credentials-abf9714c-19bc-41f2-907b-ef075ab5f689.config
Security Static Analysis	Post Checkout Code	2026-04-08T20:13:52.1398055Z [command]/usr/bin/git config --local --unset includeif.gitdir:/github/workspace/.git.path /github/runner_temp/git-credentials-abf9714c-19bc-41f2-907b-ef075ab5f689.config
Security Static Analysis	Post Checkout Code	2026-04-08T20:13:52.1427408Z [command]/usr/bin/git config --local --get-all includeif.gitdir:/github/workspace/.git/worktrees/*.path
Security Static Analysis	Post Checkout Code	2026-04-08T20:13:52.1446918Z /github/runner_temp/git-credentials-abf9714c-19bc-41f2-907b-ef075ab5f689.config
Security Static Analysis	Post Checkout Code	2026-04-08T20:13:52.1455553Z [command]/usr/bin/git config --local --unset includeif.gitdir:/github/workspace/.git/worktrees/*.path /github/runner_temp/git-credentials-abf9714c-19bc-41f2-907b-ef075ab5f689.config
Security Static Analysis	Post Checkout Code	2026-04-08T20:13:52.1485455Z [command]/usr/bin/git submodule foreach --recursive git config --local --show-origin --name-only --get-regexp remote.origin.url
Security Static Analysis	Post Checkout Code	2026-04-08T20:13:52.1695029Z Removing credentials config '/home/runner/work/_temp/git-credentials-abf9714c-19bc-41f2-907b-ef075ab5f689.config'
Security Static Analysis	Complete job	﻿2026-04-08T20:13:52.1843440Z Cleaning up orphan processes
Lint Check	Set up job	﻿2026-04-08T20:13:02.9700087Z Current runner version: '2.333.1'
Lint Check	Set up job	2026-04-08T20:13:02.9726261Z ##[group]Runner Image Provisioner
Lint Check	Set up job	2026-04-08T20:13:02.9727131Z Hosted Compute Agent
Lint Check	Set up job	2026-04-08T20:13:02.9727773Z Version: 20260213.493
Lint Check	Set up job	2026-04-08T20:13:02.9728386Z Commit: 5c115507f6dd24b8de37d8bbe0bb4509d0cc0fa3
Lint Check	Set up job	2026-04-08T20:13:02.9729081Z Build Date: 2026-02-13T00:28:41Z
Lint Check	Set up job	2026-04-08T20:13:02.9729945Z Worker ID: {5787aefe-5283-4891-87a6-c365c0bfbf49}
Lint Check	Set up job	2026-04-08T20:13:02.9730688Z Azure Region: westus
Lint Check	Set up job	2026-04-08T20:13:02.9731189Z ##[endgroup]
Lint Check	Set up job	2026-04-08T20:13:02.9732742Z ##[group]Operating System
Lint Check	Set up job	2026-04-08T20:13:02.9733346Z Ubuntu
Lint Check	Set up job	2026-04-08T20:13:02.9733849Z 24.04.4
Lint Check	Set up job	2026-04-08T20:13:02.9734332Z LTS
Lint Check	Set up job	2026-04-08T20:13:02.9734767Z ##[endgroup]
Lint Check	Set up job	2026-04-08T20:13:02.9735264Z ##[group]Runner Image
Lint Check	Set up job	2026-04-08T20:13:02.9735764Z Image: ubuntu-24.04
Lint Check	Set up job	2026-04-08T20:13:02.9736365Z Version: 20260406.80.1
Lint Check	Set up job	2026-04-08T20:13:02.9737318Z Included Software: https://github.com/actions/runner-images/blob/ubuntu24/20260406.80/images/ubuntu/Ubuntu2404-Readme.md
Lint Check	Set up job	2026-04-08T20:13:02.9738982Z Image Release: https://github.com/actions/runner-images/releases/tag/ubuntu24%2F20260406.80
Lint Check	Set up job	2026-04-08T20:13:02.9740069Z ##[endgroup]
Lint Check	Set up job	2026-04-08T20:13:02.9742929Z ##[group]GITHUB_TOKEN Permissions
Lint Check	Set up job	2026-04-08T20:13:02.9744955Z Actions: write
Lint Check	Set up job	2026-04-08T20:13:02.9745516Z ArtifactMetadata: write
Lint Check	Set up job	2026-04-08T20:13:02.9746144Z Attestations: write
Lint Check	Set up job	2026-04-08T20:13:02.9746664Z Checks: write
Lint Check	Set up job	2026-04-08T20:13:02.9747120Z Contents: write
Lint Check	Set up job	2026-04-08T20:13:02.9747699Z Deployments: write
Lint Check	Set up job	2026-04-08T20:13:02.9748175Z Discussions: write
Lint Check	Set up job	2026-04-08T20:13:02.9748677Z Issues: write
Lint Check	Set up job	2026-04-08T20:13:02.9749209Z Metadata: read
Lint Check	Set up job	2026-04-08T20:13:02.9749658Z Models: read
Lint Check	Set up job	2026-04-08T20:13:02.9750647Z Packages: write
Lint Check	Set up job	2026-04-08T20:13:02.9751173Z Pages: write
Lint Check	Set up job	2026-04-08T20:13:02.9751829Z PullRequests: write
Lint Check	Set up job	2026-04-08T20:13:02.9752367Z RepositoryProjects: write
Lint Check	Set up job	2026-04-08T20:13:02.9752986Z SecurityEvents: write
Lint Check	Set up job	2026-04-08T20:13:02.9753528Z Statuses: write
Lint Check	Set up job	2026-04-08T20:13:02.9753985Z ##[endgroup]
Lint Check	Set up job	2026-04-08T20:13:02.9756856Z Secret source: Actions
Lint Check	Set up job	2026-04-08T20:13:02.9757586Z Prepare workflow directory
Lint Check	Set up job	2026-04-08T20:13:03.0224370Z Prepare all required actions
Lint Check	Set up job	2026-04-08T20:13:03.0263136Z Getting action download info
Lint Check	Set up job	2026-04-08T20:13:03.5303174Z Download action repository 'actions/checkout@de0fac2e4500dabe0009e67214ff5f5447ce83dd' (SHA:de0fac2e4500dabe0009e67214ff5f5447ce83dd)
Lint Check	Set up job	2026-04-08T20:13:03.6573311Z Download action repository 'actions/setup-go@4a3601121dd01d1626a1e23e37211e3254c1c06c' (SHA:4a3601121dd01d1626a1e23e37211e3254c1c06c)
Lint Check	Set up job	2026-04-08T20:13:04.3032386Z Download action repository 'golangci/golangci-lint-action@1e7e51e771db61008b38414a730f564565cf7c20' (SHA:1e7e51e771db61008b38414a730f564565cf7c20)
Lint Check	Set up job	2026-04-08T20:13:05.1582068Z Complete job name: Lint Check
Lint Check	Checkout Code	﻿2026-04-08T20:13:05.2478565Z ##[group]Run actions/checkout@de0fac2e4500dabe0009e67214ff5f5447ce83dd
Lint Check	Checkout Code	2026-04-08T20:13:05.2480630Z with:
Lint Check	Checkout Code	2026-04-08T20:13:05.2481379Z   repository: jadecobra/agbalumo
Lint Check	Checkout Code	2026-04-08T20:13:05.2482688Z   token: ***
Lint Check	Checkout Code	2026-04-08T20:13:05.2483419Z   ssh-strict: true
Lint Check	Checkout Code	2026-04-08T20:13:05.2484168Z   ssh-user: git
Lint Check	Checkout Code	2026-04-08T20:13:05.2484942Z   persist-credentials: true
Lint Check	Checkout Code	2026-04-08T20:13:05.2485823Z   clean: true
Lint Check	Checkout Code	2026-04-08T20:13:05.2486609Z   sparse-checkout-cone-mode: true
Lint Check	Checkout Code	2026-04-08T20:13:05.2487571Z   fetch-depth: 1
Lint Check	Checkout Code	2026-04-08T20:13:05.2488349Z   fetch-tags: false
Lint Check	Checkout Code	2026-04-08T20:13:05.2489134Z   show-progress: true
Lint Check	Checkout Code	2026-04-08T20:13:05.2490138Z   lfs: false
Lint Check	Checkout Code	2026-04-08T20:13:05.2490905Z   submodules: false
Lint Check	Checkout Code	2026-04-08T20:13:05.2491715Z   set-safe-directory: true
Lint Check	Checkout Code	2026-04-08T20:13:05.2492830Z env:
Lint Check	Checkout Code	2026-04-08T20:13:05.2493521Z   NODE_VERSION: 24
Lint Check	Checkout Code	2026-04-08T20:13:05.2494378Z   FORCE_JAVASCRIPT_ACTIONS_TO_NODE24: true
Lint Check	Checkout Code	2026-04-08T20:13:05.2495446Z ##[endgroup]
Lint Check	Checkout Code	2026-04-08T20:13:05.3489164Z Syncing repository: jadecobra/agbalumo
Lint Check	Checkout Code	2026-04-08T20:13:05.3492181Z ##[group]Getting Git version info
Lint Check	Checkout Code	2026-04-08T20:13:05.3493534Z Working directory is '/home/runner/work/agbalumo/agbalumo'
Lint Check	Checkout Code	2026-04-08T20:13:05.3495355Z [command]/usr/bin/git version
Lint Check	Checkout Code	2026-04-08T20:13:05.3501714Z git version 2.53.0
Lint Check	Checkout Code	2026-04-08T20:13:05.3526846Z ##[endgroup]
Lint Check	Checkout Code	2026-04-08T20:13:05.3544024Z Temporarily overriding HOME='/home/runner/work/_temp/973110a8-22a4-453e-b423-55decbcf98cc' before making global git config changes
Lint Check	Checkout Code	2026-04-08T20:13:05.3548779Z Adding repository directory to the temporary git global config as a safe directory
Lint Check	Checkout Code	2026-04-08T20:13:05.3552862Z [command]/usr/bin/git config --global --add safe.directory /home/runner/work/agbalumo/agbalumo
Lint Check	Checkout Code	2026-04-08T20:13:05.3585572Z Deleting the contents of '/home/runner/work/agbalumo/agbalumo'
Lint Check	Checkout Code	2026-04-08T20:13:05.3589975Z ##[group]Initializing the repository
Lint Check	Checkout Code	2026-04-08T20:13:05.3595003Z [command]/usr/bin/git init /home/runner/work/agbalumo/agbalumo
Lint Check	Checkout Code	2026-04-08T20:13:05.3690469Z hint: Using 'master' as the name for the initial branch. This default branch name
Lint Check	Checkout Code	2026-04-08T20:13:05.3693807Z hint: will change to "main" in Git 3.0. To configure the initial branch name
Lint Check	Checkout Code	2026-04-08T20:13:05.3696893Z hint: to use in all of your new repositories, which will suppress this warning,
Lint Check	Checkout Code	2026-04-08T20:13:05.3699323Z hint: call:
Lint Check	Checkout Code	2026-04-08T20:13:05.3700671Z hint:
Lint Check	Checkout Code	2026-04-08T20:13:05.3702198Z hint: 	git config --global init.defaultBranch <name>
Lint Check	Checkout Code	2026-04-08T20:13:05.3704119Z hint:
Lint Check	Checkout Code	2026-04-08T20:13:05.3705856Z hint: Names commonly chosen instead of 'master' are 'main', 'trunk' and
Lint Check	Checkout Code	2026-04-08T20:13:05.3708766Z hint: 'development'. The just-created branch can be renamed via this command:
Lint Check	Checkout Code	2026-04-08T20:13:05.3711334Z hint:
Lint Check	Checkout Code	2026-04-08T20:13:05.3712110Z hint: 	git branch -m <name>
Lint Check	Checkout Code	2026-04-08T20:13:05.3712983Z hint:
Lint Check	Checkout Code	2026-04-08T20:13:05.3714190Z hint: Disable this message with "git config set advice.defaultBranchName false"
Lint Check	Checkout Code	2026-04-08T20:13:05.3716435Z Initialized empty Git repository in /home/runner/work/agbalumo/agbalumo/.git/
Lint Check	Checkout Code	2026-04-08T20:13:05.3720857Z [command]/usr/bin/git remote add origin https://github.com/jadecobra/agbalumo
Lint Check	Checkout Code	2026-04-08T20:13:05.3737011Z ##[endgroup]
Lint Check	Checkout Code	2026-04-08T20:13:05.3739223Z ##[group]Disabling automatic garbage collection
Lint Check	Checkout Code	2026-04-08T20:13:05.3741565Z [command]/usr/bin/git config --local gc.auto 0
Lint Check	Checkout Code	2026-04-08T20:13:05.3771648Z ##[endgroup]
Lint Check	Checkout Code	2026-04-08T20:13:05.3773716Z ##[group]Setting up auth
Lint Check	Checkout Code	2026-04-08T20:13:05.3775258Z Removing SSH command configuration
Lint Check	Checkout Code	2026-04-08T20:13:05.3780222Z [command]/usr/bin/git config --local --name-only --get-regexp core\.sshCommand
Lint Check	Checkout Code	2026-04-08T20:13:05.3813895Z [command]/usr/bin/git submodule foreach --recursive sh -c "git config --local --name-only --get-regexp 'core\.sshCommand' && git config --local --unset-all 'core.sshCommand' || :"
Lint Check	Checkout Code	2026-04-08T20:13:05.4127122Z Removing HTTP extra header
Lint Check	Checkout Code	2026-04-08T20:13:05.4134796Z [command]/usr/bin/git config --local --name-only --get-regexp http\.https\:\/\/github\.com\/\.extraheader
Lint Check	Checkout Code	2026-04-08T20:13:05.4168675Z [command]/usr/bin/git submodule foreach --recursive sh -c "git config --local --name-only --get-regexp 'http\.https\:\/\/github\.com\/\.extraheader' && git config --local --unset-all 'http.https://github.com/.extraheader' || :"
Lint Check	Checkout Code	2026-04-08T20:13:05.4384018Z Removing includeIf entries pointing to credentials config files
Lint Check	Checkout Code	2026-04-08T20:13:05.4390959Z [command]/usr/bin/git config --local --name-only --get-regexp ^includeIf\.gitdir:
Lint Check	Checkout Code	2026-04-08T20:13:05.4426290Z [command]/usr/bin/git submodule foreach --recursive git config --local --show-origin --name-only --get-regexp remote.origin.url
Lint Check	Checkout Code	2026-04-08T20:13:05.4651646Z [command]/usr/bin/git config --file /home/runner/work/_temp/git-credentials-773f0e35-03b3-4f51-9bcb-d7d51998651c.config http.https://github.com/.extraheader AUTHORIZATION: basic ***
Lint Check	Checkout Code	2026-04-08T20:13:05.4689304Z [command]/usr/bin/git config --local includeIf.gitdir:/home/runner/work/agbalumo/agbalumo/.git.path /home/runner/work/_temp/git-credentials-773f0e35-03b3-4f51-9bcb-d7d51998651c.config
Lint Check	Checkout Code	2026-04-08T20:13:05.4719356Z [command]/usr/bin/git config --local includeIf.gitdir:/home/runner/work/agbalumo/agbalumo/.git/worktrees/*.path /home/runner/work/_temp/git-credentials-773f0e35-03b3-4f51-9bcb-d7d51998651c.config
Lint Check	Checkout Code	2026-04-08T20:13:05.4749200Z [command]/usr/bin/git config --local includeIf.gitdir:/github/workspace/.git.path /github/runner_temp/git-credentials-773f0e35-03b3-4f51-9bcb-d7d51998651c.config
Lint Check	Checkout Code	2026-04-08T20:13:05.4783240Z [command]/usr/bin/git config --local includeIf.gitdir:/github/workspace/.git/worktrees/*.path /github/runner_temp/git-credentials-773f0e35-03b3-4f51-9bcb-d7d51998651c.config
Lint Check	Checkout Code	2026-04-08T20:13:05.4809437Z ##[endgroup]
Lint Check	Checkout Code	2026-04-08T20:13:05.4811818Z ##[group]Fetching the repository
Lint Check	Checkout Code	2026-04-08T20:13:05.4821557Z [command]/usr/bin/git -c protocol.version=2 fetch --no-tags --prune --no-recurse-submodules --depth=1 origin +f711d9f6e1881056548352d44db138e91163ffb4:refs/remotes/origin/main
Lint Check	Checkout Code	2026-04-08T20:13:06.1657587Z From https://github.com/jadecobra/agbalumo
Lint Check	Checkout Code	2026-04-08T20:13:06.1658527Z  * [new ref]         f711d9f6e1881056548352d44db138e91163ffb4 -> origin/main
Lint Check	Checkout Code	2026-04-08T20:13:06.1701598Z [command]/usr/bin/git branch --list --remote origin/main
Lint Check	Checkout Code	2026-04-08T20:13:06.1726900Z   origin/main
Lint Check	Checkout Code	2026-04-08T20:13:06.1740656Z [command]/usr/bin/git rev-parse refs/remotes/origin/main
Lint Check	Checkout Code	2026-04-08T20:13:06.1760384Z f711d9f6e1881056548352d44db138e91163ffb4
Lint Check	Checkout Code	2026-04-08T20:13:06.1765081Z ##[endgroup]
Lint Check	Checkout Code	2026-04-08T20:13:06.1765911Z ##[group]Determining the checkout info
Lint Check	Checkout Code	2026-04-08T20:13:06.1766803Z ##[endgroup]
Lint Check	Checkout Code	2026-04-08T20:13:06.1772985Z [command]/usr/bin/git sparse-checkout disable
Lint Check	Checkout Code	2026-04-08T20:13:06.1813326Z [command]/usr/bin/git config --local --unset-all extensions.worktreeConfig
Lint Check	Checkout Code	2026-04-08T20:13:06.1839675Z ##[group]Checking out the ref
Lint Check	Checkout Code	2026-04-08T20:13:06.1845415Z [command]/usr/bin/git checkout --progress --force -B main refs/remotes/origin/main
Lint Check	Checkout Code	2026-04-08T20:13:06.2193644Z Switched to a new branch 'main'
Lint Check	Checkout Code	2026-04-08T20:13:06.2195322Z branch 'main' set up to track 'origin/main'.
Lint Check	Checkout Code	2026-04-08T20:13:06.2203829Z ##[endgroup]
Lint Check	Checkout Code	2026-04-08T20:13:06.2245676Z [command]/usr/bin/git log -1 --format=%H
Lint Check	Checkout Code	2026-04-08T20:13:06.2271577Z f711d9f6e1881056548352d44db138e91163ffb4
Lint Check	Setup Go	﻿2026-04-08T20:13:06.2506952Z ##[group]Run actions/setup-go@4a3601121dd01d1626a1e23e37211e3254c1c06c
Lint Check	Setup Go	2026-04-08T20:13:06.2507358Z with:
Lint Check	Setup Go	2026-04-08T20:13:06.2507551Z   go-version-file: go.mod
Lint Check	Setup Go	2026-04-08T20:13:06.2507759Z   cache: true
Lint Check	Setup Go	2026-04-08T20:13:06.2507932Z   check-latest: false
Lint Check	Setup Go	2026-04-08T20:13:06.2508301Z   token: ***
Lint Check	Setup Go	2026-04-08T20:13:06.2508476Z env:
Lint Check	Setup Go	2026-04-08T20:13:06.2508633Z   NODE_VERSION: 24
Lint Check	Setup Go	2026-04-08T20:13:06.2508846Z   FORCE_JAVASCRIPT_ACTIONS_TO_NODE24: true
Lint Check	Setup Go	2026-04-08T20:13:06.2509094Z ##[endgroup]
Lint Check	Setup Go	2026-04-08T20:13:06.3962298Z Setup go version spec 1.25.0
Lint Check	Setup Go	2026-04-08T20:13:06.3975486Z Attempting to download 1.25.0...
Lint Check	Setup Go	2026-04-08T20:13:06.9903966Z matching 1.25.0...
Lint Check	Setup Go	2026-04-08T20:13:06.9950998Z Acquiring 1.25.0 from https://github.com/actions/go-versions/releases/download/1.25.0-16925932082/go-1.25.0-linux-x64.tar.gz
Lint Check	Setup Go	2026-04-08T20:13:07.4895803Z Extracting Go...
Lint Check	Setup Go	2026-04-08T20:13:07.5004265Z [command]/usr/bin/tar xz --warning=no-unknown-keyword --overwrite -C /home/runner/work/_temp/097ef841-2be0-41b4-aed1-77c5b34d1614 -f /home/runner/work/_temp/4e8623a4-6f18-4530-8bea-e0a69dc9d312
Lint Check	Setup Go	2026-04-08T20:13:08.9316166Z Successfully extracted go to /home/runner/work/_temp/097ef841-2be0-41b4-aed1-77c5b34d1614
Lint Check	Setup Go	2026-04-08T20:13:08.9331627Z Adding to the cache ...
Lint Check	Setup Go	2026-04-08T20:13:14.0253315Z Successfully cached go to /opt/hostedtoolcache/go/1.25.0/x64
Lint Check	Setup Go	2026-04-08T20:13:14.0254687Z Added go to the path
Lint Check	Setup Go	2026-04-08T20:13:14.0257692Z Successfully set up Go version 1.25.0
Lint Check	Setup Go	2026-04-08T20:13:14.0464363Z [command]/opt/hostedtoolcache/go/1.25.0/x64/bin/go env GOMODCACHE
Lint Check	Setup Go	2026-04-08T20:13:14.0499600Z [command]/opt/hostedtoolcache/go/1.25.0/x64/bin/go env GOCACHE
Lint Check	Setup Go	2026-04-08T20:13:14.0545944Z /home/runner/go/pkg/mod
Lint Check	Setup Go	2026-04-08T20:13:14.0561911Z /home/runner/.cache/go-build
Lint Check	Setup Go	2026-04-08T20:13:14.3052550Z Cache is not found
Lint Check	Setup Go	2026-04-08T20:13:14.3077685Z go version go1.25.0 linux/amd64
Lint Check	Setup Go	2026-04-08T20:13:14.3078099Z 
Lint Check	Setup Go	2026-04-08T20:13:14.3078579Z ##[group]go env
Lint Check	Setup Go	2026-04-08T20:13:14.4312727Z AR='ar'
Lint Check	Setup Go	2026-04-08T20:13:14.4313148Z CC='gcc'
Lint Check	Setup Go	2026-04-08T20:13:14.4313479Z CGO_CFLAGS='-O2 -g'
Lint Check	Setup Go	2026-04-08T20:13:14.4313785Z CGO_CPPFLAGS=''
Lint Check	Setup Go	2026-04-08T20:13:14.4313984Z CGO_CXXFLAGS='-O2 -g'
Lint Check	Setup Go	2026-04-08T20:13:14.4314465Z CGO_ENABLED='1'
Lint Check	Setup Go	2026-04-08T20:13:14.4314648Z CGO_FFLAGS='-O2 -g'
Lint Check	Setup Go	2026-04-08T20:13:14.4314841Z CGO_LDFLAGS='-O2 -g'
Lint Check	Setup Go	2026-04-08T20:13:14.4315032Z CXX='g++'
Lint Check	Setup Go	2026-04-08T20:13:14.4315208Z GCCGO='gccgo'
Lint Check	Setup Go	2026-04-08T20:13:14.4315390Z GO111MODULE=''
Lint Check	Setup Go	2026-04-08T20:13:14.4315556Z GOAMD64='v1'
Lint Check	Setup Go	2026-04-08T20:13:14.4315762Z GOARCH='amd64'
Lint Check	Setup Go	2026-04-08T20:13:14.4315941Z GOAUTH='netrc'
Lint Check	Setup Go	2026-04-08T20:13:14.4316175Z GOBIN=''
Lint Check	Setup Go	2026-04-08T20:13:14.4316383Z GOCACHE='/home/runner/.cache/go-build'
Lint Check	Setup Go	2026-04-08T20:13:14.4316801Z GOCACHEPROG=''
Lint Check	Setup Go	2026-04-08T20:13:14.4317066Z GODEBUG=''
Lint Check	Setup Go	2026-04-08T20:13:14.4317374Z GOENV='/home/runner/.config/go/env'
Lint Check	Setup Go	2026-04-08T20:13:14.4317756Z GOEXE=''
Lint Check	Setup Go	2026-04-08T20:13:14.4318039Z GOEXPERIMENT=''
Lint Check	Setup Go	2026-04-08T20:13:14.4318309Z GOFIPS140='off'
Lint Check	Setup Go	2026-04-08T20:13:14.4318483Z GOFLAGS=''
Lint Check	Setup Go	2026-04-08T20:13:14.4319112Z GOGCCFLAGS='-fPIC -m64 -pthread -Wl,--no-gc-sections -fmessage-length=0 -ffile-prefix-map=/tmp/go-build2648432395=/tmp/go-build -gno-record-gcc-switches'
Lint Check	Setup Go	2026-04-08T20:13:14.4320064Z GOHOSTARCH='amd64'
Lint Check	Setup Go	2026-04-08T20:13:14.4320261Z GOHOSTOS='linux'
Lint Check	Setup Go	2026-04-08T20:13:14.4320476Z GOINSECURE=''
Lint Check	Setup Go	2026-04-08T20:13:14.4320702Z GOMOD='/home/runner/work/agbalumo/agbalumo/go.mod'
Lint Check	Setup Go	2026-04-08T20:13:14.4321016Z GOMODCACHE='/home/runner/go/pkg/mod'
Lint Check	Setup Go	2026-04-08T20:13:14.4321281Z GONOPROXY=''
Lint Check	Setup Go	2026-04-08T20:13:14.4321455Z GONOSUMDB=''
Lint Check	Setup Go	2026-04-08T20:13:14.4321624Z GOOS='linux'
Lint Check	Setup Go	2026-04-08T20:13:14.4321807Z GOPATH='/home/runner/go'
Lint Check	Setup Go	2026-04-08T20:13:14.4322006Z GOPRIVATE=''
Lint Check	Setup Go	2026-04-08T20:13:14.4322241Z GOPROXY='https://proxy.golang.org,direct'
Lint Check	Setup Go	2026-04-08T20:13:14.4322563Z GOROOT='/opt/hostedtoolcache/go/1.25.0/x64'
Lint Check	Setup Go	2026-04-08T20:13:14.4322828Z GOSUMDB='sum.golang.org'
Lint Check	Setup Go	2026-04-08T20:13:14.4323030Z GOTELEMETRY='local'
Lint Check	Setup Go	2026-04-08T20:13:14.4323265Z GOTELEMETRYDIR='/home/runner/.config/go/telemetry'
Lint Check	Setup Go	2026-04-08T20:13:14.4323532Z GOTMPDIR=''
Lint Check	Setup Go	2026-04-08T20:13:14.4323712Z GOTOOLCHAIN='local'
Lint Check	Setup Go	2026-04-08T20:13:14.4324263Z GOTOOLDIR='/opt/hostedtoolcache/go/1.25.0/x64/pkg/tool/linux_amd64'
Lint Check	Setup Go	2026-04-08T20:13:14.4324612Z GOVCS=''
Lint Check	Setup Go	2026-04-08T20:13:14.4324786Z GOVERSION='go1.25.0'
Lint Check	Setup Go	2026-04-08T20:13:14.4324967Z GOWORK=''
Lint Check	Setup Go	2026-04-08T20:13:14.4325148Z PKG_CONFIG='pkg-config'
Lint Check	Setup Go	2026-04-08T20:13:14.4325277Z 
Lint Check	Setup Go	2026-04-08T20:13:14.4325830Z ##[endgroup]
Lint Check	Linter (GolangCI-Lint)	﻿2026-04-08T20:13:14.4598841Z ##[group]Run golangci/golangci-lint-action@1e7e51e771db61008b38414a730f564565cf7c20
Lint Check	Linter (GolangCI-Lint)	2026-04-08T20:13:14.4599282Z with:
Lint Check	Linter (GolangCI-Lint)	2026-04-08T20:13:14.4599455Z   version: v2.11.4
Lint Check	Linter (GolangCI-Lint)	2026-04-08T20:13:14.4599641Z   args: --timeout=5m
Lint Check	Linter (GolangCI-Lint)	2026-04-08T20:13:14.4600044Z   install-mode: binary
Lint Check	Linter (GolangCI-Lint)	2026-04-08T20:13:14.4600237Z   install-only: false
Lint Check	Linter (GolangCI-Lint)	2026-04-08T20:13:14.4600573Z   github-token: ***
Lint Check	Linter (GolangCI-Lint)	2026-04-08T20:13:14.4600770Z   verify: true
Lint Check	Linter (GolangCI-Lint)	2026-04-08T20:13:14.4600949Z   only-new-issues: false
Lint Check	Linter (GolangCI-Lint)	2026-04-08T20:13:14.4601154Z   skip-cache: false
Lint Check	Linter (GolangCI-Lint)	2026-04-08T20:13:14.4601336Z   skip-save-cache: false
Lint Check	Linter (GolangCI-Lint)	2026-04-08T20:13:14.4601560Z   cache-invalidation-interval: 7
Lint Check	Linter (GolangCI-Lint)	2026-04-08T20:13:14.4601792Z   problem-matchers: false
Lint Check	Linter (GolangCI-Lint)	2026-04-08T20:13:14.4601992Z env:
Lint Check	Linter (GolangCI-Lint)	2026-04-08T20:13:14.4602163Z   NODE_VERSION: 24
Lint Check	Linter (GolangCI-Lint)	2026-04-08T20:13:14.4602381Z   FORCE_JAVASCRIPT_ACTIONS_TO_NODE24: true
Lint Check	Linter (GolangCI-Lint)	2026-04-08T20:13:14.4602628Z   GOTOOLCHAIN: local
Lint Check	Linter (GolangCI-Lint)	2026-04-08T20:13:14.4602808Z ##[endgroup]
Lint Check	Linter (GolangCI-Lint)	2026-04-08T20:13:14.6075968Z ##[group]Restore cache
Lint Check	Linter (GolangCI-Lint)	2026-04-08T20:13:14.6080237Z Checking for go.mod: go.mod
Lint Check	Linter (GolangCI-Lint)	2026-04-08T20:13:14.6085277Z (node:2354) [DEP0040] DeprecationWarning: The `punycode` module is deprecated. Please use a userland alternative instead.
Lint Check	Linter (GolangCI-Lint)	2026-04-08T20:13:14.6085968Z (Use `node --trace-deprecation ...` to show where the warning was created)
Lint Check	Linter (GolangCI-Lint)	2026-04-08T20:13:14.8848591Z Cache hit for restore-key: golangci-lint.cache-Linux-2935-beec453a513a7cc787399a3c95f79c8962defa60
Lint Check	Linter (GolangCI-Lint)	2026-04-08T20:13:14.8959335Z (node:2354) [DEP0169] DeprecationWarning: `url.parse()` behavior is not standardized and prone to errors that have security implications. Use the WHATWG URL API instead. CVEs are not issued for `url.parse()` vulnerabilities.
Lint Check	Linter (GolangCI-Lint)	2026-04-08T20:13:15.9467245Z Received 1172515 of 1172515 (100.0%), 1.4 MBs/sec
Lint Check	Linter (GolangCI-Lint)	2026-04-08T20:13:15.9468219Z Cache Size: ~1 MB (1172515 B)
Lint Check	Linter (GolangCI-Lint)	2026-04-08T20:13:15.9500385Z [command]/usr/bin/tar -xf /home/runner/work/_temp/8fbe5396-b302-4f6e-83be-008efeb562a6/cache.tzst -P -C /home/runner/work/agbalumo/agbalumo --use-compress-program unzstd
Lint Check	Linter (GolangCI-Lint)	2026-04-08T20:13:16.4051791Z Cache restored successfully
Lint Check	Linter (GolangCI-Lint)	2026-04-08T20:13:16.4056646Z Restored cache for golangci-lint from key 'golangci-lint.cache-Linux-2935-ced37cabb3bd0007f02b03c007ca551bbaac7361' in 1798ms
Lint Check	Linter (GolangCI-Lint)	2026-04-08T20:13:16.4058059Z ##[endgroup]
Lint Check	Linter (GolangCI-Lint)	2026-04-08T20:13:16.4058574Z ##[group]Install
Lint Check	Linter (GolangCI-Lint)	2026-04-08T20:13:16.4059477Z Finding needed golangci-lint version...
Lint Check	Linter (GolangCI-Lint)	2026-04-08T20:13:16.4063322Z Installation mode: binary
Lint Check	Linter (GolangCI-Lint)	2026-04-08T20:13:16.4064332Z Installing golangci-lint binary v2.11.4...
Lint Check	Linter (GolangCI-Lint)	2026-04-08T20:13:16.4065712Z Downloading binary https://github.com/golangci/golangci-lint/releases/download/v2.11.4/golangci-lint-2.11.4-linux-amd64.tar.gz ...
Lint Check	Linter (GolangCI-Lint)	2026-04-08T20:13:16.6096931Z [command]/usr/bin/tar xz --overwrite --warning=no-unknown-keyword --overwrite -C /home/runner -f /home/runner/work/_temp/92987d8f-2f23-4099-9881-9443812e14ab
Lint Check	Linter (GolangCI-Lint)	2026-04-08T20:13:16.8684121Z Installed golangci-lint into /home/runner/golangci-lint-2.11.4-linux-amd64/golangci-lint in 462ms
Lint Check	Linter (GolangCI-Lint)	2026-04-08T20:13:16.8687228Z ##[endgroup]
Lint Check	Linter (GolangCI-Lint)	2026-04-08T20:13:16.8690915Z ##[group]run golangci-lint
Lint Check	Linter (GolangCI-Lint)	2026-04-08T20:13:16.8695934Z Running [/home/runner/golangci-lint-2.11.4-linux-amd64/golangci-lint config path] in [/home/runner/work/agbalumo/agbalumo] ...
Lint Check	Linter (GolangCI-Lint)	2026-04-08T20:13:16.9476589Z Running [/home/runner/golangci-lint-2.11.4-linux-amd64/golangci-lint config verify] in [/home/runner/work/agbalumo/agbalumo] ...
Lint Check	Linter (GolangCI-Lint)	2026-04-08T20:13:17.0660287Z Running [/home/runner/golangci-lint-2.11.4-linux-amd64/golangci-lint run  --timeout=5m] in [/home/runner/work/agbalumo/agbalumo] ...
Lint Check	Linter (GolangCI-Lint)	2026-04-08T20:13:58.0163944Z 0 issues.
Lint Check	Linter (GolangCI-Lint)	2026-04-08T20:13:58.0164211Z 
Lint Check	Linter (GolangCI-Lint)	2026-04-08T20:13:58.0164378Z golangci-lint found no issues
Lint Check	Linter (GolangCI-Lint)	2026-04-08T20:13:58.0164825Z Ran golangci-lint in 40951ms
Lint Check	Linter (GolangCI-Lint)	2026-04-08T20:13:58.0165522Z ##[endgroup]
Lint Check	Verify GitHub Action SHAs	﻿2026-04-08T20:13:58.0342733Z ##[group]Run go run cmd/verify/main.go verify-shas
Lint Check	Verify GitHub Action SHAs	2026-04-08T20:13:58.0343188Z [36;1mgo run cmd/verify/main.go verify-shas[0m
Lint Check	Verify GitHub Action SHAs	2026-04-08T20:13:58.0368108Z shell: /usr/bin/bash -e {0}
Lint Check	Verify GitHub Action SHAs	2026-04-08T20:13:58.0368357Z env:
Lint Check	Verify GitHub Action SHAs	2026-04-08T20:13:58.0368518Z   NODE_VERSION: 24
Lint Check	Verify GitHub Action SHAs	2026-04-08T20:13:58.0368738Z   FORCE_JAVASCRIPT_ACTIONS_TO_NODE24: true
Lint Check	Verify GitHub Action SHAs	2026-04-08T20:13:58.0368997Z   GOTOOLCHAIN: local
Lint Check	Verify GitHub Action SHAs	2026-04-08T20:13:58.0369184Z ##[endgroup]
Lint Check	Verify GitHub Action SHAs	2026-04-08T20:13:58.3615418Z 🔍 Verifying GitHub Action SHA pinning...
Lint Check	Verify GitHub Action SHAs	2026-04-08T20:13:58.3618079Z ✅ All GitHub Actions are correctly pinned to SHAs.
Lint Check	Post Linter (GolangCI-Lint)	﻿2026-04-08T20:13:58.3848322Z Post job cleanup.
Lint Check	Post Linter (GolangCI-Lint)	2026-04-08T20:13:58.5470079Z (node:5460) [DEP0040] DeprecationWarning: The `punycode` module is deprecated. Please use a userland alternative instead.
Lint Check	Post Linter (GolangCI-Lint)	2026-04-08T20:13:58.5471298Z (Use `node --trace-deprecation ...` to show where the warning was created)
Lint Check	Post Linter (GolangCI-Lint)	2026-04-08T20:13:58.5772685Z [command]/usr/bin/tar --posix -cf cache.tzst --exclude cache.tzst -P -C /home/runner/work/agbalumo/agbalumo --files-from manifest.txt --use-compress-program zstdmt
Lint Check	Post Linter (GolangCI-Lint)	2026-04-08T20:13:59.0482534Z (node:5460) [DEP0169] DeprecationWarning: `url.parse()` behavior is not standardized and prone to errors that have security implications. Use the WHATWG URL API instead. CVEs are not issued for `url.parse()` vulnerabilities.
Lint Check	Post Linter (GolangCI-Lint)	2026-04-08T20:13:59.7620100Z Sent 1212776 of 1212776 (100.0%), 1.6 MBs/sec
Lint Check	Post Linter (GolangCI-Lint)	2026-04-08T20:14:00.0631898Z Saved cache for golangci-lint from paths '/home/runner/.cache/golangci-lint' in 1532ms
Lint Check	Post Setup Go	﻿2026-04-08T20:14:00.0779229Z Post job cleanup.
Lint Check	Post Setup Go	2026-04-08T20:14:00.2192355Z [command]/opt/hostedtoolcache/go/1.25.0/x64/bin/go env GOMODCACHE
Lint Check	Post Setup Go	2026-04-08T20:14:00.2239568Z [command]/opt/hostedtoolcache/go/1.25.0/x64/bin/go env GOCACHE
Lint Check	Post Setup Go	2026-04-08T20:14:00.2275360Z /home/runner/go/pkg/mod
Lint Check	Post Setup Go	2026-04-08T20:14:00.2301882Z /home/runner/.cache/go-build
Lint Check	Post Setup Go	2026-04-08T20:14:00.2546119Z [command]/usr/bin/tar --posix -cf cache.tzst --exclude cache.tzst -P -C /home/runner/work/agbalumo/agbalumo --files-from manifest.txt --use-compress-program zstdmt
Lint Check	Post Setup Go	2026-04-08T20:14:02.6474268Z Failed to save: Unable to reserve cache with key setup-go-Linux-x64-ubuntu24-go-1.25.0-9b47a26596fc4bce154208be0bf7641ecaea646106d2d777c7b8a873afd7274a, another job may be creating this cache.
Lint Check	Post Checkout Code	﻿2026-04-08T20:14:02.6782544Z Post job cleanup.
Lint Check	Post Checkout Code	2026-04-08T20:14:02.7665859Z [command]/usr/bin/git version
Lint Check	Post Checkout Code	2026-04-08T20:14:02.7740258Z git version 2.53.0
Lint Check	Post Checkout Code	2026-04-08T20:14:02.7784792Z Temporarily overriding HOME='/home/runner/work/_temp/ca59a2f8-3925-4563-bbd3-0e3a0dab5217' before making global git config changes
Lint Check	Post Checkout Code	2026-04-08T20:14:02.7786163Z Adding repository directory to the temporary git global config as a safe directory
Lint Check	Post Checkout Code	2026-04-08T20:14:02.7791654Z [command]/usr/bin/git config --global --add safe.directory /home/runner/work/agbalumo/agbalumo
Lint Check	Post Checkout Code	2026-04-08T20:14:02.7827397Z Removing SSH command configuration
Lint Check	Post Checkout Code	2026-04-08T20:14:02.7836104Z [command]/usr/bin/git config --local --name-only --get-regexp core\.sshCommand
Lint Check	Post Checkout Code	2026-04-08T20:14:02.7875030Z [command]/usr/bin/git submodule foreach --recursive sh -c "git config --local --name-only --get-regexp 'core\.sshCommand' && git config --local --unset-all 'core.sshCommand' || :"
Lint Check	Post Checkout Code	2026-04-08T20:14:02.8107274Z Removing HTTP extra header
Lint Check	Post Checkout Code	2026-04-08T20:14:02.8113526Z [command]/usr/bin/git config --local --name-only --get-regexp http\.https\:\/\/github\.com\/\.extraheader
Lint Check	Post Checkout Code	2026-04-08T20:14:02.8149281Z [command]/usr/bin/git submodule foreach --recursive sh -c "git config --local --name-only --get-regexp 'http\.https\:\/\/github\.com\/\.extraheader' && git config --local --unset-all 'http.https://github.com/.extraheader' || :"
Lint Check	Post Checkout Code	2026-04-08T20:14:02.8371038Z Removing includeIf entries pointing to credentials config files
Lint Check	Post Checkout Code	2026-04-08T20:14:02.8379136Z [command]/usr/bin/git config --local --name-only --get-regexp ^includeIf\.gitdir:
Lint Check	Post Checkout Code	2026-04-08T20:14:02.8405214Z includeif.gitdir:/home/runner/work/agbalumo/agbalumo/.git.path
Lint Check	Post Checkout Code	2026-04-08T20:14:02.8406135Z includeif.gitdir:/home/runner/work/agbalumo/agbalumo/.git/worktrees/*.path
Lint Check	Post Checkout Code	2026-04-08T20:14:02.8406893Z includeif.gitdir:/github/workspace/.git.path
Lint Check	Post Checkout Code	2026-04-08T20:14:02.8407592Z includeif.gitdir:/github/workspace/.git/worktrees/*.path
Lint Check	Post Checkout Code	2026-04-08T20:14:02.8434676Z [command]/usr/bin/git config --local --get-all includeif.gitdir:/home/runner/work/agbalumo/agbalumo/.git.path
Lint Check	Post Checkout Code	2026-04-08T20:14:02.8443459Z /home/runner/work/_temp/git-credentials-773f0e35-03b3-4f51-9bcb-d7d51998651c.config
Lint Check	Post Checkout Code	2026-04-08T20:14:02.8460481Z [command]/usr/bin/git config --local --unset includeif.gitdir:/home/runner/work/agbalumo/agbalumo/.git.path /home/runner/work/_temp/git-credentials-773f0e35-03b3-4f51-9bcb-d7d51998651c.config
Lint Check	Post Checkout Code	2026-04-08T20:14:02.8497283Z [command]/usr/bin/git config --local --get-all includeif.gitdir:/home/runner/work/agbalumo/agbalumo/.git/worktrees/*.path
Lint Check	Post Checkout Code	2026-04-08T20:14:02.8521649Z /home/runner/work/_temp/git-credentials-773f0e35-03b3-4f51-9bcb-d7d51998651c.config
Lint Check	Post Checkout Code	2026-04-08T20:14:02.8532135Z [command]/usr/bin/git config --local --unset includeif.gitdir:/home/runner/work/agbalumo/agbalumo/.git/worktrees/*.path /home/runner/work/_temp/git-credentials-773f0e35-03b3-4f51-9bcb-d7d51998651c.config
Lint Check	Post Checkout Code	2026-04-08T20:14:02.8568330Z [command]/usr/bin/git config --local --get-all includeif.gitdir:/github/workspace/.git.path
Lint Check	Post Checkout Code	2026-04-08T20:14:02.8590479Z /github/runner_temp/git-credentials-773f0e35-03b3-4f51-9bcb-d7d51998651c.config
Lint Check	Post Checkout Code	2026-04-08T20:14:02.8599353Z [command]/usr/bin/git config --local --unset includeif.gitdir:/github/workspace/.git.path /github/runner_temp/git-credentials-773f0e35-03b3-4f51-9bcb-d7d51998651c.config
Lint Check	Post Checkout Code	2026-04-08T20:14:02.8631440Z [command]/usr/bin/git config --local --get-all includeif.gitdir:/github/workspace/.git/worktrees/*.path
Lint Check	Post Checkout Code	2026-04-08T20:14:02.8653131Z /github/runner_temp/git-credentials-773f0e35-03b3-4f51-9bcb-d7d51998651c.config
Lint Check	Post Checkout Code	2026-04-08T20:14:02.8664309Z [command]/usr/bin/git config --local --unset includeif.gitdir:/github/workspace/.git/worktrees/*.path /github/runner_temp/git-credentials-773f0e35-03b3-4f51-9bcb-d7d51998651c.config
Lint Check	Post Checkout Code	2026-04-08T20:14:02.8697674Z [command]/usr/bin/git submodule foreach --recursive git config --local --show-origin --name-only --get-regexp remote.origin.url
Lint Check	Post Checkout Code	2026-04-08T20:14:02.8916758Z Removing credentials config '/home/runner/work/_temp/git-credentials-773f0e35-03b3-4f51-9bcb-d7d51998651c.config'
Lint Check	Complete job	﻿2026-04-08T20:14:02.9056056Z Cleaning up orphan processes
Docker Build & Scan	Set up job	﻿2026-04-08T20:15:48.1720396Z Current runner version: '2.333.1'
Docker Build & Scan	Set up job	2026-04-08T20:15:48.1744996Z ##[group]Runner Image Provisioner
Docker Build & Scan	Set up job	2026-04-08T20:15:48.1745757Z Hosted Compute Agent
Docker Build & Scan	Set up job	2026-04-08T20:15:48.1746301Z Version: 20260213.493
Docker Build & Scan	Set up job	2026-04-08T20:15:48.1746964Z Commit: 5c115507f6dd24b8de37d8bbe0bb4509d0cc0fa3
Docker Build & Scan	Set up job	2026-04-08T20:15:48.1747656Z Build Date: 2026-02-13T00:28:41Z
Docker Build & Scan	Set up job	2026-04-08T20:15:48.1748271Z Worker ID: {23906da0-fb18-444e-97e5-aac11dc3be89}
Docker Build & Scan	Set up job	2026-04-08T20:15:48.1749034Z Azure Region: eastus
Docker Build & Scan	Set up job	2026-04-08T20:15:48.1749570Z ##[endgroup]
Docker Build & Scan	Set up job	2026-04-08T20:15:48.1751176Z ##[group]Operating System
Docker Build & Scan	Set up job	2026-04-08T20:15:48.1751872Z Ubuntu
Docker Build & Scan	Set up job	2026-04-08T20:15:48.1752318Z 24.04.4
Docker Build & Scan	Set up job	2026-04-08T20:15:48.1752779Z LTS
Docker Build & Scan	Set up job	2026-04-08T20:15:48.1753239Z ##[endgroup]
Docker Build & Scan	Set up job	2026-04-08T20:15:48.1753783Z ##[group]Runner Image
Docker Build & Scan	Set up job	2026-04-08T20:15:48.1754295Z Image: ubuntu-24.04
Docker Build & Scan	Set up job	2026-04-08T20:15:48.1754838Z Version: 20260329.72.1
Docker Build & Scan	Set up job	2026-04-08T20:15:48.1755842Z Included Software: https://github.com/actions/runner-images/blob/ubuntu24/20260329.72/images/ubuntu/Ubuntu2404-Readme.md
Docker Build & Scan	Set up job	2026-04-08T20:15:48.1757570Z Image Release: https://github.com/actions/runner-images/releases/tag/ubuntu24%2F20260329.72
Docker Build & Scan	Set up job	2026-04-08T20:15:48.1758437Z ##[endgroup]
Docker Build & Scan	Set up job	2026-04-08T20:15:48.1761172Z ##[group]GITHUB_TOKEN Permissions
Docker Build & Scan	Set up job	2026-04-08T20:15:48.1763396Z Actions: write
Docker Build & Scan	Set up job	2026-04-08T20:15:48.1763998Z ArtifactMetadata: write
Docker Build & Scan	Set up job	2026-04-08T20:15:48.1764511Z Attestations: write
Docker Build & Scan	Set up job	2026-04-08T20:15:48.1765173Z Checks: write
Docker Build & Scan	Set up job	2026-04-08T20:15:48.1765637Z Contents: write
Docker Build & Scan	Set up job	2026-04-08T20:15:48.1766131Z Deployments: write
Docker Build & Scan	Set up job	2026-04-08T20:15:48.1766711Z Discussions: write
Docker Build & Scan	Set up job	2026-04-08T20:15:48.1767204Z Issues: write
Docker Build & Scan	Set up job	2026-04-08T20:15:48.1767689Z Metadata: read
Docker Build & Scan	Set up job	2026-04-08T20:15:48.1768687Z Models: read
Docker Build & Scan	Set up job	2026-04-08T20:15:48.1769235Z Packages: write
Docker Build & Scan	Set up job	2026-04-08T20:15:48.1769738Z Pages: write
Docker Build & Scan	Set up job	2026-04-08T20:15:48.1770809Z PullRequests: write
Docker Build & Scan	Set up job	2026-04-08T20:15:48.1771407Z RepositoryProjects: write
Docker Build & Scan	Set up job	2026-04-08T20:15:48.1771990Z SecurityEvents: write
Docker Build & Scan	Set up job	2026-04-08T20:15:48.1772594Z Statuses: write
Docker Build & Scan	Set up job	2026-04-08T20:15:48.1773071Z ##[endgroup]
Docker Build & Scan	Set up job	2026-04-08T20:15:48.1775071Z Secret source: Actions
Docker Build & Scan	Set up job	2026-04-08T20:15:48.1776128Z Prepare workflow directory
Docker Build & Scan	Set up job	2026-04-08T20:15:48.2155395Z Prepare all required actions
Docker Build & Scan	Set up job	2026-04-08T20:15:48.2192660Z Getting action download info
Docker Build & Scan	Set up job	2026-04-08T20:15:48.6745519Z Download action repository 'actions/checkout@de0fac2e4500dabe0009e67214ff5f5447ce83dd' (SHA:de0fac2e4500dabe0009e67214ff5f5447ce83dd)
Docker Build & Scan	Set up job	2026-04-08T20:15:48.7998619Z Download action repository 'actions/setup-node@53b83947a5a98c8d113130e565377fae1a50d02f' (SHA:53b83947a5a98c8d113130e565377fae1a50d02f)
Docker Build & Scan	Set up job	2026-04-08T20:15:48.8922915Z Download action repository 'docker/setup-buildx-action@4d04d5d9486b7bd6fa91e7baf45bbb4f8b9deedd' (SHA:4d04d5d9486b7bd6fa91e7baf45bbb4f8b9deedd)
Docker Build & Scan	Set up job	2026-04-08T20:15:49.1639758Z Download action repository 'docker/build-push-action@d08e5c354a6adb9ed34480a06d141179aa583294' (SHA:d08e5c354a6adb9ed34480a06d141179aa583294)
Docker Build & Scan	Set up job	2026-04-08T20:15:49.4609467Z Download action repository 'aquasecurity/trivy-action@57a97c7e7821a5776cebc9bb87c984fa69cba8f1' (SHA:57a97c7e7821a5776cebc9bb87c984fa69cba8f1)
Docker Build & Scan	Set up job	2026-04-08T20:15:49.8190135Z Getting action download info
Docker Build & Scan	Set up job	2026-04-08T20:15:50.0302597Z Download action repository 'aquasecurity/setup-trivy@e6c2c5e321ed9123bda567646e2f96565e34abe1' (SHA:e6c2c5e321ed9123bda567646e2f96565e34abe1)
Docker Build & Scan	Set up job	2026-04-08T20:15:50.1982915Z Download action repository 'actions/cache@0400d5f644dc74513175e3cd8d07132dd4860809' (SHA:0400d5f644dc74513175e3cd8d07132dd4860809)
Docker Build & Scan	Set up job	2026-04-08T20:15:50.3996878Z Getting action download info
Docker Build & Scan	Set up job	2026-04-08T20:15:50.5616145Z Download action repository 'actions/checkout@08c6903cd8c0fde910a37f88322edcfb5dd907a8' (SHA:08c6903cd8c0fde910a37f88322edcfb5dd907a8)
Docker Build & Scan	Set up job	2026-04-08T20:15:50.6930255Z Complete job name: Docker Build & Scan
Docker Build & Scan	Checkout Code	﻿2026-04-08T20:15:50.7798431Z ##[group]Run actions/checkout@de0fac2e4500dabe0009e67214ff5f5447ce83dd
Docker Build & Scan	Checkout Code	2026-04-08T20:15:50.7800232Z with:
Docker Build & Scan	Checkout Code	2026-04-08T20:15:50.7800963Z   repository: jadecobra/agbalumo
Docker Build & Scan	Checkout Code	2026-04-08T20:15:50.7802092Z   token: ***
Docker Build & Scan	Checkout Code	2026-04-08T20:15:50.7802809Z   ssh-strict: true
Docker Build & Scan	Checkout Code	2026-04-08T20:15:50.7803520Z   ssh-user: git
Docker Build & Scan	Checkout Code	2026-04-08T20:15:50.7804505Z   persist-credentials: true
Docker Build & Scan	Checkout Code	2026-04-08T20:15:50.7805316Z   clean: true
Docker Build & Scan	Checkout Code	2026-04-08T20:15:50.7806068Z   sparse-checkout-cone-mode: true
Docker Build & Scan	Checkout Code	2026-04-08T20:15:50.7806947Z   fetch-depth: 1
Docker Build & Scan	Checkout Code	2026-04-08T20:15:50.7807664Z   fetch-tags: false
Docker Build & Scan	Checkout Code	2026-04-08T20:15:50.7808391Z   show-progress: true
Docker Build & Scan	Checkout Code	2026-04-08T20:15:50.7809132Z   lfs: false
Docker Build & Scan	Checkout Code	2026-04-08T20:15:50.7809807Z   submodules: false
Docker Build & Scan	Checkout Code	2026-04-08T20:15:50.7810719Z   set-safe-directory: true
Docker Build & Scan	Checkout Code	2026-04-08T20:15:50.7811800Z env:
Docker Build & Scan	Checkout Code	2026-04-08T20:15:50.7812455Z   NODE_VERSION: 24
Docker Build & Scan	Checkout Code	2026-04-08T20:15:50.7813245Z   FORCE_JAVASCRIPT_ACTIONS_TO_NODE24: true
Docker Build & Scan	Checkout Code	2026-04-08T20:15:50.7814178Z ##[endgroup]
Docker Build & Scan	Checkout Code	2026-04-08T20:15:50.8732520Z Syncing repository: jadecobra/agbalumo
Docker Build & Scan	Checkout Code	2026-04-08T20:15:50.8734988Z ##[group]Getting Git version info
Docker Build & Scan	Checkout Code	2026-04-08T20:15:50.8736194Z Working directory is '/home/runner/work/agbalumo/agbalumo'
Docker Build & Scan	Checkout Code	2026-04-08T20:15:50.8737936Z [command]/usr/bin/git version
Docker Build & Scan	Checkout Code	2026-04-08T20:15:50.8756508Z git version 2.53.0
Docker Build & Scan	Checkout Code	2026-04-08T20:15:50.8779022Z ##[endgroup]
Docker Build & Scan	Checkout Code	2026-04-08T20:15:50.8793380Z Temporarily overriding HOME='/home/runner/work/_temp/bea2e06c-24e2-4db4-9016-6e38d196d92e' before making global git config changes
Docker Build & Scan	Checkout Code	2026-04-08T20:15:50.8796419Z Adding repository directory to the temporary git global config as a safe directory
Docker Build & Scan	Checkout Code	2026-04-08T20:15:50.8799028Z [command]/usr/bin/git config --global --add safe.directory /home/runner/work/agbalumo/agbalumo
Docker Build & Scan	Checkout Code	2026-04-08T20:15:50.8830169Z Deleting the contents of '/home/runner/work/agbalumo/agbalumo'
Docker Build & Scan	Checkout Code	2026-04-08T20:15:50.8834208Z ##[group]Initializing the repository
Docker Build & Scan	Checkout Code	2026-04-08T20:15:50.8837875Z [command]/usr/bin/git init /home/runner/work/agbalumo/agbalumo
Docker Build & Scan	Checkout Code	2026-04-08T20:15:50.8939398Z hint: Using 'master' as the name for the initial branch. This default branch name
Docker Build & Scan	Checkout Code	2026-04-08T20:15:50.8942155Z hint: will change to "main" in Git 3.0. To configure the initial branch name
Docker Build & Scan	Checkout Code	2026-04-08T20:15:50.8944578Z hint: to use in all of your new repositories, which will suppress this warning,
Docker Build & Scan	Checkout Code	2026-04-08T20:15:50.8946570Z hint: call:
Docker Build & Scan	Checkout Code	2026-04-08T20:15:50.8947296Z hint:
Docker Build & Scan	Checkout Code	2026-04-08T20:15:50.8948345Z hint: 	git config --global init.defaultBranch <name>
Docker Build & Scan	Checkout Code	2026-04-08T20:15:50.8949792Z hint:
Docker Build & Scan	Checkout Code	2026-04-08T20:15:50.8951140Z hint: Names commonly chosen instead of 'master' are 'main', 'trunk' and
Docker Build & Scan	Checkout Code	2026-04-08T20:15:50.8952887Z hint: 'development'. The just-created branch can be renamed via this command:
Docker Build & Scan	Checkout Code	2026-04-08T20:15:50.8954261Z hint:
Docker Build & Scan	Checkout Code	2026-04-08T20:15:50.8955196Z hint: 	git branch -m <name>
Docker Build & Scan	Checkout Code	2026-04-08T20:15:50.8955998Z hint:
Docker Build & Scan	Checkout Code	2026-04-08T20:15:50.8957078Z hint: Disable this message with "git config set advice.defaultBranchName false"
Docker Build & Scan	Checkout Code	2026-04-08T20:15:50.8958825Z Initialized empty Git repository in /home/runner/work/agbalumo/agbalumo/.git/
Docker Build & Scan	Checkout Code	2026-04-08T20:15:50.8961839Z [command]/usr/bin/git remote add origin https://github.com/jadecobra/agbalumo
Docker Build & Scan	Checkout Code	2026-04-08T20:15:50.8980981Z ##[endgroup]
Docker Build & Scan	Checkout Code	2026-04-08T20:15:50.8982270Z ##[group]Disabling automatic garbage collection
Docker Build & Scan	Checkout Code	2026-04-08T20:15:50.8984344Z [command]/usr/bin/git config --local gc.auto 0
Docker Build & Scan	Checkout Code	2026-04-08T20:15:50.9011772Z ##[endgroup]
Docker Build & Scan	Checkout Code	2026-04-08T20:15:50.9013103Z ##[group]Setting up auth
Docker Build & Scan	Checkout Code	2026-04-08T20:15:50.9014001Z Removing SSH command configuration
Docker Build & Scan	Checkout Code	2026-04-08T20:15:50.9018282Z [command]/usr/bin/git config --local --name-only --get-regexp core\.sshCommand
Docker Build & Scan	Checkout Code	2026-04-08T20:15:50.9049396Z [command]/usr/bin/git submodule foreach --recursive sh -c "git config --local --name-only --get-regexp 'core\.sshCommand' && git config --local --unset-all 'core.sshCommand' || :"
Docker Build & Scan	Checkout Code	2026-04-08T20:15:50.9323769Z Removing HTTP extra header
Docker Build & Scan	Checkout Code	2026-04-08T20:15:50.9330947Z [command]/usr/bin/git config --local --name-only --get-regexp http\.https\:\/\/github\.com\/\.extraheader
Docker Build & Scan	Checkout Code	2026-04-08T20:15:50.9364588Z [command]/usr/bin/git submodule foreach --recursive sh -c "git config --local --name-only --get-regexp 'http\.https\:\/\/github\.com\/\.extraheader' && git config --local --unset-all 'http.https://github.com/.extraheader' || :"
Docker Build & Scan	Checkout Code	2026-04-08T20:15:50.9572461Z Removing includeIf entries pointing to credentials config files
Docker Build & Scan	Checkout Code	2026-04-08T20:15:50.9579107Z [command]/usr/bin/git config --local --name-only --get-regexp ^includeIf\.gitdir:
Docker Build & Scan	Checkout Code	2026-04-08T20:15:50.9611754Z [command]/usr/bin/git submodule foreach --recursive git config --local --show-origin --name-only --get-regexp remote.origin.url
Docker Build & Scan	Checkout Code	2026-04-08T20:15:50.9828727Z [command]/usr/bin/git config --file /home/runner/work/_temp/git-credentials-0774220a-49c3-4ef7-baa7-6c2ba19e12bf.config http.https://github.com/.extraheader AUTHORIZATION: basic ***
Docker Build & Scan	Checkout Code	2026-04-08T20:15:50.9864159Z [command]/usr/bin/git config --local includeIf.gitdir:/home/runner/work/agbalumo/agbalumo/.git.path /home/runner/work/_temp/git-credentials-0774220a-49c3-4ef7-baa7-6c2ba19e12bf.config
Docker Build & Scan	Checkout Code	2026-04-08T20:15:50.9892735Z [command]/usr/bin/git config --local includeIf.gitdir:/home/runner/work/agbalumo/agbalumo/.git/worktrees/*.path /home/runner/work/_temp/git-credentials-0774220a-49c3-4ef7-baa7-6c2ba19e12bf.config
Docker Build & Scan	Checkout Code	2026-04-08T20:15:50.9921570Z [command]/usr/bin/git config --local includeIf.gitdir:/github/workspace/.git.path /github/runner_temp/git-credentials-0774220a-49c3-4ef7-baa7-6c2ba19e12bf.config
Docker Build & Scan	Checkout Code	2026-04-08T20:15:50.9950370Z [command]/usr/bin/git config --local includeIf.gitdir:/github/workspace/.git/worktrees/*.path /github/runner_temp/git-credentials-0774220a-49c3-4ef7-baa7-6c2ba19e12bf.config
Docker Build & Scan	Checkout Code	2026-04-08T20:15:50.9975550Z ##[endgroup]
Docker Build & Scan	Checkout Code	2026-04-08T20:15:50.9976823Z ##[group]Fetching the repository
Docker Build & Scan	Checkout Code	2026-04-08T20:15:50.9984451Z [command]/usr/bin/git -c protocol.version=2 fetch --no-tags --prune --no-recurse-submodules --depth=1 origin +f711d9f6e1881056548352d44db138e91163ffb4:refs/remotes/origin/main
Docker Build & Scan	Checkout Code	2026-04-08T20:15:51.2864351Z From https://github.com/jadecobra/agbalumo
Docker Build & Scan	Checkout Code	2026-04-08T20:15:51.2865822Z  * [new ref]         f711d9f6e1881056548352d44db138e91163ffb4 -> origin/main
Docker Build & Scan	Checkout Code	2026-04-08T20:15:51.2899160Z [command]/usr/bin/git branch --list --remote origin/main
Docker Build & Scan	Checkout Code	2026-04-08T20:15:51.2935109Z   origin/main
Docker Build & Scan	Checkout Code	2026-04-08T20:15:51.2943686Z [command]/usr/bin/git rev-parse refs/remotes/origin/main
Docker Build & Scan	Checkout Code	2026-04-08T20:15:51.2965741Z f711d9f6e1881056548352d44db138e91163ffb4
Docker Build & Scan	Checkout Code	2026-04-08T20:15:51.2971934Z ##[endgroup]
Docker Build & Scan	Checkout Code	2026-04-08T20:15:51.2974123Z ##[group]Determining the checkout info
Docker Build & Scan	Checkout Code	2026-04-08T20:15:51.2976650Z ##[endgroup]
Docker Build & Scan	Checkout Code	2026-04-08T20:15:51.2978084Z [command]/usr/bin/git sparse-checkout disable
Docker Build & Scan	Checkout Code	2026-04-08T20:15:51.3014937Z [command]/usr/bin/git config --local --unset-all extensions.worktreeConfig
Docker Build & Scan	Checkout Code	2026-04-08T20:15:51.3041566Z ##[group]Checking out the ref
Docker Build & Scan	Checkout Code	2026-04-08T20:15:51.3044282Z [command]/usr/bin/git checkout --progress --force -B main refs/remotes/origin/main
Docker Build & Scan	Checkout Code	2026-04-08T20:15:51.3381164Z Switched to a new branch 'main'
Docker Build & Scan	Checkout Code	2026-04-08T20:15:51.3383197Z branch 'main' set up to track 'origin/main'.
Docker Build & Scan	Checkout Code	2026-04-08T20:15:51.3390797Z ##[endgroup]
Docker Build & Scan	Checkout Code	2026-04-08T20:15:51.3426100Z [command]/usr/bin/git log -1 --format=%H
Docker Build & Scan	Checkout Code	2026-04-08T20:15:51.3448788Z f711d9f6e1881056548352d44db138e91163ffb4
Docker Build & Scan	Setup Node	﻿2026-04-08T20:15:51.3741206Z ##[group]Run actions/setup-node@53b83947a5a98c8d113130e565377fae1a50d02f
Docker Build & Scan	Setup Node	2026-04-08T20:15:51.3742529Z with:
Docker Build & Scan	Setup Node	2026-04-08T20:15:51.3743197Z   node-version: 24
Docker Build & Scan	Setup Node	2026-04-08T20:15:51.3743948Z   check-latest: false
Docker Build & Scan	Setup Node	2026-04-08T20:15:51.3744947Z   token: ***
Docker Build & Scan	Setup Node	2026-04-08T20:15:51.3745668Z   package-manager-cache: true
Docker Build & Scan	Setup Node	2026-04-08T20:15:51.3746496Z env:
Docker Build & Scan	Setup Node	2026-04-08T20:15:51.3747134Z   NODE_VERSION: 24
Docker Build & Scan	Setup Node	2026-04-08T20:15:51.3747922Z   FORCE_JAVASCRIPT_ACTIONS_TO_NODE24: true
Docker Build & Scan	Setup Node	2026-04-08T20:15:51.3748854Z ##[endgroup]
Docker Build & Scan	Setup Node	2026-04-08T20:15:51.5216953Z Found in cache @ /opt/hostedtoolcache/node/24.14.1/x64
Docker Build & Scan	Setup Node	2026-04-08T20:15:51.5220183Z ##[group]Environment details
Docker Build & Scan	Setup Node	2026-04-08T20:15:53.5116208Z node: v24.14.1
Docker Build & Scan	Setup Node	2026-04-08T20:15:53.5116681Z npm: 11.11.0
Docker Build & Scan	Setup Node	2026-04-08T20:15:53.5116965Z yarn: 1.22.22
Docker Build & Scan	Setup Node	2026-04-08T20:15:53.5118244Z ##[endgroup]
Docker Build & Scan	Build CSS	﻿2026-04-08T20:15:53.5243387Z ##[group]Run npm ci
Docker Build & Scan	Build CSS	2026-04-08T20:15:53.5243970Z [36;1mnpm ci[0m
Docker Build & Scan	Build CSS	2026-04-08T20:15:53.5244188Z [36;1mnpm run build:css[0m
Docker Build & Scan	Build CSS	2026-04-08T20:15:53.5282338Z shell: /usr/bin/bash -e {0}
Docker Build & Scan	Build CSS	2026-04-08T20:15:53.5282602Z env:
Docker Build & Scan	Build CSS	2026-04-08T20:15:53.5282778Z   NODE_VERSION: 24
Docker Build & Scan	Build CSS	2026-04-08T20:15:53.5282989Z   FORCE_JAVASCRIPT_ACTIONS_TO_NODE24: true
Docker Build & Scan	Build CSS	2026-04-08T20:15:53.5283451Z ##[endgroup]
Docker Build & Scan	Build CSS	2026-04-08T20:15:55.8016559Z 
Docker Build & Scan	Build CSS	2026-04-08T20:15:55.8027104Z added 34 packages, and audited 35 packages in 2s
Docker Build & Scan	Build CSS	2026-04-08T20:15:55.8027599Z 
Docker Build & Scan	Build CSS	2026-04-08T20:15:55.8027976Z 8 packages are looking for funding
Docker Build & Scan	Build CSS	2026-04-08T20:15:55.8028555Z   run `npm fund` for details
Docker Build & Scan	Build CSS	2026-04-08T20:15:55.8032076Z 
Docker Build & Scan	Build CSS	2026-04-08T20:15:55.8032481Z found 0 vulnerabilities
Docker Build & Scan	Build CSS	2026-04-08T20:15:55.9408090Z 
Docker Build & Scan	Build CSS	2026-04-08T20:15:55.9408591Z > agbalumo@1.0.0 build:css
Docker Build & Scan	Build CSS	2026-04-08T20:15:55.9409514Z > tailwindcss -i ./ui/static/css/input.css -o ./ui/static/css/output.css --minify
Docker Build & Scan	Build CSS	2026-04-08T20:15:55.9410326Z 
Docker Build & Scan	Build CSS	2026-04-08T20:15:56.0871965Z [3m[1m[34m≈[39m[22m[23m tailwindcss [34mv4.2.1[39m
Docker Build & Scan	Build CSS	2026-04-08T20:15:56.0872612Z 
Docker Build & Scan	Build CSS	2026-04-08T20:15:56.2933373Z Done in [34m205ms[39m
Docker Build & Scan	Set up Docker Buildx	﻿2026-04-08T20:15:56.3163204Z ##[group]Run docker/setup-buildx-action@4d04d5d9486b7bd6fa91e7baf45bbb4f8b9deedd
Docker Build & Scan	Set up Docker Buildx	2026-04-08T20:15:56.3163655Z with:
Docker Build & Scan	Set up Docker Buildx	2026-04-08T20:15:56.3163832Z   driver: docker-container
Docker Build & Scan	Set up Docker Buildx	2026-04-08T20:15:56.3164060Z   use: true
Docker Build & Scan	Set up Docker Buildx	2026-04-08T20:15:56.3164249Z   keep-state: false
Docker Build & Scan	Set up Docker Buildx	2026-04-08T20:15:56.3164431Z   cache-binary: true
Docker Build & Scan	Set up Docker Buildx	2026-04-08T20:15:56.3164605Z   cleanup: true
Docker Build & Scan	Set up Docker Buildx	2026-04-08T20:15:56.3164774Z env:
Docker Build & Scan	Set up Docker Buildx	2026-04-08T20:15:56.3164928Z   NODE_VERSION: 24
Docker Build & Scan	Set up Docker Buildx	2026-04-08T20:15:56.3165131Z   FORCE_JAVASCRIPT_ACTIONS_TO_NODE24: true
Docker Build & Scan	Set up Docker Buildx	2026-04-08T20:15:56.3165391Z ##[endgroup]
Docker Build & Scan	Set up Docker Buildx	2026-04-08T20:15:56.5092971Z ##[group]Docker info
Docker Build & Scan	Set up Docker Buildx	2026-04-08T20:15:56.5115411Z [command]/usr/bin/docker version
Docker Build & Scan	Set up Docker Buildx	2026-04-08T20:15:56.5521565Z Client: Docker Engine - Community
Docker Build & Scan	Set up Docker Buildx	2026-04-08T20:15:56.5524028Z  Version:           28.0.4
Docker Build & Scan	Set up Docker Buildx	2026-04-08T20:15:56.5524437Z  API version:       1.48
Docker Build & Scan	Set up Docker Buildx	2026-04-08T20:15:56.5524866Z  Go version:        go1.23.7
Docker Build & Scan	Set up Docker Buildx	2026-04-08T20:15:56.5525336Z  Git commit:        b8034c0
Docker Build & Scan	Set up Docker Buildx	2026-04-08T20:15:56.5525853Z  Built:             Tue Mar 25 15:07:16 2025
Docker Build & Scan	Set up Docker Buildx	2026-04-08T20:15:56.5526411Z  OS/Arch:           linux/amd64
Docker Build & Scan	Set up Docker Buildx	2026-04-08T20:15:56.5526810Z  Context:           default
Docker Build & Scan	Set up Docker Buildx	2026-04-08T20:15:56.5527044Z 
Docker Build & Scan	Set up Docker Buildx	2026-04-08T20:15:56.5527278Z Server: Docker Engine - Community
Docker Build & Scan	Set up Docker Buildx	2026-04-08T20:15:56.5527684Z  Engine:
Docker Build & Scan	Set up Docker Buildx	2026-04-08T20:15:56.5527983Z   Version:          28.0.4
Docker Build & Scan	Set up Docker Buildx	2026-04-08T20:15:56.5528424Z   API version:      1.48 (minimum version 1.24)
Docker Build & Scan	Set up Docker Buildx	2026-04-08T20:15:56.5555269Z   Go version:       go1.23.7
Docker Build & Scan	Set up Docker Buildx	2026-04-08T20:15:56.5555808Z   Git commit:       6430e49
Docker Build & Scan	Set up Docker Buildx	2026-04-08T20:15:56.5556192Z   Built:            Tue Mar 25 15:07:16 2025
Docker Build & Scan	Set up Docker Buildx	2026-04-08T20:15:56.5556517Z   OS/Arch:          linux/amd64
Docker Build & Scan	Set up Docker Buildx	2026-04-08T20:15:56.5556780Z   Experimental:     false
Docker Build & Scan	Set up Docker Buildx	2026-04-08T20:15:56.5557064Z  containerd:
Docker Build & Scan	Set up Docker Buildx	2026-04-08T20:15:56.5557336Z   Version:          v2.2.2
Docker Build & Scan	Set up Docker Buildx	2026-04-08T20:15:56.5557661Z   GitCommit:        301b2dac98f15c27117da5c8af12118a041a31d9
Docker Build & Scan	Set up Docker Buildx	2026-04-08T20:15:56.5558019Z  runc:
Docker Build & Scan	Set up Docker Buildx	2026-04-08T20:15:56.5558209Z   Version:          1.3.4
Docker Build & Scan	Set up Docker Buildx	2026-04-08T20:15:56.5558457Z   GitCommit:        v1.3.4-0-gd6d73eb8
Docker Build & Scan	Set up Docker Buildx	2026-04-08T20:15:56.5558818Z  docker-init:
Docker Build & Scan	Set up Docker Buildx	2026-04-08T20:15:56.5559022Z   Version:          0.19.0
Docker Build & Scan	Set up Docker Buildx	2026-04-08T20:15:56.5559264Z   GitCommit:        de40ad0
Docker Build & Scan	Set up Docker Buildx	2026-04-08T20:15:56.5592328Z [command]/usr/bin/docker info
Docker Build & Scan	Set up Docker Buildx	2026-04-08T20:15:56.7108630Z Client: Docker Engine - Community
Docker Build & Scan	Set up Docker Buildx	2026-04-08T20:15:56.7113290Z  Version:    28.0.4
Docker Build & Scan	Set up Docker Buildx	2026-04-08T20:15:56.7113604Z  Context:    default
Docker Build & Scan	Set up Docker Buildx	2026-04-08T20:15:56.7113867Z  Debug Mode: false
Docker Build & Scan	Set up Docker Buildx	2026-04-08T20:15:56.7114064Z  Plugins:
Docker Build & Scan	Set up Docker Buildx	2026-04-08T20:15:56.7114293Z   buildx: Docker Buildx (Docker Inc.)
Docker Build & Scan	Set up Docker Buildx	2026-04-08T20:15:56.7114562Z     Version:  v0.32.1
Docker Build & Scan	Set up Docker Buildx	2026-04-08T20:15:56.7114868Z     Path:     /usr/libexec/docker/cli-plugins/docker-buildx
Docker Build & Scan	Set up Docker Buildx	2026-04-08T20:15:56.7115248Z   compose: Docker Compose (Docker Inc.)
Docker Build & Scan	Set up Docker Buildx	2026-04-08T20:15:56.7115507Z     Version:  v2.38.2
Docker Build & Scan	Set up Docker Buildx	2026-04-08T20:15:56.7115822Z     Path:     /usr/libexec/docker/cli-plugins/docker-compose
Docker Build & Scan	Set up Docker Buildx	2026-04-08T20:15:56.7116056Z 
Docker Build & Scan	Set up Docker Buildx	2026-04-08T20:15:56.7116144Z Server:
Docker Build & Scan	Set up Docker Buildx	2026-04-08T20:15:56.7116314Z  Containers: 0
Docker Build & Scan	Set up Docker Buildx	2026-04-08T20:15:56.7116543Z   Running: 0
Docker Build & Scan	Set up Docker Buildx	2026-04-08T20:15:56.7116742Z   Paused: 0
Docker Build & Scan	Set up Docker Buildx	2026-04-08T20:15:56.7116910Z   Stopped: 0
Docker Build & Scan	Set up Docker Buildx	2026-04-08T20:15:56.7117084Z  Images: 6
Docker Build & Scan	Set up Docker Buildx	2026-04-08T20:15:56.7117260Z  Server Version: 28.0.4
Docker Build & Scan	Set up Docker Buildx	2026-04-08T20:15:56.7118070Z  Storage Driver: overlay2
Docker Build & Scan	Set up Docker Buildx	2026-04-08T20:15:56.7118427Z   Backing Filesystem: extfs
Docker Build & Scan	Set up Docker Buildx	2026-04-08T20:15:56.7118653Z   Supports d_type: true
Docker Build & Scan	Set up Docker Buildx	2026-04-08T20:15:56.7118867Z   Using metacopy: false
Docker Build & Scan	Set up Docker Buildx	2026-04-08T20:15:56.7119078Z   Native Overlay Diff: false
Docker Build & Scan	Set up Docker Buildx	2026-04-08T20:15:56.7119303Z   userxattr: false
Docker Build & Scan	Set up Docker Buildx	2026-04-08T20:15:56.7119505Z  Logging Driver: json-file
Docker Build & Scan	Set up Docker Buildx	2026-04-08T20:15:56.7119720Z  Cgroup Driver: systemd
Docker Build & Scan	Set up Docker Buildx	2026-04-08T20:15:56.7120154Z  Cgroup Version: 2
Docker Build & Scan	Set up Docker Buildx	2026-04-08T20:15:56.7120361Z  Plugins:
Docker Build & Scan	Set up Docker Buildx	2026-04-08T20:15:56.7120540Z   Volume: local
Docker Build & Scan	Set up Docker Buildx	2026-04-08T20:15:56.7120802Z   Network: bridge host ipvlan macvlan null overlay
Docker Build & Scan	Set up Docker Buildx	2026-04-08T20:15:56.7121229Z   Log: awslogs fluentd gcplogs gelf journald json-file local splunk syslog
Docker Build & Scan	Set up Docker Buildx	2026-04-08T20:15:56.7121582Z  Swarm: inactive
Docker Build & Scan	Set up Docker Buildx	2026-04-08T20:15:56.7122043Z  Runtimes: io.containerd.runc.v2 runc
Docker Build & Scan	Set up Docker Buildx	2026-04-08T20:15:56.7122801Z  Default Runtime: runc
Docker Build & Scan	Set up Docker Buildx	2026-04-08T20:15:56.7123343Z  Init Binary: docker-init
Docker Build & Scan	Set up Docker Buildx	2026-04-08T20:15:56.7123995Z  containerd version: 301b2dac98f15c27117da5c8af12118a041a31d9
Docker Build & Scan	Set up Docker Buildx	2026-04-08T20:15:56.7124554Z  runc version: v1.3.4-0-gd6d73eb8
Docker Build & Scan	Set up Docker Buildx	2026-04-08T20:15:56.7125030Z  init version: de40ad0
Docker Build & Scan	Set up Docker Buildx	2026-04-08T20:15:56.7125503Z  Security Options:
Docker Build & Scan	Set up Docker Buildx	2026-04-08T20:15:56.7125926Z   apparmor
Docker Build & Scan	Set up Docker Buildx	2026-04-08T20:15:56.7126348Z   seccomp
Docker Build & Scan	Set up Docker Buildx	2026-04-08T20:15:56.7126815Z    Profile: builtin
Docker Build & Scan	Set up Docker Buildx	2026-04-08T20:15:56.7127238Z   cgroupns
Docker Build & Scan	Set up Docker Buildx	2026-04-08T20:15:56.7127693Z  Kernel Version: 6.17.0-1008-azure
Docker Build & Scan	Set up Docker Buildx	2026-04-08T20:15:56.7128225Z  Operating System: Ubuntu 24.04.4 LTS
Docker Build & Scan	Set up Docker Buildx	2026-04-08T20:15:56.7128721Z  OSType: linux
Docker Build & Scan	Set up Docker Buildx	2026-04-08T20:15:56.7129178Z  Architecture: x86_64
Docker Build & Scan	Set up Docker Buildx	2026-04-08T20:15:56.7129613Z  CPUs: 4
Docker Build & Scan	Set up Docker Buildx	2026-04-08T20:15:56.7130210Z  Total Memory: 15.62GiB
Docker Build & Scan	Set up Docker Buildx	2026-04-08T20:15:56.7130728Z  Name: runnervm727z3
Docker Build & Scan	Set up Docker Buildx	2026-04-08T20:15:56.7131255Z  ID: 0f5a37c5-64f3-4e6f-bd1e-9f132979e004
Docker Build & Scan	Set up Docker Buildx	2026-04-08T20:15:56.7131797Z  Docker Root Dir: /var/lib/docker
Docker Build & Scan	Set up Docker Buildx	2026-04-08T20:15:56.7132260Z  Debug Mode: false
Docker Build & Scan	Set up Docker Buildx	2026-04-08T20:15:56.7132708Z  Username: githubactions
Docker Build & Scan	Set up Docker Buildx	2026-04-08T20:15:56.7133172Z  Experimental: false
Docker Build & Scan	Set up Docker Buildx	2026-04-08T20:15:56.7133552Z  Insecure Registries:
Docker Build & Scan	Set up Docker Buildx	2026-04-08T20:15:56.7133805Z   ::1/128
Docker Build & Scan	Set up Docker Buildx	2026-04-08T20:15:56.7133974Z   127.0.0.0/8
Docker Build & Scan	Set up Docker Buildx	2026-04-08T20:15:56.7134171Z  Live Restore Enabled: false
Docker Build & Scan	Set up Docker Buildx	2026-04-08T20:15:56.7134318Z 
Docker Build & Scan	Set up Docker Buildx	2026-04-08T20:15:56.7141336Z ##[endgroup]
Docker Build & Scan	Set up Docker Buildx	2026-04-08T20:15:56.7806169Z ##[group]Buildx version
Docker Build & Scan	Set up Docker Buildx	2026-04-08T20:15:56.7832145Z [command]/usr/bin/docker buildx version
Docker Build & Scan	Set up Docker Buildx	2026-04-08T20:15:56.8457629Z github.com/docker/buildx v0.32.1 d3bfb3f4e48a67dda56e957a6636f4fab6c5fcb2
Docker Build & Scan	Set up Docker Buildx	2026-04-08T20:15:56.8494104Z ##[endgroup]
Docker Build & Scan	Set up Docker Buildx	2026-04-08T20:15:56.8652179Z ##[group]Inspecting default docker context
Docker Build & Scan	Set up Docker Buildx	2026-04-08T20:15:56.8795806Z [
Docker Build & Scan	Set up Docker Buildx	2026-04-08T20:15:56.8797136Z   {
Docker Build & Scan	Set up Docker Buildx	2026-04-08T20:15:56.8799710Z     "Name": "default",
Docker Build & Scan	Set up Docker Buildx	2026-04-08T20:15:56.8800369Z     "Metadata": {},
Docker Build & Scan	Set up Docker Buildx	2026-04-08T20:15:56.8800743Z     "Endpoints": {
Docker Build & Scan	Set up Docker Buildx	2026-04-08T20:15:56.8801152Z       "docker": {
Docker Build & Scan	Set up Docker Buildx	2026-04-08T20:15:56.8801610Z         "Host": "unix:///var/run/docker.sock",
Docker Build & Scan	Set up Docker Buildx	2026-04-08T20:15:56.8802179Z         "SkipTLSVerify": false
Docker Build & Scan	Set up Docker Buildx	2026-04-08T20:15:56.8802600Z       }
Docker Build & Scan	Set up Docker Buildx	2026-04-08T20:15:56.8802921Z     },
Docker Build & Scan	Set up Docker Buildx	2026-04-08T20:15:56.8803256Z     "TLSMaterial": {},
Docker Build & Scan	Set up Docker Buildx	2026-04-08T20:15:56.8803630Z     "Storage": {
Docker Build & Scan	Set up Docker Buildx	2026-04-08T20:15:56.8804053Z       "MetadataPath": "<IN MEMORY>",
Docker Build & Scan	Set up Docker Buildx	2026-04-08T20:15:56.8804555Z       "TLSPath": "<IN MEMORY>"
Docker Build & Scan	Set up Docker Buildx	2026-04-08T20:15:56.8804944Z     }
Docker Build & Scan	Set up Docker Buildx	2026-04-08T20:15:56.8805275Z   }
Docker Build & Scan	Set up Docker Buildx	2026-04-08T20:15:56.8805557Z ]
Docker Build & Scan	Set up Docker Buildx	2026-04-08T20:15:56.8807470Z ##[endgroup]
Docker Build & Scan	Set up Docker Buildx	2026-04-08T20:15:56.8808122Z ##[group]Creating a new builder instance
Docker Build & Scan	Set up Docker Buildx	2026-04-08T20:15:57.0369087Z [command]/usr/bin/docker buildx create --name builder-4e1ce0f5-1e0a-44b9-a800-b15ae11ef962 --driver docker-container --buildkitd-flags --allow-insecure-entitlement security.insecure --allow-insecure-entitlement network.host --use
Docker Build & Scan	Set up Docker Buildx	2026-04-08T20:15:57.0977712Z builder-4e1ce0f5-1e0a-44b9-a800-b15ae11ef962
Docker Build & Scan	Set up Docker Buildx	2026-04-08T20:15:57.1012571Z ##[endgroup]
Docker Build & Scan	Set up Docker Buildx	2026-04-08T20:15:57.1013036Z ##[group]Booting builder
Docker Build & Scan	Set up Docker Buildx	2026-04-08T20:15:57.1048985Z [command]/usr/bin/docker buildx inspect --bootstrap --builder builder-4e1ce0f5-1e0a-44b9-a800-b15ae11ef962
Docker Build & Scan	Set up Docker Buildx	2026-04-08T20:15:57.1600134Z #1 [internal] booting buildkit
Docker Build & Scan	Set up Docker Buildx	2026-04-08T20:15:57.3109883Z #1 pulling image moby/buildkit:buildx-stable-1
Docker Build & Scan	Set up Docker Buildx	2026-04-08T20:15:59.8756642Z #1 pulling image moby/buildkit:buildx-stable-1 2.7s done
Docker Build & Scan	Set up Docker Buildx	2026-04-08T20:16:00.0264184Z #1 creating container buildx_buildkit_builder-4e1ce0f5-1e0a-44b9-a800-b15ae11ef9620
Docker Build & Scan	Set up Docker Buildx	2026-04-08T20:16:00.0838158Z #1 creating container buildx_buildkit_builder-4e1ce0f5-1e0a-44b9-a800-b15ae11ef9620 0.2s done
Docker Build & Scan	Set up Docker Buildx	2026-04-08T20:16:00.0852462Z #1 DONE 2.9s
Docker Build & Scan	Set up Docker Buildx	2026-04-08T20:16:00.1175899Z Name:          builder-4e1ce0f5-1e0a-44b9-a800-b15ae11ef962
Docker Build & Scan	Set up Docker Buildx	2026-04-08T20:16:00.1183117Z Driver:        docker-container
Docker Build & Scan	Set up Docker Buildx	2026-04-08T20:16:00.1183720Z Last Activity: 2026-04-08 20:15:57 +0000 UTC
Docker Build & Scan	Set up Docker Buildx	2026-04-08T20:16:00.1184034Z 
Docker Build & Scan	Set up Docker Buildx	2026-04-08T20:16:00.1184153Z Nodes:
Docker Build & Scan	Set up Docker Buildx	2026-04-08T20:16:00.1185172Z Name:                  builder-4e1ce0f5-1e0a-44b9-a800-b15ae11ef9620
Docker Build & Scan	Set up Docker Buildx	2026-04-08T20:16:00.1185880Z Endpoint:              unix:///var/run/docker.sock
Docker Build & Scan	Set up Docker Buildx	2026-04-08T20:16:00.1186433Z Status:                running
Docker Build & Scan	Set up Docker Buildx	2026-04-08T20:16:00.1189746Z BuildKit daemon flags: --allow-insecure-entitlement security.insecure --allow-insecure-entitlement network.host
Docker Build & Scan	Set up Docker Buildx	2026-04-08T20:16:00.1190944Z BuildKit version:      v0.29.0
Docker Build & Scan	Set up Docker Buildx	2026-04-08T20:16:00.1191647Z Platforms:             linux/amd64, linux/amd64/v2, linux/amd64/v3, linux/386
Docker Build & Scan	Set up Docker Buildx	2026-04-08T20:16:00.1192232Z Labels:
Docker Build & Scan	Set up Docker Buildx	2026-04-08T20:16:00.1192692Z  org.mobyproject.buildkit.worker.executor:         oci
Docker Build & Scan	Set up Docker Buildx	2026-04-08T20:16:00.1193438Z  org.mobyproject.buildkit.worker.hostname:         b9b8ea4600d0
Docker Build & Scan	Set up Docker Buildx	2026-04-08T20:16:00.1194178Z  org.mobyproject.buildkit.worker.network:          host
Docker Build & Scan	Set up Docker Buildx	2026-04-08T20:16:00.1194886Z  org.mobyproject.buildkit.worker.oci.process-mode: sandbox
Docker Build & Scan	Set up Docker Buildx	2026-04-08T20:16:00.1195622Z  org.mobyproject.buildkit.worker.selinux.enabled:  false
Docker Build & Scan	Set up Docker Buildx	2026-04-08T20:16:00.1196376Z  org.mobyproject.buildkit.worker.snapshotter:      overlayfs
Docker Build & Scan	Set up Docker Buildx	2026-04-08T20:16:00.1196942Z GC Policy rule#0:
Docker Build & Scan	Set up Docker Buildx	2026-04-08T20:16:00.1197253Z  All:            false
Docker Build & Scan	Set up Docker Buildx	2026-04-08T20:16:00.1197881Z  Filters:        type==source.local,type==exec.cachemount,type==source.git.checkout
Docker Build & Scan	Set up Docker Buildx	2026-04-08T20:16:00.1198733Z  Keep Duration:  48h0m0s
Docker Build & Scan	Set up Docker Buildx	2026-04-08T20:16:00.1199108Z  Max Used Space: 488.3MiB
Docker Build & Scan	Set up Docker Buildx	2026-04-08T20:16:00.1199478Z GC Policy rule#1:
Docker Build & Scan	Set up Docker Buildx	2026-04-08T20:16:00.1199786Z  All:            false
Docker Build & Scan	Set up Docker Buildx	2026-04-08T20:16:00.1200315Z  Keep Duration:  1440h0m0s
Docker Build & Scan	Set up Docker Buildx	2026-04-08T20:16:00.1200680Z  Reserved Space: 9.313GiB
Docker Build & Scan	Set up Docker Buildx	2026-04-08T20:16:00.1201028Z  Max Used Space: 93.13GiB
Docker Build & Scan	Set up Docker Buildx	2026-04-08T20:16:00.1201379Z  Min Free Space: 27.01GiB
Docker Build & Scan	Set up Docker Buildx	2026-04-08T20:16:00.1201748Z GC Policy rule#2:
Docker Build & Scan	Set up Docker Buildx	2026-04-08T20:16:00.1202047Z  All:            false
Docker Build & Scan	Set up Docker Buildx	2026-04-08T20:16:00.1202379Z  Reserved Space: 9.313GiB
Docker Build & Scan	Set up Docker Buildx	2026-04-08T20:16:00.1202735Z  Max Used Space: 93.13GiB
Docker Build & Scan	Set up Docker Buildx	2026-04-08T20:16:00.1203072Z  Min Free Space: 27.01GiB
Docker Build & Scan	Set up Docker Buildx	2026-04-08T20:16:00.1203422Z GC Policy rule#3:
Docker Build & Scan	Set up Docker Buildx	2026-04-08T20:16:00.1203736Z  All:            true
Docker Build & Scan	Set up Docker Buildx	2026-04-08T20:16:00.1204062Z  Reserved Space: 9.313GiB
Docker Build & Scan	Set up Docker Buildx	2026-04-08T20:16:00.1204407Z  Max Used Space: 93.13GiB
Docker Build & Scan	Set up Docker Buildx	2026-04-08T20:16:00.1204740Z  Min Free Space: 27.01GiB
Docker Build & Scan	Set up Docker Buildx	2026-04-08T20:16:00.1237854Z ##[endgroup]
Docker Build & Scan	Set up Docker Buildx	2026-04-08T20:16:00.2140224Z ##[group]Inspect builder
Docker Build & Scan	Set up Docker Buildx	2026-04-08T20:16:00.2146703Z {
Docker Build & Scan	Set up Docker Buildx	2026-04-08T20:16:00.2147967Z   "nodes": [
Docker Build & Scan	Set up Docker Buildx	2026-04-08T20:16:00.2148806Z     {
Docker Build & Scan	Set up Docker Buildx	2026-04-08T20:16:00.2149290Z       "name": "builder-4e1ce0f5-1e0a-44b9-a800-b15ae11ef9620",
Docker Build & Scan	Set up Docker Buildx	2026-04-08T20:16:00.2150230Z       "endpoint": "unix:///var/run/docker.sock",
Docker Build & Scan	Set up Docker Buildx	2026-04-08T20:16:00.2150716Z       "status": "running",
Docker Build & Scan	Set up Docker Buildx	2026-04-08T20:16:00.2151609Z       "buildkitd-flags": "--allow-insecure-entitlement security.insecure --allow-insecure-entitlement network.host",
Docker Build & Scan	Set up Docker Buildx	2026-04-08T20:16:00.2152489Z       "buildkit": "v0.29.0",
Docker Build & Scan	Set up Docker Buildx	2026-04-08T20:16:00.2152986Z       "platforms": "linux/amd64,linux/amd64/v2,linux/amd64/v3,linux/386",
Docker Build & Scan	Set up Docker Buildx	2026-04-08T20:16:00.2153552Z       "features": {
Docker Build & Scan	Set up Docker Buildx	2026-04-08T20:16:00.2154080Z         "Automatically load images to the Docker Engine image store": true,
Docker Build & Scan	Set up Docker Buildx	2026-04-08T20:16:00.2154681Z         "Cache export": true,
Docker Build & Scan	Set up Docker Buildx	2026-04-08T20:16:00.2155045Z         "Direct push": true,
Docker Build & Scan	Set up Docker Buildx	2026-04-08T20:16:00.2155881Z         "Docker exporter": true,
Docker Build & Scan	Set up Docker Buildx	2026-04-08T20:16:00.2156356Z         "Multi-platform build": true,
Docker Build & Scan	Set up Docker Buildx	2026-04-08T20:16:00.2156791Z         "OCI exporter": true
Docker Build & Scan	Set up Docker Buildx	2026-04-08T20:16:00.2157157Z       },
Docker Build & Scan	Set up Docker Buildx	2026-04-08T20:16:00.2157421Z       "labels": {
Docker Build & Scan	Set up Docker Buildx	2026-04-08T20:16:00.2157885Z         "org.mobyproject.buildkit.worker.executor": "oci",
Docker Build & Scan	Set up Docker Buildx	2026-04-08T20:16:00.2158382Z         "org.mobyproject.buildkit.worker.hostname": "b9b8ea4600d0",
Docker Build & Scan	Set up Docker Buildx	2026-04-08T20:16:00.2158825Z         "org.mobyproject.buildkit.worker.network": "host",
Docker Build & Scan	Set up Docker Buildx	2026-04-08T20:16:00.2159312Z         "org.mobyproject.buildkit.worker.oci.process-mode": "sandbox",
Docker Build & Scan	Set up Docker Buildx	2026-04-08T20:16:00.2159789Z         "org.mobyproject.buildkit.worker.selinux.enabled": "false",
Docker Build & Scan	Set up Docker Buildx	2026-04-08T20:16:00.2161142Z         "org.mobyproject.buildkit.worker.snapshotter": "overlayfs"
Docker Build & Scan	Set up Docker Buildx	2026-04-08T20:16:00.2161969Z       },
Docker Build & Scan	Set up Docker Buildx	2026-04-08T20:16:00.2162171Z       "gcPolicy": [
Docker Build & Scan	Set up Docker Buildx	2026-04-08T20:16:00.2162350Z         {
Docker Build & Scan	Set up Docker Buildx	2026-04-08T20:16:00.2162519Z           "all": false,
Docker Build & Scan	Set up Docker Buildx	2026-04-08T20:16:00.2162707Z           "filter": [
Docker Build & Scan	Set up Docker Buildx	2026-04-08T20:16:00.2162940Z             "type==source.local",
Docker Build & Scan	Set up Docker Buildx	2026-04-08T20:16:00.2163198Z             "type==exec.cachemount",
Docker Build & Scan	Set up Docker Buildx	2026-04-08T20:16:00.2163493Z             "type==source.git.checkout"
Docker Build & Scan	Set up Docker Buildx	2026-04-08T20:16:00.2163758Z           ],
Docker Build & Scan	Set up Docker Buildx	2026-04-08T20:16:00.2163981Z           "keepDuration": "48h0m0s",
Docker Build & Scan	Set up Docker Buildx	2026-04-08T20:16:00.2164245Z           "maxUsedSpace": "488.3MiB"
Docker Build & Scan	Set up Docker Buildx	2026-04-08T20:16:00.2164459Z         },
Docker Build & Scan	Set up Docker Buildx	2026-04-08T20:16:00.2164632Z         {
Docker Build & Scan	Set up Docker Buildx	2026-04-08T20:16:00.2164807Z           "all": false,
Docker Build & Scan	Set up Docker Buildx	2026-04-08T20:16:00.2165065Z           "keepDuration": "1440h0m0s",
Docker Build & Scan	Set up Docker Buildx	2026-04-08T20:16:00.2165354Z           "reservedSpace": "9.313GiB",
Docker Build & Scan	Set up Docker Buildx	2026-04-08T20:16:00.2165628Z           "maxUsedSpace": "93.13GiB",
Docker Build & Scan	Set up Docker Buildx	2026-04-08T20:16:00.2165894Z           "minFreeSpace": "27.01GiB"
Docker Build & Scan	Set up Docker Buildx	2026-04-08T20:16:00.2166153Z         },
Docker Build & Scan	Set up Docker Buildx	2026-04-08T20:16:00.2166322Z         {
Docker Build & Scan	Set up Docker Buildx	2026-04-08T20:16:00.2166473Z           "all": false,
Docker Build & Scan	Set up Docker Buildx	2026-04-08T20:16:00.2166716Z           "reservedSpace": "9.313GiB",
Docker Build & Scan	Set up Docker Buildx	2026-04-08T20:16:00.2166984Z           "maxUsedSpace": "93.13GiB",
Docker Build & Scan	Set up Docker Buildx	2026-04-08T20:16:00.2167237Z           "minFreeSpace": "27.01GiB"
Docker Build & Scan	Set up Docker Buildx	2026-04-08T20:16:00.2167468Z         },
Docker Build & Scan	Set up Docker Buildx	2026-04-08T20:16:00.2167611Z         {
Docker Build & Scan	Set up Docker Buildx	2026-04-08T20:16:00.2167791Z           "all": true,
Docker Build & Scan	Set up Docker Buildx	2026-04-08T20:16:00.2168028Z           "reservedSpace": "9.313GiB",
Docker Build & Scan	Set up Docker Buildx	2026-04-08T20:16:00.2168308Z           "maxUsedSpace": "93.13GiB",
Docker Build & Scan	Set up Docker Buildx	2026-04-08T20:16:00.2168582Z           "minFreeSpace": "27.01GiB"
Docker Build & Scan	Set up Docker Buildx	2026-04-08T20:16:00.2168808Z         }
Docker Build & Scan	Set up Docker Buildx	2026-04-08T20:16:00.2169001Z       ]
Docker Build & Scan	Set up Docker Buildx	2026-04-08T20:16:00.2169204Z     }
Docker Build & Scan	Set up Docker Buildx	2026-04-08T20:16:00.2169365Z   ],
Docker Build & Scan	Set up Docker Buildx	2026-04-08T20:16:00.2169638Z   "name": "builder-4e1ce0f5-1e0a-44b9-a800-b15ae11ef962",
Docker Build & Scan	Set up Docker Buildx	2026-04-08T20:16:00.2170262Z   "driver": "docker-container",
Docker Build & Scan	Set up Docker Buildx	2026-04-08T20:16:00.2170610Z   "lastActivity": "2026-04-08T20:15:57.000Z"
Docker Build & Scan	Set up Docker Buildx	2026-04-08T20:16:00.2170880Z }
Docker Build & Scan	Set up Docker Buildx	2026-04-08T20:16:00.2171218Z ##[endgroup]
Docker Build & Scan	Set up Docker Buildx	2026-04-08T20:16:00.2171535Z ##[group]BuildKit version
Docker Build & Scan	Set up Docker Buildx	2026-04-08T20:16:00.2171910Z builder-4e1ce0f5-1e0a-44b9-a800-b15ae11ef9620: v0.29.0
Docker Build & Scan	Set up Docker Buildx	2026-04-08T20:16:00.2172365Z ##[endgroup]
Docker Build & Scan	Build and Load Image	﻿2026-04-08T20:16:00.2327775Z ##[group]Run docker/build-push-action@d08e5c354a6adb9ed34480a06d141179aa583294
Docker Build & Scan	Build and Load Image	2026-04-08T20:16:00.2328181Z with:
Docker Build & Scan	Build and Load Image	2026-04-08T20:16:00.2328341Z   context: .
Docker Build & Scan	Build and Load Image	2026-04-08T20:16:00.2328507Z   load: true
Docker Build & Scan	Build and Load Image	2026-04-08T20:16:00.2328728Z   tags: agbalumo:f711d9f6e1881056548352d44db138e91163ffb4
Docker Build & Scan	Build and Load Image	2026-04-08T20:16:00.2329013Z   cache-from: type=gha
Docker Build & Scan	Build and Load Image	2026-04-08T20:16:00.2329226Z   cache-to: type=gha,mode=max
Docker Build & Scan	Build and Load Image	2026-04-08T20:16:00.2329436Z   no-cache: false
Docker Build & Scan	Build and Load Image	2026-04-08T20:16:00.2329620Z   pull: false
Docker Build & Scan	Build and Load Image	2026-04-08T20:16:00.2329782Z   push: false
Docker Build & Scan	Build and Load Image	2026-04-08T20:16:00.2330283Z   github-token: ***
Docker Build & Scan	Build and Load Image	2026-04-08T20:16:00.2330461Z env:
Docker Build & Scan	Build and Load Image	2026-04-08T20:16:00.2330627Z   NODE_VERSION: 24
Docker Build & Scan	Build and Load Image	2026-04-08T20:16:00.2330833Z   FORCE_JAVASCRIPT_ACTIONS_TO_NODE24: true
Docker Build & Scan	Build and Load Image	2026-04-08T20:16:00.2331073Z ##[endgroup]
Docker Build & Scan	Build and Load Image	2026-04-08T20:16:00.4772921Z ##[group]GitHub Actions runtime token ACs
Docker Build & Scan	Build and Load Image	2026-04-08T20:16:00.4781530Z refs/heads/main: read/write
Docker Build & Scan	Build and Load Image	2026-04-08T20:16:00.4782551Z ##[endgroup]
Docker Build & Scan	Build and Load Image	2026-04-08T20:16:00.4783510Z ##[group]Docker info
Docker Build & Scan	Build and Load Image	2026-04-08T20:16:00.4818110Z [command]/usr/bin/docker version
Docker Build & Scan	Build and Load Image	2026-04-08T20:16:00.5003265Z Client: Docker Engine - Community
Docker Build & Scan	Build and Load Image	2026-04-08T20:16:00.5006310Z  Version:           28.0.4
Docker Build & Scan	Build and Load Image	2026-04-08T20:16:00.5006888Z  API version:       1.48
Docker Build & Scan	Build and Load Image	2026-04-08T20:16:00.5007435Z  Go version:        go1.23.7
Docker Build & Scan	Build and Load Image	2026-04-08T20:16:00.5007879Z  Git commit:        b8034c0
Docker Build & Scan	Build and Load Image	2026-04-08T20:16:00.5008387Z  Built:             Tue Mar 25 15:07:16 2025
Docker Build & Scan	Build and Load Image	2026-04-08T20:16:00.5008911Z  OS/Arch:           linux/amd64
Docker Build & Scan	Build and Load Image	2026-04-08T20:16:00.5009332Z  Context:           default
Docker Build & Scan	Build and Load Image	2026-04-08T20:16:00.5009618Z 
Docker Build & Scan	Build and Load Image	2026-04-08T20:16:00.5010220Z Server: Docker Engine - Community
Docker Build & Scan	Build and Load Image	2026-04-08T20:16:00.5010607Z  Engine:
Docker Build & Scan	Build and Load Image	2026-04-08T20:16:00.5010894Z   Version:          28.0.4
Docker Build & Scan	Build and Load Image	2026-04-08T20:16:00.5011323Z   API version:      1.48 (minimum version 1.24)
Docker Build & Scan	Build and Load Image	2026-04-08T20:16:00.5011777Z   Go version:       go1.23.7
Docker Build & Scan	Build and Load Image	2026-04-08T20:16:00.5012126Z   Git commit:       6430e49
Docker Build & Scan	Build and Load Image	2026-04-08T20:16:00.5012528Z   Built:            Tue Mar 25 15:07:16 2025
Docker Build & Scan	Build and Load Image	2026-04-08T20:16:00.5012992Z   OS/Arch:          linux/amd64
Docker Build & Scan	Build and Load Image	2026-04-08T20:16:00.5013368Z   Experimental:     false
Docker Build & Scan	Build and Load Image	2026-04-08T20:16:00.5013696Z  containerd:
Docker Build & Scan	Build and Load Image	2026-04-08T20:16:00.5013985Z   Version:          v2.2.2
Docker Build & Scan	Build and Load Image	2026-04-08T20:16:00.5014475Z   GitCommit:        301b2dac98f15c27117da5c8af12118a041a31d9
Docker Build & Scan	Build and Load Image	2026-04-08T20:16:00.5014989Z  runc:
Docker Build & Scan	Build and Load Image	2026-04-08T20:16:00.5015263Z   Version:          1.3.4
Docker Build & Scan	Build and Load Image	2026-04-08T20:16:00.5015652Z   GitCommit:        v1.3.4-0-gd6d73eb8
Docker Build & Scan	Build and Load Image	2026-04-08T20:16:00.5016053Z  docker-init:
Docker Build & Scan	Build and Load Image	2026-04-08T20:16:00.5016346Z   Version:          0.19.0
Docker Build & Scan	Build and Load Image	2026-04-08T20:16:00.5016680Z   GitCommit:        de40ad0
Docker Build & Scan	Build and Load Image	2026-04-08T20:16:00.5055270Z [command]/usr/bin/docker info
Docker Build & Scan	Build and Load Image	2026-04-08T20:16:00.5609421Z Client: Docker Engine - Community
Docker Build & Scan	Build and Load Image	2026-04-08T20:16:00.5610380Z  Version:    28.0.4
Docker Build & Scan	Build and Load Image	2026-04-08T20:16:00.5610755Z  Context:    default
Docker Build & Scan	Build and Load Image	2026-04-08T20:16:00.5611130Z  Debug Mode: false
Docker Build & Scan	Build and Load Image	2026-04-08T20:16:00.5611464Z  Plugins:
Docker Build & Scan	Build and Load Image	2026-04-08T20:16:00.5611856Z   buildx: Docker Buildx (Docker Inc.)
Docker Build & Scan	Build and Load Image	2026-04-08T20:16:00.5612306Z     Version:  v0.32.1
Docker Build & Scan	Build and Load Image	2026-04-08T20:16:00.5612862Z     Path:     /usr/libexec/docker/cli-plugins/docker-buildx
Docker Build & Scan	Build and Load Image	2026-04-08T20:16:00.5613519Z   compose: Docker Compose (Docker Inc.)
Docker Build & Scan	Build and Load Image	2026-04-08T20:16:00.5614178Z     Version:  v2.38.2
Docker Build & Scan	Build and Load Image	2026-04-08T20:16:00.5614700Z     Path:     /usr/libexec/docker/cli-plugins/docker-compose
Docker Build & Scan	Build and Load Image	2026-04-08T20:16:00.5615133Z 
Docker Build & Scan	Build and Load Image	2026-04-08T20:16:00.5615254Z Server:
Docker Build & Scan	Build and Load Image	2026-04-08T20:16:00.5615532Z  Containers: 1
Docker Build & Scan	Build and Load Image	2026-04-08T20:16:00.5615846Z   Running: 1
Docker Build & Scan	Build and Load Image	2026-04-08T20:16:00.5616148Z   Paused: 0
Docker Build & Scan	Build and Load Image	2026-04-08T20:16:00.5616427Z   Stopped: 0
Docker Build & Scan	Build and Load Image	2026-04-08T20:16:00.5616714Z  Images: 7
Docker Build & Scan	Build and Load Image	2026-04-08T20:16:00.5617014Z  Server Version: 28.0.4
Docker Build & Scan	Build and Load Image	2026-04-08T20:16:00.5617371Z  Storage Driver: overlay2
Docker Build & Scan	Build and Load Image	2026-04-08T20:16:00.5618785Z   Backing Filesystem: extfs
Docker Build & Scan	Build and Load Image	2026-04-08T20:16:00.5619200Z   Supports d_type: true
Docker Build & Scan	Build and Load Image	2026-04-08T20:16:00.5619787Z   Using metacopy: false
Docker Build & Scan	Build and Load Image	2026-04-08T20:16:00.5620211Z   Native Overlay Diff: false
Docker Build & Scan	Build and Load Image	2026-04-08T20:16:00.5620845Z   userxattr: false
Docker Build & Scan	Build and Load Image	2026-04-08T20:16:00.5621221Z  Logging Driver: json-file
Docker Build & Scan	Build and Load Image	2026-04-08T20:16:00.5621638Z  Cgroup Driver: systemd
Docker Build & Scan	Build and Load Image	2026-04-08T20:16:00.5622424Z  Cgroup Version: 2
Docker Build & Scan	Build and Load Image	2026-04-08T20:16:00.5622766Z  Plugins:
Docker Build & Scan	Build and Load Image	2026-04-08T20:16:00.5623079Z   Volume: local
Docker Build & Scan	Build and Load Image	2026-04-08T20:16:00.5623544Z   Network: bridge host ipvlan macvlan null overlay
Docker Build & Scan	Build and Load Image	2026-04-08T20:16:00.5624337Z   Log: awslogs fluentd gcplogs gelf journald json-file local splunk syslog
Docker Build & Scan	Build and Load Image	2026-04-08T20:16:00.5624974Z  Swarm: inactive
Docker Build & Scan	Build and Load Image	2026-04-08T20:16:00.5625401Z  Runtimes: io.containerd.runc.v2 runc
Docker Build & Scan	Build and Load Image	2026-04-08T20:16:00.5625872Z  Default Runtime: runc
Docker Build & Scan	Build and Load Image	2026-04-08T20:16:00.5626252Z  Init Binary: docker-init
Docker Build & Scan	Build and Load Image	2026-04-08T20:16:00.5626851Z  containerd version: 301b2dac98f15c27117da5c8af12118a041a31d9
Docker Build & Scan	Build and Load Image	2026-04-08T20:16:00.5627483Z  runc version: v1.3.4-0-gd6d73eb8
Docker Build & Scan	Build and Load Image	2026-04-08T20:16:00.5627925Z  init version: de40ad0
Docker Build & Scan	Build and Load Image	2026-04-08T20:16:00.5628290Z  Security Options:
Docker Build & Scan	Build and Load Image	2026-04-08T20:16:00.5628618Z   apparmor
Docker Build & Scan	Build and Load Image	2026-04-08T20:16:00.5628921Z   seccomp
Docker Build & Scan	Build and Load Image	2026-04-08T20:16:00.5629231Z    Profile: builtin
Docker Build & Scan	Build and Load Image	2026-04-08T20:16:00.5629554Z   cgroupns
Docker Build & Scan	Build and Load Image	2026-04-08T20:16:00.5630451Z  Kernel Version: 6.17.0-1008-azure
Docker Build & Scan	Build and Load Image	2026-04-08T20:16:00.5630901Z  Operating System: Ubuntu 24.04.4 LTS
Docker Build & Scan	Build and Load Image	2026-04-08T20:16:00.5631314Z  OSType: linux
Docker Build & Scan	Build and Load Image	2026-04-08T20:16:00.5631620Z  Architecture: x86_64
Docker Build & Scan	Build and Load Image	2026-04-08T20:16:00.5631949Z  CPUs: 4
Docker Build & Scan	Build and Load Image	2026-04-08T20:16:00.5632267Z  Total Memory: 15.62GiB
Docker Build & Scan	Build and Load Image	2026-04-08T20:16:00.5632621Z  Name: runnervm727z3
Docker Build & Scan	Build and Load Image	2026-04-08T20:16:00.5633038Z  ID: 0f5a37c5-64f3-4e6f-bd1e-9f132979e004
Docker Build & Scan	Build and Load Image	2026-04-08T20:16:00.5633538Z  Docker Root Dir: /var/lib/docker
Docker Build & Scan	Build and Load Image	2026-04-08T20:16:00.5634006Z  Debug Mode: false
Docker Build & Scan	Build and Load Image	2026-04-08T20:16:00.5634714Z  Username: githubactions
Docker Build & Scan	Build and Load Image	2026-04-08T20:16:00.5635106Z  Experimental: false
Docker Build & Scan	Build and Load Image	2026-04-08T20:16:00.5635463Z  Insecure Registries:
Docker Build & Scan	Build and Load Image	2026-04-08T20:16:00.5635825Z   ::1/128
Docker Build & Scan	Build and Load Image	2026-04-08T20:16:00.5636118Z   127.0.0.0/8
Docker Build & Scan	Build and Load Image	2026-04-08T20:16:00.5636434Z  Live Restore Enabled: false
Docker Build & Scan	Build and Load Image	2026-04-08T20:16:00.5636689Z 
Docker Build & Scan	Build and Load Image	2026-04-08T20:16:00.5637110Z ##[endgroup]
Docker Build & Scan	Build and Load Image	2026-04-08T20:16:00.5637666Z ##[group]Proxy configuration
Docker Build & Scan	Build and Load Image	2026-04-08T20:16:00.5638110Z No proxy configuration found
Docker Build & Scan	Build and Load Image	2026-04-08T20:16:00.5638713Z ##[endgroup]
Docker Build & Scan	Build and Load Image	2026-04-08T20:16:00.6470848Z ##[group]Buildx version
Docker Build & Scan	Build and Load Image	2026-04-08T20:16:00.6498771Z [command]/usr/bin/docker buildx version
Docker Build & Scan	Build and Load Image	2026-04-08T20:16:00.7138939Z github.com/docker/buildx v0.32.1 d3bfb3f4e48a67dda56e957a6636f4fab6c5fcb2
Docker Build & Scan	Build and Load Image	2026-04-08T20:16:00.7173860Z ##[endgroup]
Docker Build & Scan	Build and Load Image	2026-04-08T20:16:00.7174365Z ##[group]Builder info
Docker Build & Scan	Build and Load Image	2026-04-08T20:16:00.8046557Z {
Docker Build & Scan	Build and Load Image	2026-04-08T20:16:00.8047595Z   "nodes": [
Docker Build & Scan	Build and Load Image	2026-04-08T20:16:00.8048539Z     {
Docker Build & Scan	Build and Load Image	2026-04-08T20:16:00.8049092Z       "name": "builder-4e1ce0f5-1e0a-44b9-a800-b15ae11ef9620",
Docker Build & Scan	Build and Load Image	2026-04-08T20:16:00.8049791Z       "endpoint": "unix:///var/run/docker.sock",
Docker Build & Scan	Build and Load Image	2026-04-08T20:16:00.8050817Z       "status": "running",
Docker Build & Scan	Build and Load Image	2026-04-08T20:16:00.8051765Z       "buildkitd-flags": "--allow-insecure-entitlement security.insecure --allow-insecure-entitlement network.host",
Docker Build & Scan	Build and Load Image	2026-04-08T20:16:00.8052994Z       "buildkit": "v0.29.0",
Docker Build & Scan	Build and Load Image	2026-04-08T20:16:00.8053611Z       "platforms": "linux/amd64,linux/amd64/v2,linux/amd64/v3,linux/386",
Docker Build & Scan	Build and Load Image	2026-04-08T20:16:00.8054227Z       "features": {
Docker Build & Scan	Build and Load Image	2026-04-08T20:16:00.8054787Z         "Automatically load images to the Docker Engine image store": true,
Docker Build & Scan	Build and Load Image	2026-04-08T20:16:00.8055310Z         "Cache export": true,
Docker Build & Scan	Build and Load Image	2026-04-08T20:16:00.8055548Z         "Direct push": true,
Docker Build & Scan	Build and Load Image	2026-04-08T20:16:00.8055791Z         "Docker exporter": true,
Docker Build & Scan	Build and Load Image	2026-04-08T20:16:00.8056048Z         "Multi-platform build": true,
Docker Build & Scan	Build and Load Image	2026-04-08T20:16:00.8056296Z         "OCI exporter": true
Docker Build & Scan	Build and Load Image	2026-04-08T20:16:00.8056520Z       },
Docker Build & Scan	Build and Load Image	2026-04-08T20:16:00.8056706Z       "labels": {
Docker Build & Scan	Build and Load Image	2026-04-08T20:16:00.8056983Z         "org.mobyproject.buildkit.worker.executor": "oci",
Docker Build & Scan	Build and Load Image	2026-04-08T20:16:00.8057410Z         "org.mobyproject.buildkit.worker.hostname": "b9b8ea4600d0",
Docker Build & Scan	Build and Load Image	2026-04-08T20:16:00.8057823Z         "org.mobyproject.buildkit.worker.network": "host",
Docker Build & Scan	Build and Load Image	2026-04-08T20:16:00.8058245Z         "org.mobyproject.buildkit.worker.oci.process-mode": "sandbox",
Docker Build & Scan	Build and Load Image	2026-04-08T20:16:00.8058716Z         "org.mobyproject.buildkit.worker.selinux.enabled": "false",
Docker Build & Scan	Build and Load Image	2026-04-08T20:16:00.8059160Z         "org.mobyproject.buildkit.worker.snapshotter": "overlayfs"
Docker Build & Scan	Build and Load Image	2026-04-08T20:16:00.8059732Z       },
Docker Build & Scan	Build and Load Image	2026-04-08T20:16:00.8060095Z       "gcPolicy": [
Docker Build & Scan	Build and Load Image	2026-04-08T20:16:00.8060373Z         {
Docker Build & Scan	Build and Load Image	2026-04-08T20:16:00.8060544Z           "all": false,
Docker Build & Scan	Build and Load Image	2026-04-08T20:16:00.8060737Z           "filter": [
Docker Build & Scan	Build and Load Image	2026-04-08T20:16:00.8060946Z             "type==source.local",
Docker Build & Scan	Build and Load Image	2026-04-08T20:16:00.8061201Z             "type==exec.cachemount",
Docker Build & Scan	Build and Load Image	2026-04-08T20:16:00.8061474Z             "type==source.git.checkout"
Docker Build & Scan	Build and Load Image	2026-04-08T20:16:00.8061711Z           ],
Docker Build & Scan	Build and Load Image	2026-04-08T20:16:00.8061909Z           "keepDuration": "48h0m0s",
Docker Build & Scan	Build and Load Image	2026-04-08T20:16:00.8062155Z           "maxUsedSpace": "488.3MiB"
Docker Build & Scan	Build and Load Image	2026-04-08T20:16:00.8062369Z         },
Docker Build & Scan	Build and Load Image	2026-04-08T20:16:00.8062519Z         {
Docker Build & Scan	Build and Load Image	2026-04-08T20:16:00.8062678Z           "all": false,
Docker Build & Scan	Build and Load Image	2026-04-08T20:16:00.8062908Z           "keepDuration": "1440h0m0s",
Docker Build & Scan	Build and Load Image	2026-04-08T20:16:00.8063163Z           "reservedSpace": "9.313GiB",
Docker Build & Scan	Build and Load Image	2026-04-08T20:16:00.8063418Z           "maxUsedSpace": "93.13GiB",
Docker Build & Scan	Build and Load Image	2026-04-08T20:16:00.8063824Z           "minFreeSpace": "27.01GiB"
Docker Build & Scan	Build and Load Image	2026-04-08T20:16:00.8064039Z         },
Docker Build & Scan	Build and Load Image	2026-04-08T20:16:00.8064189Z         {
Docker Build & Scan	Build and Load Image	2026-04-08T20:16:00.8064339Z           "all": false,
Docker Build & Scan	Build and Load Image	2026-04-08T20:16:00.8064555Z           "reservedSpace": "9.313GiB",
Docker Build & Scan	Build and Load Image	2026-04-08T20:16:00.8064807Z           "maxUsedSpace": "93.13GiB",
Docker Build & Scan	Build and Load Image	2026-04-08T20:16:00.8065047Z           "minFreeSpace": "27.01GiB"
Docker Build & Scan	Build and Load Image	2026-04-08T20:16:00.8065259Z         },
Docker Build & Scan	Build and Load Image	2026-04-08T20:16:00.8065403Z         {
Docker Build & Scan	Build and Load Image	2026-04-08T20:16:00.8065551Z           "all": true,
Docker Build & Scan	Build and Load Image	2026-04-08T20:16:00.8065765Z           "reservedSpace": "9.313GiB",
Docker Build & Scan	Build and Load Image	2026-04-08T20:16:00.8066009Z           "maxUsedSpace": "93.13GiB",
Docker Build & Scan	Build and Load Image	2026-04-08T20:16:00.8066256Z           "minFreeSpace": "27.01GiB"
Docker Build & Scan	Build and Load Image	2026-04-08T20:16:00.8066465Z         }
Docker Build & Scan	Build and Load Image	2026-04-08T20:16:00.8066605Z       ]
Docker Build & Scan	Build and Load Image	2026-04-08T20:16:00.8066756Z     }
Docker Build & Scan	Build and Load Image	2026-04-08T20:16:00.8066898Z   ],
Docker Build & Scan	Build and Load Image	2026-04-08T20:16:00.8067151Z   "name": "builder-4e1ce0f5-1e0a-44b9-a800-b15ae11ef962",
Docker Build & Scan	Build and Load Image	2026-04-08T20:16:00.8067477Z   "driver": "docker-container",
Docker Build & Scan	Build and Load Image	2026-04-08T20:16:00.8067742Z   "lastActivity": "2026-04-08T20:15:57.000Z"
Docker Build & Scan	Build and Load Image	2026-04-08T20:16:00.8067978Z }
Docker Build & Scan	Build and Load Image	2026-04-08T20:16:00.8068350Z ##[endgroup]
Docker Build & Scan	Build and Load Image	2026-04-08T20:16:00.9665988Z [command]/usr/bin/docker buildx build --cache-from type=gha --cache-to type=gha,mode=max --iidfile /home/runner/work/_temp/docker-actions-toolkit-UQQV4J/build-iidfile-9c258487f4.txt --tag agbalumo:f711d9f6e1881056548352d44db138e91163ffb4 --load --metadata-file /home/runner/work/_temp/docker-actions-toolkit-UQQV4J/build-metadata-fe52df6c84.json .
Docker Build & Scan	Build and Load Image	2026-04-08T20:16:01.2630634Z #0 building with "builder-4e1ce0f5-1e0a-44b9-a800-b15ae11ef962" instance using docker-container driver
Docker Build & Scan	Build and Load Image	2026-04-08T20:16:01.2631231Z 
Docker Build & Scan	Build and Load Image	2026-04-08T20:16:01.2631542Z #1 [internal] load build definition from Dockerfile
Docker Build & Scan	Build and Load Image	2026-04-08T20:16:01.2632122Z #1 transferring dockerfile: 2.12kB done
Docker Build & Scan	Build and Load Image	2026-04-08T20:16:01.2632378Z #1 DONE 0.0s
Docker Build & Scan	Build and Load Image	2026-04-08T20:16:01.2632493Z 
Docker Build & Scan	Build and Load Image	2026-04-08T20:16:01.2632761Z #2 [auth] litestream/litestream:pull token for registry-1.docker.io
Docker Build & Scan	Build and Load Image	2026-04-08T20:16:01.2633119Z #2 DONE 0.0s
Docker Build & Scan	Build and Load Image	2026-04-08T20:16:01.2633246Z 
Docker Build & Scan	Build and Load Image	2026-04-08T20:16:01.2633467Z #3 [auth] library/golang:pull token for registry-1.docker.io
Docker Build & Scan	Build and Load Image	2026-04-08T20:16:01.2633789Z #3 DONE 0.0s
Docker Build & Scan	Build and Load Image	2026-04-08T20:16:01.2633892Z 
Docker Build & Scan	Build and Load Image	2026-04-08T20:16:01.2634111Z #4 [auth] library/alpine:pull token for registry-1.docker.io
Docker Build & Scan	Build and Load Image	2026-04-08T20:16:01.2634413Z #4 DONE 0.0s
Docker Build & Scan	Build and Load Image	2026-04-08T20:16:01.2634519Z 
Docker Build & Scan	Build and Load Image	2026-04-08T20:16:01.2634778Z #5 [internal] load metadata for docker.io/library/golang:1.25-alpine
Docker Build & Scan	Build and Load Image	2026-04-08T20:16:01.4593985Z #5 DONE 0.4s
Docker Build & Scan	Build and Load Image	2026-04-08T20:16:01.4595197Z 
Docker Build & Scan	Build and Load Image	2026-04-08T20:16:01.4595844Z #6 [internal] load metadata for docker.io/library/alpine:latest
Docker Build & Scan	Build and Load Image	2026-04-08T20:16:01.6527655Z #6 DONE 0.4s
Docker Build & Scan	Build and Load Image	2026-04-08T20:16:01.6529672Z 
Docker Build & Scan	Build and Load Image	2026-04-08T20:16:01.6530791Z #7 [internal] load metadata for docker.io/litestream/litestream:0.5.10
Docker Build & Scan	Build and Load Image	2026-04-08T20:16:01.6531543Z #7 DONE 0.4s
Docker Build & Scan	Build and Load Image	2026-04-08T20:16:01.6531734Z 
Docker Build & Scan	Build and Load Image	2026-04-08T20:16:01.6531951Z #8 [internal] load .dockerignore
Docker Build & Scan	Build and Load Image	2026-04-08T20:16:01.6532581Z #8 transferring context: 536B done
Docker Build & Scan	Build and Load Image	2026-04-08T20:16:01.6532990Z #8 DONE 0.0s
Docker Build & Scan	Build and Load Image	2026-04-08T20:16:01.6533191Z 
Docker Build & Scan	Build and Load Image	2026-04-08T20:16:01.6534092Z #9 [stage-1  1/11] FROM docker.io/library/alpine:latest@sha256:25109184c71bdad752c8312a8623239686a9a2071e8825f20acb8f2198c3f659
Docker Build & Scan	Build and Load Image	2026-04-08T20:16:01.6535024Z #9 resolve docker.io/library/alpine:latest@sha256:25109184c71bdad752c8312a8623239686a9a2071e8825f20acb8f2198c3f659 done
Docker Build & Scan	Build and Load Image	2026-04-08T20:16:01.6535521Z #9 DONE 0.0s
Docker Build & Scan	Build and Load Image	2026-04-08T20:16:01.6535626Z 
Docker Build & Scan	Build and Load Image	2026-04-08T20:16:01.6536132Z #10 [builder 1/9] FROM docker.io/library/golang:1.25-alpine@sha256:7a00384194cf2cb68924bbb918d675f1517357433c8541bac0ab2f929b9d5447
Docker Build & Scan	Build and Load Image	2026-04-08T20:16:01.6537060Z #10 resolve docker.io/library/golang:1.25-alpine@sha256:7a00384194cf2cb68924bbb918d675f1517357433c8541bac0ab2f929b9d5447 done
Docker Build & Scan	Build and Load Image	2026-04-08T20:16:01.6537562Z #10 DONE 0.0s
Docker Build & Scan	Build and Load Image	2026-04-08T20:16:01.6537668Z 
Docker Build & Scan	Build and Load Image	2026-04-08T20:16:01.6538125Z #11 FROM docker.io/litestream/litestream:0.5.10@sha256:66c0ef32779b20f7ce682751ec50ba0f1363cad5cb9dba1e23fbeee6ae3197b9
Docker Build & Scan	Build and Load Image	2026-04-08T20:16:01.6539026Z #11 resolve docker.io/litestream/litestream:0.5.10@sha256:66c0ef32779b20f7ce682751ec50ba0f1363cad5cb9dba1e23fbeee6ae3197b9 done
Docker Build & Scan	Build and Load Image	2026-04-08T20:16:01.6540239Z #11 DONE 0.0s
Docker Build & Scan	Build and Load Image	2026-04-08T20:16:01.6540442Z 
Docker Build & Scan	Build and Load Image	2026-04-08T20:16:01.6540827Z #12 importing cache manifest from gha:17040311486903725283
Docker Build & Scan	Build and Load Image	2026-04-08T20:16:01.6541350Z #12 DONE 0.1s
Docker Build & Scan	Build and Load Image	2026-04-08T20:16:01.6541524Z 
Docker Build & Scan	Build and Load Image	2026-04-08T20:16:01.6541723Z #13 [internal] load build context
Docker Build & Scan	Build and Load Image	2026-04-08T20:16:01.7813294Z #13 transferring context: 3.06MB 0.1s done
Docker Build & Scan	Build and Load Image	2026-04-08T20:16:01.7813867Z #13 DONE 0.1s
Docker Build & Scan	Build and Load Image	2026-04-08T20:16:01.7814009Z 
Docker Build & Scan	Build and Load Image	2026-04-08T20:16:01.7814163Z #14 [builder 2/9] WORKDIR /app
Docker Build & Scan	Build and Load Image	2026-04-08T20:16:01.7814465Z #14 CACHED
Docker Build & Scan	Build and Load Image	2026-04-08T20:16:01.7814634Z 
Docker Build & Scan	Build and Load Image	2026-04-08T20:16:01.7814923Z #15 [builder 3/9] RUN apk add --no-cache git
Docker Build & Scan	Build and Load Image	2026-04-08T20:16:01.7815700Z #15 sha256:5b3c7f9e22f7efb05fc33af3d9da48c60d02aa772971bcf359c5dd5aace81cf4 93B / 93B 0.0s done
Docker Build & Scan	Build and Load Image	2026-04-08T20:16:01.7816747Z #15 sha256:4f4fb700ef54461cfa02571ae0db9a0dc1e0cdb5577484a6d75e68dc38e8acc1 32B / 32B 0.0s done
Docker Build & Scan	Build and Load Image	2026-04-08T20:16:01.7817864Z #15 sha256:86aa8725d3b94afee8c3f7529a369b4acd86f7e44d203b6f5fec8552ef0a3d06 126B / 126B 0.1s done
Docker Build & Scan	Build and Load Image	2026-04-08T20:16:01.8834507Z #15 sha256:a1a3a105eec801b8f1c715dba6389bae227a0c5b038144aabd9c685be95f33d9 296.07kB / 296.07kB 0.0s done
Docker Build & Scan	Build and Load Image	2026-04-08T20:16:01.8835891Z #15 sha256:085f7b75098ed0c8f285b30dd508cc1fb36b94295242360ccdfe346114acf718 6.35MB / 6.35MB 0.1s done
Docker Build & Scan	Build and Load Image	2026-04-08T20:16:01.8836970Z #15 sha256:f2975120dd41bd35f641db62b50cab83d9b4d923ffb4e7ec012a7ed4775d33e6 11.53MB / 60.18MB 0.2s
Docker Build & Scan	Build and Load Image	2026-04-08T20:16:02.0328653Z #15 sha256:f2975120dd41bd35f641db62b50cab83d9b4d923ffb4e7ec012a7ed4775d33e6 35.65MB / 60.18MB 0.3s
Docker Build & Scan	Build and Load Image	2026-04-08T20:16:02.0332015Z #15 sha256:589002ba0eaed121a1dbf42f6648f29e5be55d5c8a6ee0f8eaa0285cc21ac153 3.86MB / 3.86MB 0.2s done
Docker Build & Scan	Build and Load Image	2026-04-08T20:16:02.0333323Z #15 extracting sha256:589002ba0eaed121a1dbf42f6648f29e5be55d5c8a6ee0f8eaa0285cc21ac153
Docker Build & Scan	Build and Load Image	2026-04-08T20:16:02.1835206Z #15 sha256:f2975120dd41bd35f641db62b50cab83d9b4d923ffb4e7ec012a7ed4775d33e6 60.18MB / 60.18MB 0.5s
Docker Build & Scan	Build and Load Image	2026-04-08T20:16:02.1836457Z #15 extracting sha256:589002ba0eaed121a1dbf42f6648f29e5be55d5c8a6ee0f8eaa0285cc21ac153 0.1s done
Docker Build & Scan	Build and Load Image	2026-04-08T20:16:02.1837487Z #15 extracting sha256:a1a3a105eec801b8f1c715dba6389bae227a0c5b038144aabd9c685be95f33d9 0.1s done
Docker Build & Scan	Build and Load Image	2026-04-08T20:16:02.3425025Z #15 sha256:f2975120dd41bd35f641db62b50cab83d9b4d923ffb4e7ec012a7ed4775d33e6 60.18MB / 60.18MB 0.5s done
Docker Build & Scan	Build and Load Image	2026-04-08T20:16:02.3426241Z #15 extracting sha256:f2975120dd41bd35f641db62b50cab83d9b4d923ffb4e7ec012a7ed4775d33e6
Docker Build & Scan	Build and Load Image	2026-04-08T20:16:04.9999667Z #15 extracting sha256:f2975120dd41bd35f641db62b50cab83d9b4d923ffb4e7ec012a7ed4775d33e6 2.8s done
Docker Build & Scan	Build and Load Image	2026-04-08T20:16:05.0000938Z #15 DONE 3.3s
Docker Build & Scan	Build and Load Image	2026-04-08T20:16:05.2476511Z 
Docker Build & Scan	Build and Load Image	2026-04-08T20:16:05.2477088Z #15 [builder 3/9] RUN apk add --no-cache git
Docker Build & Scan	Build and Load Image	2026-04-08T20:16:05.2477874Z #15 extracting sha256:86aa8725d3b94afee8c3f7529a369b4acd86f7e44d203b6f5fec8552ef0a3d06 done
Docker Build & Scan	Build and Load Image	2026-04-08T20:16:05.2478733Z #15 extracting sha256:4f4fb700ef54461cfa02571ae0db9a0dc1e0cdb5577484a6d75e68dc38e8acc1 done
Docker Build & Scan	Build and Load Image	2026-04-08T20:16:05.2479564Z #15 extracting sha256:5b3c7f9e22f7efb05fc33af3d9da48c60d02aa772971bcf359c5dd5aace81cf4 done
Docker Build & Scan	Build and Load Image	2026-04-08T20:16:05.2480945Z #15 extracting sha256:085f7b75098ed0c8f285b30dd508cc1fb36b94295242360ccdfe346114acf718 0.1s done
Docker Build & Scan	Build and Load Image	2026-04-08T20:16:05.2481460Z #15 DONE 3.4s
Docker Build & Scan	Build and Load Image	2026-04-08T20:16:05.2481582Z 
Docker Build & Scan	Build and Load Image	2026-04-08T20:16:05.2481743Z #16 [builder 4/9] COPY go.mod go.sum ./
Docker Build & Scan	Build and Load Image	2026-04-08T20:16:05.5673167Z #16 DONE 0.5s
Docker Build & Scan	Build and Load Image	2026-04-08T20:16:05.7183381Z 
Docker Build & Scan	Build and Load Image	2026-04-08T20:16:05.7184099Z #17 [builder 5/9] RUN --mount=type=cache,target=/go/pkg/mod go mod download
Docker Build & Scan	Build and Load Image	2026-04-08T20:16:22.8055031Z #17 DONE 17.2s
Docker Build & Scan	Build and Load Image	2026-04-08T20:16:23.0295760Z 
Docker Build & Scan	Build and Load Image	2026-04-08T20:16:23.0297123Z #18 [builder 6/9] COPY cmd cmd
Docker Build & Scan	Build and Load Image	2026-04-08T20:16:23.0298843Z #18 DONE 0.0s
Docker Build & Scan	Build and Load Image	2026-04-08T20:16:23.0299299Z 
Docker Build & Scan	Build and Load Image	2026-04-08T20:16:23.0299877Z #19 [builder 7/9] COPY internal internal
Docker Build & Scan	Build and Load Image	2026-04-08T20:16:23.0301591Z #19 DONE 0.0s
Docker Build & Scan	Build and Load Image	2026-04-08T20:16:23.0302360Z 
Docker Build & Scan	Build and Load Image	2026-04-08T20:16:23.0303067Z #20 [builder 8/9] COPY main.go .
Docker Build & Scan	Build and Load Image	2026-04-08T20:16:23.0303785Z #20 DONE 0.0s
Docker Build & Scan	Build and Load Image	2026-04-08T20:16:23.0304171Z 
Docker Build & Scan	Build and Load Image	2026-04-08T20:16:23.0305937Z #21 [builder 9/9] RUN --mount=type=cache,target=/go/pkg/mod --mount=type=cache,target=/root/.cache/go-build     CGO_ENABLED=0 GOOS=linux go build -ldflags="-w -s" -o server main.go
Docker Build & Scan	Build and Load Image	2026-04-08T20:16:49.0004548Z #21 DONE 26.1s
Docker Build & Scan	Build and Load Image	2026-04-08T20:16:49.1110370Z 
Docker Build & Scan	Build and Load Image	2026-04-08T20:16:49.1111263Z #22 [stage-1 10/11] COPY --chown=appuser:appuser scripts/entrypoint.sh /app/entrypoint.sh
Docker Build & Scan	Build and Load Image	2026-04-08T20:16:49.1112013Z #22 CACHED
Docker Build & Scan	Build and Load Image	2026-04-08T20:16:49.1112180Z 
Docker Build & Scan	Build and Load Image	2026-04-08T20:16:49.1116272Z #23 [stage-1  5/11] COPY --from=litestream/litestream:0.5.10 --chown=appuser:appuser /usr/local/bin/litestream /usr/local/bin/litestream
Docker Build & Scan	Build and Load Image	2026-04-08T20:16:49.1120473Z #23 CACHED
Docker Build & Scan	Build and Load Image	2026-04-08T20:16:49.1120703Z 
Docker Build & Scan	Build and Load Image	2026-04-08T20:16:49.1121064Z #24 [stage-1  7/11] COPY --chown=appuser:appuser ui ui
Docker Build & Scan	Build and Load Image	2026-04-08T20:16:49.1121563Z #24 CACHED
Docker Build & Scan	Build and Load Image	2026-04-08T20:16:49.1121711Z 
Docker Build & Scan	Build and Load Image	2026-04-08T20:16:49.1122100Z #25 [stage-1  8/11] COPY --chown=appuser:appuser config config
Docker Build & Scan	Build and Load Image	2026-04-08T20:16:49.1122677Z #25 CACHED
Docker Build & Scan	Build and Load Image	2026-04-08T20:16:49.1122881Z 
Docker Build & Scan	Build and Load Image	2026-04-08T20:16:49.1123635Z #26 [stage-1  4/11] RUN adduser -D -u 1000 appuser &&     mkdir -p /data &&     chown appuser:appuser /data /app
Docker Build & Scan	Build and Load Image	2026-04-08T20:16:49.1124431Z #26 CACHED
Docker Build & Scan	Build and Load Image	2026-04-08T20:16:49.1124619Z 
Docker Build & Scan	Build and Load Image	2026-04-08T20:16:49.1124826Z #27 [stage-1  2/11] WORKDIR /app
Docker Build & Scan	Build and Load Image	2026-04-08T20:16:49.1125197Z #27 CACHED
Docker Build & Scan	Build and Load Image	2026-04-08T20:16:49.1125299Z 
Docker Build & Scan	Build and Load Image	2026-04-08T20:16:49.1125575Z #28 [stage-1  6/11] COPY --from=builder --chown=appuser:appuser /app/server .
Docker Build & Scan	Build and Load Image	2026-04-08T20:16:49.1125927Z #28 CACHED
Docker Build & Scan	Build and Load Image	2026-04-08T20:16:49.1126048Z 
Docker Build & Scan	Build and Load Image	2026-04-08T20:16:49.1126860Z #29 [stage-1  3/11] RUN apk --no-cache upgrade &&     apk --no-cache add ca-certificates tzdata wget bash su-exec libc6-compat &&     apk add --no-cache --upgrade libcrypto3 libssl3
Docker Build & Scan	Build and Load Image	2026-04-08T20:16:49.1127625Z #29 CACHED
Docker Build & Scan	Build and Load Image	2026-04-08T20:16:49.1127775Z 
Docker Build & Scan	Build and Load Image	2026-04-08T20:16:49.1128334Z #30 [stage-1  9/11] COPY --chown=appuser:appuser etc/litestream.yml /etc/litestream.yml
Docker Build & Scan	Build and Load Image	2026-04-08T20:16:49.1129000Z #30 CACHED
Docker Build & Scan	Build and Load Image	2026-04-08T20:16:49.1129175Z 
Docker Build & Scan	Build and Load Image	2026-04-08T20:16:49.1129471Z #31 [stage-1 11/11] RUN chmod +x /app/entrypoint.sh
Docker Build & Scan	Build and Load Image	2026-04-08T20:16:49.1130234Z #31 CACHED
Docker Build & Scan	Build and Load Image	2026-04-08T20:16:49.2234136Z 
Docker Build & Scan	Build and Load Image	2026-04-08T20:16:49.2234609Z #32 exporting to docker image format
Docker Build & Scan	Build and Load Image	2026-04-08T20:16:49.2235178Z #32 exporting layers done
Docker Build & Scan	Build and Load Image	2026-04-08T20:16:49.2235897Z #32 exporting manifest sha256:2550cf07667d7a181fe887691dcc800eaf6a210ef3f1e2cd2334521209621e50 done
Docker Build & Scan	Build and Load Image	2026-04-08T20:16:49.2237332Z #32 exporting config sha256:a58705d8383837f33c1313102ca909b6fa907ec5a8e236ccbd7d87117611b046 done
Docker Build & Scan	Build and Load Image	2026-04-08T20:16:49.5144778Z #32 ...
Docker Build & Scan	Build and Load Image	2026-04-08T20:16:49.5145602Z 
Docker Build & Scan	Build and Load Image	2026-04-08T20:16:49.5145932Z #31 [stage-1 11/11] RUN chmod +x /app/entrypoint.sh
Docker Build & Scan	Build and Load Image	2026-04-08T20:16:49.5147029Z #31 sha256:293ea5aca88a4f6c0b58d78a3c6ecdcd5c775d3b6c48831bd10ced4e7cd11c73 459B / 459B 0.0s done
Docker Build & Scan	Build and Load Image	2026-04-08T20:16:49.5148086Z #31 sha256:ce619f799e34ab8d712a8f94891dd7cab65d2c7a021dc0a7a33de8d28417d8d5 352B / 352B 0.0s done
Docker Build & Scan	Build and Load Image	2026-04-08T20:16:49.5149158Z #31 sha256:a1b280f3119055044ee1babcfdfd5e6f633789cbf3f36745d8d39e1f23e18f90 687B / 687B 0.0s done
Docker Build & Scan	Build and Load Image	2026-04-08T20:16:49.5150315Z #31 sha256:c9b3734f94162ad2584f770e6cfd0f5465c00a0c11eb9dbe94c4dad625011e94 970B / 970B 0.1s done
Docker Build & Scan	Build and Load Image	2026-04-08T20:16:49.5151780Z #31 sha256:2acaa35b8b55d635bbc7ca36dff358da547455dd521145609f1396cd6812e0da 2.99MB / 2.99MB 0.1s done
Docker Build & Scan	Build and Load Image	2026-04-08T20:16:49.5152982Z #31 sha256:68fa02ca4fe7f35749b0d30e695eb4c40f71c31cb02b7fdba0e0b1a602961a64 93B / 93B 0.0s done
Docker Build & Scan	Build and Load Image	2026-04-08T20:16:49.5154716Z #31 sha256:0e43b6357b92f37c735e5015bbadf75254bc9e97a2b10db983520093b4a83629 13.15MB / 13.15MB 0.4s done
Docker Build & Scan	Build and Load Image	2026-04-08T20:16:49.5157887Z #31 sha256:da9889724e463e4d042f3abbb77c7eac04e8830f7ffe4799f72496174a333978 7.87MB / 7.87MB 0.3s done
Docker Build & Scan	Build and Load Image	2026-04-08T20:16:49.5159661Z #31 sha256:743889800b45a6793ab9809198886e66e8bf3f63184583f43de0d2ece3b610e8 1.36MB / 1.36MB 0.2s done
Docker Build & Scan	Build and Load Image	2026-04-08T20:16:49.5160501Z #31 DONE 0.5s
Docker Build & Scan	Build and Load Image	2026-04-08T20:16:49.6663102Z 
Docker Build & Scan	Build and Load Image	2026-04-08T20:16:49.6663768Z #32 exporting to docker image format
Docker Build & Scan	Build and Load Image	2026-04-08T20:16:49.6698130Z #32 sending tarball
Docker Build & Scan	Build and Load Image	2026-04-08T20:16:50.4917916Z #32 sending tarball 0.8s done
Docker Build & Scan	Build and Load Image	2026-04-08T20:16:50.4918589Z #32 DONE 1.2s
Docker Build & Scan	Build and Load Image	2026-04-08T20:16:50.4919144Z 
Docker Build & Scan	Build and Load Image	2026-04-08T20:16:50.4919345Z #33 importing to docker
Docker Build & Scan	Build and Load Image	2026-04-08T20:16:50.4919858Z #33 loading layer 284b46196bb4 93B / 93B 0.7s done
Docker Build & Scan	Build and Load Image	2026-04-08T20:16:50.4920711Z #33 loading layer 5794efb39b70 2.99MB / 2.99MB 0.6s done
Docker Build & Scan	Build and Load Image	2026-04-08T20:16:50.4921132Z #33 loading layer ce02a55ec23a 970B / 970B 0.4s done
Docker Build & Scan	Build and Load Image	2026-04-08T20:16:50.4921573Z #33 loading layer c095e71722c4 13.15MB / 13.15MB 0.3s done
Docker Build & Scan	Build and Load Image	2026-04-08T20:16:50.4922009Z #33 loading layer 31ce6fca2e5b 7.87MB / 7.87MB 0.2s done
Docker Build & Scan	Build and Load Image	2026-04-08T20:16:50.4922426Z #33 loading layer c3f616159eae 1.36MB / 1.36MB 0.1s done
Docker Build & Scan	Build and Load Image	2026-04-08T20:16:50.4922832Z #33 loading layer cde56369f7f6 352B / 352B 0.0s done
Docker Build & Scan	Build and Load Image	2026-04-08T20:16:50.4923218Z #33 loading layer eb6a437c970a 459B / 459B 0.0s done
Docker Build & Scan	Build and Load Image	2026-04-08T20:16:50.4923590Z #33 loading layer 4c284bb43223 687B / 687B 0.0s done
Docker Build & Scan	Build and Load Image	2026-04-08T20:16:50.4923968Z #33 loading layer 5f70bf18a086 32B / 32B 0.0s done
Docker Build & Scan	Build and Load Image	2026-04-08T20:16:50.4924245Z #33 DONE 0.7s
Docker Build & Scan	Build and Load Image	2026-04-08T20:16:50.4924362Z 
Docker Build & Scan	Build and Load Image	2026-04-08T20:16:50.4924524Z #34 exporting to GitHub Actions Cache
Docker Build & Scan	Build and Load Image	2026-04-08T20:16:50.4924865Z #34 preparing build cache for export
Docker Build & Scan	Build and Load Image	2026-04-08T20:16:51.1116307Z #34 preparing build cache for export 0.8s done
Docker Build & Scan	Build and Load Image	2026-04-08T20:16:51.1116962Z #34 sending cache export
Docker Build & Scan	Build and Load Image	2026-04-08T20:16:51.3091211Z #34 writing layer sha256:19e336f0cc4ae9fdb70cc927f8be042517619050e1185eba39a333330b168a82
Docker Build & Scan	Build and Load Image	2026-04-08T20:16:51.6628531Z #34 writing layer sha256:19e336f0cc4ae9fdb70cc927f8be042517619050e1185eba39a333330b168a82 0.5s done
Docker Build & Scan	Build and Load Image	2026-04-08T20:16:51.7699250Z #34 writing layer sha256:518fec0955946f33810ed873714e57146745aad6dde3521113cf2b6e1c43b68e
Docker Build & Scan	Build and Load Image	2026-04-08T20:16:51.8854860Z #34 writing layer sha256:518fec0955946f33810ed873714e57146745aad6dde3521113cf2b6e1c43b68e 0.1s done
Docker Build & Scan	Build and Load Image	2026-04-08T20:16:51.9859711Z #34 writing layer sha256:861b4d542c09747d44c14131b43cc2c7c75d511bcfc1aec72206778363e5d9b0
Docker Build & Scan	Build and Load Image	2026-04-08T20:16:52.1126276Z #34 writing layer sha256:861b4d542c09747d44c14131b43cc2c7c75d511bcfc1aec72206778363e5d9b0 0.1s done
Docker Build & Scan	Build and Load Image	2026-04-08T20:16:52.3268747Z #34 writing layer sha256:b7bba33b8e6c4ce7426e581a4e18deb36e6dd425d21cbdcba309ae3041999cd5
Docker Build & Scan	Build and Load Image	2026-04-08T20:16:52.4163576Z #34 writing layer sha256:b7bba33b8e6c4ce7426e581a4e18deb36e6dd425d21cbdcba309ae3041999cd5 0.2s done
Docker Build & Scan	Build and Load Image	2026-04-08T20:16:52.5841947Z #34 writing layer sha256:c6aff901aec723cae3d609a89b877864282ed917cbc30beab069efbc43dbb718
Docker Build & Scan	Build and Load Image	2026-04-08T20:16:52.6886019Z #34 writing layer sha256:c6aff901aec723cae3d609a89b877864282ed917cbc30beab069efbc43dbb718 0.3s done
Docker Build & Scan	Build and Load Image	2026-04-08T20:16:52.8551260Z #34 writing layer sha256:c9b7fe533075d5a60c53f87470cc361b80e39593abe762bb2de0839c10b58c01 0.1s done
Docker Build & Scan	Build and Load Image	2026-04-08T20:16:53.1309584Z #34 sending cache export 2.0s done
Docker Build & Scan	Build and Load Image	2026-04-08T20:16:53.1310208Z #34 DONE 2.8s
Docker Build & Scan	Build and Load Image	2026-04-08T20:16:53.1574119Z 
Docker Build & Scan	Build and Load Image	2026-04-08T20:16:53.1574591Z #35 resolving provenance for metadata file
Docker Build & Scan	Build and Load Image	2026-04-08T20:16:53.1575079Z #35 DONE 0.0s
Docker Build & Scan	Build and Load Image	2026-04-08T20:16:53.1644614Z ##[group]ImageID
Docker Build & Scan	Build and Load Image	2026-04-08T20:16:53.1645178Z sha256:a58705d8383837f33c1313102ca909b6fa907ec5a8e236ccbd7d87117611b046
Docker Build & Scan	Build and Load Image	2026-04-08T20:16:53.1646206Z ##[endgroup]
Docker Build & Scan	Build and Load Image	2026-04-08T20:16:53.1646732Z ##[group]Digest
Docker Build & Scan	Build and Load Image	2026-04-08T20:16:53.1647641Z sha256:2550cf07667d7a181fe887691dcc800eaf6a210ef3f1e2cd2334521209621e50
Docker Build & Scan	Build and Load Image	2026-04-08T20:16:53.1648426Z ##[endgroup]
Docker Build & Scan	Build and Load Image	2026-04-08T20:16:53.1648882Z ##[group]Metadata
Docker Build & Scan	Build and Load Image	2026-04-08T20:16:53.1649257Z {
Docker Build & Scan	Build and Load Image	2026-04-08T20:16:53.1649571Z   "buildx.build.provenance": {
Docker Build & Scan	Build and Load Image	2026-04-08T20:16:53.1650173Z     "builder": {
Docker Build & Scan	Build and Load Image	2026-04-08T20:16:53.1650471Z       "id": ""
Docker Build & Scan	Build and Load Image	2026-04-08T20:16:53.1650759Z     },
Docker Build & Scan	Build and Load Image	2026-04-08T20:16:53.1651200Z     "buildType": "https://mobyproject.org/buildkit@v1",
Docker Build & Scan	Build and Load Image	2026-04-08T20:16:53.1651689Z     "materials": [
Docker Build & Scan	Build and Load Image	2026-04-08T20:16:53.1651980Z       {
Docker Build & Scan	Build and Load Image	2026-04-08T20:16:53.1652413Z         "uri": "pkg:docker/alpine@latest?platform=linux%2Famd64",
Docker Build & Scan	Build and Load Image	2026-04-08T20:16:53.1653447Z         "digest": {
Docker Build & Scan	Build and Load Image	2026-04-08T20:16:53.1654056Z           "sha256": "25109184c71bdad752c8312a8623239686a9a2071e8825f20acb8f2198c3f659"
Docker Build & Scan	Build and Load Image	2026-04-08T20:16:53.1654641Z         }
Docker Build & Scan	Build and Load Image	2026-04-08T20:16:53.1654896Z       },
Docker Build & Scan	Build and Load Image	2026-04-08T20:16:53.1655155Z       {
Docker Build & Scan	Build and Load Image	2026-04-08T20:16:53.1655861Z         "uri": "pkg:docker/golang@1.25-alpine?platform=linux%2Famd64",
Docker Build & Scan	Build and Load Image	2026-04-08T20:16:53.1656385Z         "digest": {
Docker Build & Scan	Build and Load Image	2026-04-08T20:16:53.1656791Z           "sha256": "7a00384194cf2cb68924bbb918d675f1517357433c8541bac0ab2f929b9d5447"
Docker Build & Scan	Build and Load Image	2026-04-08T20:16:53.1657154Z         }
Docker Build & Scan	Build and Load Image	2026-04-08T20:16:53.1657305Z       },
Docker Build & Scan	Build and Load Image	2026-04-08T20:16:53.1657444Z       {
Docker Build & Scan	Build and Load Image	2026-04-08T20:16:53.1657747Z         "uri": "pkg:docker/litestream/litestream@0.5.10?platform=linux%2Famd64",
Docker Build & Scan	Build and Load Image	2026-04-08T20:16:53.1658084Z         "digest": {
Docker Build & Scan	Build and Load Image	2026-04-08T20:16:53.1658428Z           "sha256": "66c0ef32779b20f7ce682751ec50ba0f1363cad5cb9dba1e23fbeee6ae3197b9"
Docker Build & Scan	Build and Load Image	2026-04-08T20:16:53.1658793Z         }
Docker Build & Scan	Build and Load Image	2026-04-08T20:16:53.1658935Z       }
Docker Build & Scan	Build and Load Image	2026-04-08T20:16:53.1659079Z     ],
Docker Build & Scan	Build and Load Image	2026-04-08T20:16:53.1659238Z     "invocation": {
Docker Build & Scan	Build and Load Image	2026-04-08T20:16:53.1659414Z       "configSource": {
Docker Build & Scan	Build and Load Image	2026-04-08T20:16:53.1659642Z         "entryPoint": "Dockerfile"
Docker Build & Scan	Build and Load Image	2026-04-08T20:16:53.1659855Z       },
Docker Build & Scan	Build and Load Image	2026-04-08T20:16:53.1660364Z       "parameters": {
Docker Build & Scan	Build and Load Image	2026-04-08T20:16:53.1660780Z         "frontend": "dockerfile.v0",
Docker Build & Scan	Build and Load Image	2026-04-08T20:16:53.1661163Z         "locals": [
Docker Build & Scan	Build and Load Image	2026-04-08T20:16:53.1661436Z           {
Docker Build & Scan	Build and Load Image	2026-04-08T20:16:53.1661606Z             "name": "context"
Docker Build & Scan	Build and Load Image	2026-04-08T20:16:53.1661803Z           },
Docker Build & Scan	Build and Load Image	2026-04-08T20:16:53.1661997Z           {
Docker Build & Scan	Build and Load Image	2026-04-08T20:16:53.1662176Z             "name": "dockerfile"
Docker Build & Scan	Build and Load Image	2026-04-08T20:16:53.1662381Z           }
Docker Build & Scan	Build and Load Image	2026-04-08T20:16:53.1662527Z         ]
Docker Build & Scan	Build and Load Image	2026-04-08T20:16:53.1662667Z       },
Docker Build & Scan	Build and Load Image	2026-04-08T20:16:53.1662825Z       "environment": {
Docker Build & Scan	Build and Load Image	2026-04-08T20:16:53.1663061Z         "github_actor": "jakeitegsy",
Docker Build & Scan	Build and Load Image	2026-04-08T20:16:53.1663319Z         "github_actor_id": "11357665",
Docker Build & Scan	Build and Load Image	2026-04-08T20:16:53.1663594Z         "github_event_name": "push",
Docker Build & Scan	Build and Load Image	2026-04-08T20:16:53.1663841Z         "github_event_payload": {
Docker Build & Scan	Build and Load Image	2026-04-08T20:16:53.1664164Z           "after": "f711d9f6e1881056548352d44db138e91163ffb4",
Docker Build & Scan	Build and Load Image	2026-04-08T20:16:53.1664454Z           "base_ref": null,
Docker Build & Scan	Build and Load Image	2026-04-08T20:16:53.1664745Z           "before": "3658dc7cddabcb504fffec33ece51b10e9f9b6c1",
Docker Build & Scan	Build and Load Image	2026-04-08T20:16:53.1665037Z           "commits": [
Docker Build & Scan	Build and Load Image	2026-04-08T20:16:53.1665215Z             {
Docker Build & Scan	Build and Load Image	2026-04-08T20:16:53.1665382Z               "author": {
Docker Build & Scan	Build and Load Image	2026-04-08T20:16:53.1665610Z                 "email": "you@example.com",
Docker Build & Scan	Build and Load Image	2026-04-08T20:16:53.1665877Z                 "name": "Your Name"
Docker Build & Scan	Build and Load Image	2026-04-08T20:16:53.1666087Z               },
Docker Build & Scan	Build and Load Image	2026-04-08T20:16:53.1666260Z               "committer": {
Docker Build & Scan	Build and Load Image	2026-04-08T20:16:53.1666514Z                 "email": "you@example.com",
Docker Build & Scan	Build and Load Image	2026-04-08T20:16:53.1666789Z                 "name": "Your Name"
Docker Build & Scan	Build and Load Image	2026-04-08T20:16:53.1666996Z               },
Docker Build & Scan	Build and Load Image	2026-04-08T20:16:53.1667205Z               "distinct": true,
Docker Build & Scan	Build and Load Image	2026-04-08T20:16:53.1667479Z               "id": "f711d9f6e1881056548352d44db138e91163ffb4",
Docker Build & Scan	Build and Load Image	2026-04-08T20:16:53.1668000Z               "message": "fix(deps): force upgrade google.golang.org/grpc to v1.79.3 to resolve CVE-2026-33186",
Docker Build & Scan	Build and Load Image	2026-04-08T20:16:53.1668560Z               "timestamp": "2026-04-08T15:10:33-05:00",
Docker Build & Scan	Build and Load Image	2026-04-08T20:16:53.1668990Z               "tree_id": "babda7c75b226b1e96eb2e5753300d887e64f440",
Docker Build & Scan	Build and Load Image	2026-04-08T20:16:53.1669570Z               "url": "https://github.com/jadecobra/agbalumo/commit/f711d9f6e1881056548352d44db138e91163ffb4"
Docker Build & Scan	Build and Load Image	2026-04-08T20:16:53.1670975Z             }
Docker Build & Scan	Build and Load Image	2026-04-08T20:16:53.1671284Z           ],
Docker Build & Scan	Build and Load Image	2026-04-08T20:16:53.1672013Z           "compare": "https://github.com/jadecobra/agbalumo/compare/3658dc7cddab...f711d9f6e188",
Docker Build & Scan	Build and Load Image	2026-04-08T20:16:53.1672764Z           "created": false,
Docker Build & Scan	Build and Load Image	2026-04-08T20:16:53.1673177Z           "deleted": false,
Docker Build & Scan	Build and Load Image	2026-04-08T20:16:53.1673579Z           "forced": false,
Docker Build & Scan	Build and Load Image	2026-04-08T20:16:53.1673996Z           "head_commit": {
Docker Build & Scan	Build and Load Image	2026-04-08T20:16:53.1674434Z             "author": {
Docker Build & Scan	Build and Load Image	2026-04-08T20:16:53.1674972Z               "email": "you@example.com",
Docker Build & Scan	Build and Load Image	2026-04-08T20:16:53.1675558Z               "name": "Your Name"
Docker Build & Scan	Build and Load Image	2026-04-08T20:16:53.1675924Z             },
Docker Build & Scan	Build and Load Image	2026-04-08T20:16:53.1676279Z             "committer": {
Docker Build & Scan	Build and Load Image	2026-04-08T20:16:53.1676559Z               "email": "you@example.com",
Docker Build & Scan	Build and Load Image	2026-04-08T20:16:53.1676883Z               "name": "Your Name"
Docker Build & Scan	Build and Load Image	2026-04-08T20:16:53.1677413Z             },
Docker Build & Scan	Build and Load Image	2026-04-08T20:16:53.1677623Z             "distinct": true,
Docker Build & Scan	Build and Load Image	2026-04-08T20:16:53.1677926Z             "id": "f711d9f6e1881056548352d44db138e91163ffb4",
Docker Build & Scan	Build and Load Image	2026-04-08T20:16:53.1678499Z             "message": "fix(deps): force upgrade google.golang.org/grpc to v1.79.3 to resolve CVE-2026-33186",
Docker Build & Scan	Build and Load Image	2026-04-08T20:16:53.1679033Z             "timestamp": "2026-04-08T15:10:33-05:00",
Docker Build & Scan	Build and Load Image	2026-04-08T20:16:53.1679404Z             "tree_id": "babda7c75b226b1e96eb2e5753300d887e64f440",
Docker Build & Scan	Build and Load Image	2026-04-08T20:16:53.1681046Z             "url": "https://github.com/jadecobra/agbalumo/commit/f711d9f6e1881056548352d44db138e91163ffb4"
Docker Build & Scan	Build and Load Image	2026-04-08T20:16:53.1681655Z           },
Docker Build & Scan	Build and Load Image	2026-04-08T20:16:53.1681878Z           "organization": {
Docker Build & Scan	Build and Load Image	2026-04-08T20:16:53.1682266Z             "avatar_url": "https://avatars.githubusercontent.com/u/89438202?v=4",
Docker Build & Scan	Build and Load Image	2026-04-08T20:16:53.1682680Z             "description": "",
Docker Build & Scan	Build and Load Image	2026-04-08T20:16:53.1683059Z             "events_url": "https://api.github.com/orgs/jadecobra/events",
Docker Build & Scan	Build and Load Image	2026-04-08T20:16:53.1683554Z             "hooks_url": "https://api.github.com/orgs/jadecobra/hooks",
Docker Build & Scan	Build and Load Image	2026-04-08T20:16:53.1683918Z             "id": 89438202,
Docker Build & Scan	Build and Load Image	2026-04-08T20:16:53.1684253Z             "issues_url": "https://api.github.com/orgs/jadecobra/issues",
Docker Build & Scan	Build and Load Image	2026-04-08T20:16:53.1684611Z             "login": "jadecobra",
Docker Build & Scan	Build and Load Image	2026-04-08T20:16:53.1685027Z             "members_url": "https://api.github.com/orgs/jadecobra/members{/member}",
Docker Build & Scan	Build and Load Image	2026-04-08T20:16:53.1685491Z             "node_id": "MDEyOk9yZ2FuaXphdGlvbjg5NDM4MjAy",
Docker Build & Scan	Build and Load Image	2026-04-08T20:16:53.1686029Z             "public_members_url": "https://api.github.com/orgs/jadecobra/public_members{/member}",
Docker Build & Scan	Build and Load Image	2026-04-08T20:16:53.1686597Z             "repos_url": "https://api.github.com/orgs/jadecobra/repos",
Docker Build & Scan	Build and Load Image	2026-04-08T20:16:53.1687006Z             "url": "https://api.github.com/orgs/jadecobra"
Docker Build & Scan	Build and Load Image	2026-04-08T20:16:53.1687290Z           },
Docker Build & Scan	Build and Load Image	2026-04-08T20:16:53.1687481Z           "pusher": {
Docker Build & Scan	Build and Load Image	2026-04-08T20:16:53.1687735Z             "email": "jakeitegsy@yahoo.com",
Docker Build & Scan	Build and Load Image	2026-04-08T20:16:53.1688028Z             "name": "jakeitegsy"
Docker Build & Scan	Build and Load Image	2026-04-08T20:16:53.1688260Z           },
Docker Build & Scan	Build and Load Image	2026-04-08T20:16:53.1688445Z           "ref": "refs/heads/main",
Docker Build & Scan	Build and Load Image	2026-04-08T20:16:53.1688695Z           "repository": {
Docker Build & Scan	Build and Load Image	2026-04-08T20:16:53.1688946Z             "allow_forking": true,
Docker Build & Scan	Build and Load Image	2026-04-08T20:16:53.1689421Z             "archive_url": "https://api.github.com/repos/jadecobra/agbalumo/{archive_format}{/ref}",
Docker Build & Scan	Build and Load Image	2026-04-08T20:16:53.1689897Z             "archived": false,
Docker Build & Scan	Build and Load Image	2026-04-08T20:16:53.1690573Z             "assignees_url": "https://api.github.com/repos/jadecobra/agbalumo/assignees{/user}",
Docker Build & Scan	Build and Load Image	2026-04-08T20:16:53.1691167Z             "blobs_url": "https://api.github.com/repos/jadecobra/agbalumo/git/blobs{/sha}",
Docker Build & Scan	Build and Load Image	2026-04-08T20:16:53.1691800Z             "branches_url": "https://api.github.com/repos/jadecobra/agbalumo/branches{/branch}",
Docker Build & Scan	Build and Load Image	2026-04-08T20:16:53.1692335Z             "clone_url": "https://github.com/jadecobra/agbalumo.git",
Docker Build & Scan	Build and Load Image	2026-04-08T20:16:53.1692943Z             "collaborators_url": "https://api.github.com/repos/jadecobra/agbalumo/collaborators{/collaborator}",
Docker Build & Scan	Build and Load Image	2026-04-08T20:16:53.1693809Z             "comments_url": "https://api.github.com/repos/jadecobra/agbalumo/comments{/number}",
Docker Build & Scan	Build and Load Image	2026-04-08T20:16:53.1694433Z             "commits_url": "https://api.github.com/repos/jadecobra/agbalumo/commits{/sha}",
Docker Build & Scan	Build and Load Image	2026-04-08T20:16:53.1695088Z             "compare_url": "https://api.github.com/repos/jadecobra/agbalumo/compare/{base}...{head}",
Docker Build & Scan	Build and Load Image	2026-04-08T20:16:53.1695755Z             "contents_url": "https://api.github.com/repos/jadecobra/agbalumo/contents/{+path}",
Docker Build & Scan	Build and Load Image	2026-04-08T20:16:53.1696376Z             "contributors_url": "https://api.github.com/repos/jadecobra/agbalumo/contributors",
Docker Build & Scan	Build and Load Image	2026-04-08T20:16:53.1696835Z             "created_at": 1769791473,
Docker Build & Scan	Build and Load Image	2026-04-08T20:16:53.1697118Z             "custom_properties": {},
Docker Build & Scan	Build and Load Image	2026-04-08T20:16:53.1697388Z             "default_branch": "main",
Docker Build & Scan	Build and Load Image	2026-04-08T20:16:53.1697824Z             "deployments_url": "https://api.github.com/repos/jadecobra/agbalumo/deployments",
Docker Build & Scan	Build and Load Image	2026-04-08T20:16:53.1698292Z             "description": "find what you want",
Docker Build & Scan	Build and Load Image	2026-04-08T20:16:53.1698733Z             "disabled": false,
Docker Build & Scan	Build and Load Image	2026-04-08T20:16:53.1699160Z             "downloads_url": "https://api.github.com/repos/jadecobra/agbalumo/downloads",
Docker Build & Scan	Build and Load Image	2026-04-08T20:16:53.1699725Z             "events_url": "https://api.github.com/repos/jadecobra/agbalumo/events",
Docker Build & Scan	Build and Load Image	2026-04-08T20:16:53.1700350Z             "fork": false,
Docker Build & Scan	Build and Load Image	2026-04-08T20:16:53.1700607Z             "forks": 0,
Docker Build & Scan	Build and Load Image	2026-04-08T20:16:53.1700823Z             "forks_count": 0,
Docker Build & Scan	Build and Load Image	2026-04-08T20:16:53.1701198Z             "forks_url": "https://api.github.com/repos/jadecobra/agbalumo/forks",
Docker Build & Scan	Build and Load Image	2026-04-08T20:16:53.1701607Z             "full_name": "jadecobra/agbalumo",
Docker Build & Scan	Build and Load Image	2026-04-08T20:16:53.1702061Z             "git_commits_url": "https://api.github.com/repos/jadecobra/agbalumo/git/commits{/sha}",
Docker Build & Scan	Build and Load Image	2026-04-08T20:16:53.1702664Z             "git_refs_url": "https://api.github.com/repos/jadecobra/agbalumo/git/refs{/sha}",
Docker Build & Scan	Build and Load Image	2026-04-08T20:16:53.1703235Z             "git_tags_url": "https://api.github.com/repos/jadecobra/agbalumo/git/tags{/sha}",
Docker Build & Scan	Build and Load Image	2026-04-08T20:16:53.1703704Z             "git_url": "git://github.com/jadecobra/agbalumo.git",
Docker Build & Scan	Build and Load Image	2026-04-08T20:16:53.1704046Z             "has_discussions": false,
Docker Build & Scan	Build and Load Image	2026-04-08T20:16:53.1704302Z             "has_downloads": true,
Docker Build & Scan	Build and Load Image	2026-04-08T20:16:53.1704552Z             "has_issues": true,
Docker Build & Scan	Build and Load Image	2026-04-08T20:16:53.1704885Z             "has_pages": false,
Docker Build & Scan	Build and Load Image	2026-04-08T20:16:53.1705266Z             "has_projects": true,
Docker Build & Scan	Build and Load Image	2026-04-08T20:16:53.1705771Z             "has_pull_requests": true,
Docker Build & Scan	Build and Load Image	2026-04-08T20:16:53.1706153Z             "has_wiki": true,
Docker Build & Scan	Build and Load Image	2026-04-08T20:16:53.1706399Z             "homepage": null,
Docker Build & Scan	Build and Load Image	2026-04-08T20:16:53.1706814Z             "hooks_url": "https://api.github.com/repos/jadecobra/agbalumo/hooks",
Docker Build & Scan	Build and Load Image	2026-04-08T20:16:53.1707286Z             "html_url": "https://github.com/jadecobra/agbalumo",
Docker Build & Scan	Build and Load Image	2026-04-08T20:16:53.1707567Z             "id": 1146120726,
Docker Build & Scan	Build and Load Image	2026-04-08T20:16:53.1707791Z             "is_template": false,
Docker Build & Scan	Build and Load Image	2026-04-08T20:16:53.1708252Z             "issue_comment_url": "https://api.github.com/repos/jadecobra/agbalumo/issues/comments{/number}",
Docker Build & Scan	Build and Load Image	2026-04-08T20:16:53.1708946Z             "issue_events_url": "https://api.github.com/repos/jadecobra/agbalumo/issues/events{/number}",
Docker Build & Scan	Build and Load Image	2026-04-08T20:16:53.1709555Z             "issues_url": "https://api.github.com/repos/jadecobra/agbalumo/issues{/number}",
Docker Build & Scan	Build and Load Image	2026-04-08T20:16:53.1710507Z             "keys_url": "https://api.github.com/repos/jadecobra/agbalumo/keys{/key_id}",
Docker Build & Scan	Build and Load Image	2026-04-08T20:16:53.1711067Z             "labels_url": "https://api.github.com/repos/jadecobra/agbalumo/labels{/name}",
Docker Build & Scan	Build and Load Image	2026-04-08T20:16:53.1711442Z             "language": "Go",
Docker Build & Scan	Build and Load Image	2026-04-08T20:16:53.1711824Z             "languages_url": "https://api.github.com/repos/jadecobra/agbalumo/languages",
Docker Build & Scan	Build and Load Image	2026-04-08T20:16:53.1712202Z             "license": null,
Docker Build & Scan	Build and Load Image	2026-04-08T20:16:53.1712438Z             "master_branch": "main",
Docker Build & Scan	Build and Load Image	2026-04-08T20:16:53.1712822Z             "merges_url": "https://api.github.com/repos/jadecobra/agbalumo/merges",
Docker Build & Scan	Build and Load Image	2026-04-08T20:16:53.1713391Z             "milestones_url": "https://api.github.com/repos/jadecobra/agbalumo/milestones{/number}",
Docker Build & Scan	Build and Load Image	2026-04-08T20:16:53.1713994Z             "mirror_url": null,
Docker Build & Scan	Build and Load Image	2026-04-08T20:16:53.1714218Z             "name": "agbalumo",
Docker Build & Scan	Build and Load Image	2026-04-08T20:16:53.1714459Z             "node_id": "R_kgDORFBqFg",
Docker Build & Scan	Build and Load Image	2026-04-08T20:16:53.1715020Z             "notifications_url": "https://api.github.com/repos/jadecobra/agbalumo/notifications{?since,all,participating}",
Docker Build & Scan	Build and Load Image	2026-04-08T20:16:53.1715519Z             "open_issues": 2,
Docker Build & Scan	Build and Load Image	2026-04-08T20:16:53.1715800Z             "open_issues_count": 2,
Docker Build & Scan	Build and Load Image	2026-04-08T20:16:53.1716066Z             "organization": "jadecobra",
Docker Build & Scan	Build and Load Image	2026-04-08T20:16:53.1716298Z             "owner": {
Docker Build & Scan	Build and Load Image	2026-04-08T20:16:53.1716641Z               "avatar_url": "https://avatars.githubusercontent.com/u/89438202?v=4",
Docker Build & Scan	Build and Load Image	2026-04-08T20:16:53.1716998Z               "email": null,
Docker Build & Scan	Build and Load Image	2026-04-08T20:16:53.1717352Z               "events_url": "https://api.github.com/users/jadecobra/events{/privacy}",
Docker Build & Scan	Build and Load Image	2026-04-08T20:16:53.1717850Z               "followers_url": "https://api.github.com/users/jadecobra/followers",
Docker Build & Scan	Build and Load Image	2026-04-08T20:16:53.1718506Z               "following_url": "https://api.github.com/users/jadecobra/following{/other_user}",
Docker Build & Scan	Build and Load Image	2026-04-08T20:16:53.1719029Z               "gists_url": "https://api.github.com/users/jadecobra/gists{/gist_id}",
Docker Build & Scan	Build and Load Image	2026-04-08T20:16:53.1719400Z               "gravatar_id": "",
Docker Build & Scan	Build and Load Image	2026-04-08T20:16:53.1719683Z               "html_url": "https://github.com/jadecobra",
Docker Build & Scan	Build and Load Image	2026-04-08T20:16:53.1720189Z               "id": 89438202,
Docker Build & Scan	Build and Load Image	2026-04-08T20:16:53.1720484Z               "login": "jadecobra",
Docker Build & Scan	Build and Load Image	2026-04-08T20:16:53.1720727Z               "name": "jadecobra",
Docker Build & Scan	Build and Load Image	2026-04-08T20:16:53.1721031Z               "node_id": "MDEyOk9yZ2FuaXphdGlvbjg5NDM4MjAy",
Docker Build & Scan	Build and Load Image	2026-04-08T20:16:53.1721463Z               "organizations_url": "https://api.github.com/users/jadecobra/orgs",
Docker Build & Scan	Build and Load Image	2026-04-08T20:16:53.1722025Z               "received_events_url": "https://api.github.com/users/jadecobra/received_events",
Docker Build & Scan	Build and Load Image	2026-04-08T20:16:53.1722520Z               "repos_url": "https://api.github.com/users/jadecobra/repos",
Docker Build & Scan	Build and Load Image	2026-04-08T20:16:53.1723025Z               "site_admin": false,
Docker Build & Scan	Build and Load Image	2026-04-08T20:16:53.1723762Z               "starred_url": "https://api.github.com/users/jadecobra/starred{/owner}{/repo}",
Docker Build & Scan	Build and Load Image	2026-04-08T20:16:53.1724371Z               "subscriptions_url": "https://api.github.com/users/jadecobra/subscriptions",
Docker Build & Scan	Build and Load Image	2026-04-08T20:16:53.1724774Z               "type": "Organization",
Docker Build & Scan	Build and Load Image	2026-04-08T20:16:53.1725108Z               "url": "https://api.github.com/users/jadecobra",
Docker Build & Scan	Build and Load Image	2026-04-08T20:16:53.1725455Z               "user_view_type": "public"
Docker Build & Scan	Build and Load Image	2026-04-08T20:16:53.1725837Z             },
Docker Build & Scan	Build and Load Image	2026-04-08T20:16:53.1726131Z             "private": false,
Docker Build & Scan	Build and Load Image	2026-04-08T20:16:53.1726584Z             "pull_request_creation_policy": "all",
Docker Build & Scan	Build and Load Image	2026-04-08T20:16:53.1727314Z             "pulls_url": "https://api.github.com/repos/jadecobra/agbalumo/pulls{/number}",
Docker Build & Scan	Build and Load Image	2026-04-08T20:16:53.1727987Z             "pushed_at": 1775679165,
Docker Build & Scan	Build and Load Image	2026-04-08T20:16:53.1728682Z             "releases_url": "https://api.github.com/repos/jadecobra/agbalumo/releases{/id}",
Docker Build & Scan	Build and Load Image	2026-04-08T20:16:53.1729335Z             "size": 50732,
Docker Build & Scan	Build and Load Image	2026-04-08T20:16:53.1729814Z             "ssh_url": "git@github.com:jadecobra/agbalumo.git",
Docker Build & Scan	Build and Load Image	2026-04-08T20:16:53.1730538Z             "stargazers": 0,
Docker Build & Scan	Build and Load Image	2026-04-08T20:16:53.1730928Z             "stargazers_count": 0,
Docker Build & Scan	Build and Load Image	2026-04-08T20:16:53.1731616Z             "stargazers_url": "https://api.github.com/repos/jadecobra/agbalumo/stargazers",
Docker Build & Scan	Build and Load Image	2026-04-08T20:16:53.1732579Z             "statuses_url": "https://api.github.com/repos/jadecobra/agbalumo/statuses/{sha}",
Docker Build & Scan	Build and Load Image	2026-04-08T20:16:53.1733547Z             "subscribers_url": "https://api.github.com/repos/jadecobra/agbalumo/subscribers",
Docker Build & Scan	Build and Load Image	2026-04-08T20:16:53.1734547Z             "subscription_url": "https://api.github.com/repos/jadecobra/agbalumo/subscription",
Docker Build & Scan	Build and Load Image	2026-04-08T20:16:53.1735366Z             "svn_url": "https://github.com/jadecobra/agbalumo",
Docker Build & Scan	Build and Load Image	2026-04-08T20:16:53.1736083Z             "tags_url": "https://api.github.com/repos/jadecobra/agbalumo/tags",
Docker Build & Scan	Build and Load Image	2026-04-08T20:16:53.1736902Z             "teams_url": "https://api.github.com/repos/jadecobra/agbalumo/teams",
Docker Build & Scan	Build and Load Image	2026-04-08T20:16:53.1737669Z             "topics": [],
Docker Build & Scan	Build and Load Image	2026-04-08T20:16:53.1738308Z             "trees_url": "https://api.github.com/repos/jadecobra/agbalumo/git/trees{/sha}",
Docker Build & Scan	Build and Load Image	2026-04-08T20:16:53.1739025Z             "updated_at": "2026-04-08T19:22:33Z",
Docker Build & Scan	Build and Load Image	2026-04-08T20:16:53.1739626Z             "url": "https://api.github.com/repos/jadecobra/agbalumo",
Docker Build & Scan	Build and Load Image	2026-04-08T20:16:53.1740556Z             "visibility": "public",
Docker Build & Scan	Build and Load Image	2026-04-08T20:16:53.1740921Z             "watchers": 0,
Docker Build & Scan	Build and Load Image	2026-04-08T20:16:53.1741259Z             "watchers_count": 0,
Docker Build & Scan	Build and Load Image	2026-04-08T20:16:53.1741684Z             "web_commit_signoff_required": false
Docker Build & Scan	Build and Load Image	2026-04-08T20:16:53.1742141Z           },
Docker Build & Scan	Build and Load Image	2026-04-08T20:16:53.1742412Z           "sender": {
Docker Build & Scan	Build and Load Image	2026-04-08T20:16:53.1742996Z             "avatar_url": "https://avatars.githubusercontent.com/u/11357665?v=4",
Docker Build & Scan	Build and Load Image	2026-04-08T20:16:53.1743882Z             "events_url": "https://api.github.com/users/jakeitegsy/events{/privacy}",
Docker Build & Scan	Build and Load Image	2026-04-08T20:16:53.1744873Z             "followers_url": "https://api.github.com/users/jakeitegsy/followers",
Docker Build & Scan	Build and Load Image	2026-04-08T20:16:53.1745743Z             "following_url": "https://api.github.com/users/jakeitegsy/following{/other_user}",
Docker Build & Scan	Build and Load Image	2026-04-08T20:16:53.1746603Z             "gists_url": "https://api.github.com/users/jakeitegsy/gists{/gist_id}",
Docker Build & Scan	Build and Load Image	2026-04-08T20:16:53.1747191Z             "gravatar_id": "",
Docker Build & Scan	Build and Load Image	2026-04-08T20:16:53.1747647Z             "html_url": "https://github.com/jakeitegsy",
Docker Build & Scan	Build and Load Image	2026-04-08T20:16:53.1748082Z             "id": 11357665,
Docker Build & Scan	Build and Load Image	2026-04-08T20:16:53.1748439Z             "login": "jakeitegsy",
Docker Build & Scan	Build and Load Image	2026-04-08T20:16:53.1748877Z             "node_id": "MDQ6VXNlcjExMzU3NjY1",
Docker Build & Scan	Build and Load Image	2026-04-08T20:16:53.1749526Z             "organizations_url": "https://api.github.com/users/jakeitegsy/orgs",
Docker Build & Scan	Build and Load Image	2026-04-08T20:16:53.1750599Z             "received_events_url": "https://api.github.com/users/jakeitegsy/received_events",
Docker Build & Scan	Build and Load Image	2026-04-08T20:16:53.1751430Z             "repos_url": "https://api.github.com/users/jakeitegsy/repos",
Docker Build & Scan	Build and Load Image	2026-04-08T20:16:53.1751979Z             "site_admin": false,
Docker Build & Scan	Build and Load Image	2026-04-08T20:16:53.1752654Z             "starred_url": "https://api.github.com/users/jakeitegsy/starred{/owner}{/repo}",
Docker Build & Scan	Build and Load Image	2026-04-08T20:16:53.1753592Z             "subscriptions_url": "https://api.github.com/users/jakeitegsy/subscriptions",
Docker Build & Scan	Build and Load Image	2026-04-08T20:16:53.1754269Z             "type": "User",
Docker Build & Scan	Build and Load Image	2026-04-08T20:16:53.1754747Z             "url": "https://api.github.com/users/jakeitegsy",
Docker Build & Scan	Build and Load Image	2026-04-08T20:16:53.1755242Z             "user_view_type": "public"
Docker Build & Scan	Build and Load Image	2026-04-08T20:16:53.1755607Z           }
Docker Build & Scan	Build and Load Image	2026-04-08T20:16:53.1755853Z         },
Docker Build & Scan	Build and Load Image	2026-04-08T20:16:53.1756152Z         "github_job": "docker",
Docker Build & Scan	Build and Load Image	2026-04-08T20:16:53.1756556Z         "github_ref": "refs/heads/main",
Docker Build & Scan	Build and Load Image	2026-04-08T20:16:53.1756997Z         "github_ref_name": "main",
Docker Build & Scan	Build and Load Image	2026-04-08T20:16:53.1757387Z         "github_ref_protected": "false",
Docker Build & Scan	Build and Load Image	2026-04-08T20:16:53.1757796Z         "github_ref_type": "branch",
Docker Build & Scan	Build and Load Image	2026-04-08T20:16:53.1758280Z         "github_repository": "jadecobra/agbalumo",
Docker Build & Scan	Build and Load Image	2026-04-08T20:16:53.1758788Z         "github_repository_id": "1146120726",
Docker Build & Scan	Build and Load Image	2026-04-08T20:16:53.1759283Z         "github_repository_owner": "jadecobra",
Docker Build & Scan	Build and Load Image	2026-04-08T20:16:53.1759788Z         "github_repository_owner_id": "89438202",
Docker Build & Scan	Build and Load Image	2026-04-08T20:16:53.1760481Z         "github_run_attempt": "1",
Docker Build & Scan	Build and Load Image	2026-04-08T20:16:53.1760897Z         "github_run_id": "24156332564",
Docker Build & Scan	Build and Load Image	2026-04-08T20:16:53.1761299Z         "github_run_number": "168",
Docker Build & Scan	Build and Load Image	2026-04-08T20:16:53.1761716Z         "github_runner_arch": "X64",
Docker Build & Scan	Build and Load Image	2026-04-08T20:16:53.1762215Z         "github_runner_environment": "github-hosted",
Docker Build & Scan	Build and Load Image	2026-04-08T20:16:53.1762739Z         "github_runner_image_os": "ubuntu24",
Docker Build & Scan	Build and Load Image	2026-04-08T20:16:53.1763261Z         "github_runner_image_version": "20260329.72.1",
Docker Build & Scan	Build and Load Image	2026-04-08T20:16:53.1763830Z         "github_runner_name": "GitHub Actions 1000001523",
Docker Build & Scan	Build and Load Image	2026-04-08T20:16:53.1764329Z         "github_runner_os": "Linux",
Docker Build & Scan	Build and Load Image	2026-04-08T20:16:53.1764994Z         "github_runner_tracking_id": "github_48ccbad3-c041-47bd-b8fb-900c07d3e292",
Docker Build & Scan	Build and Load Image	2026-04-08T20:16:53.1765737Z         "github_server_url": "https://github.com",
Docker Build & Scan	Build and Load Image	2026-04-08T20:16:53.1766556Z         "github_triggering_actor": "jakeitegsy",
Docker Build & Scan	Build and Load Image	2026-04-08T20:16:53.1767041Z         "github_workflow": "CI/CD Pipeline",
Docker Build & Scan	Build and Load Image	2026-04-08T20:16:53.1767788Z         "github_workflow_ref": "jadecobra/agbalumo/.github/workflows/ci.yml@refs/heads/main",
Docker Build & Scan	Build and Load Image	2026-04-08T20:16:53.1768669Z         "github_workflow_sha": "f711d9f6e1881056548352d44db138e91163ffb4",
Docker Build & Scan	Build and Load Image	2026-04-08T20:16:53.1769265Z         "platform": "linux/amd64"
Docker Build & Scan	Build and Load Image	2026-04-08T20:16:53.1769615Z       }
Docker Build & Scan	Build and Load Image	2026-04-08T20:16:53.1769863Z     }
Docker Build & Scan	Build and Load Image	2026-04-08T20:16:53.1770340Z   },
Docker Build & Scan	Build and Load Image	2026-04-08T20:16:53.1771344Z   "buildx.build.ref": "builder-4e1ce0f5-1e0a-44b9-a800-b15ae11ef962/builder-4e1ce0f5-1e0a-44b9-a800-b15ae11ef9620/xx6qtgnt2kjrepbq5yik6c8kd",
Docker Build & Scan	Build and Load Image	2026-04-08T20:16:53.1772890Z   "containerimage.config.digest": "sha256:a58705d8383837f33c1313102ca909b6fa907ec5a8e236ccbd7d87117611b046",
Docker Build & Scan	Build and Load Image	2026-04-08T20:16:53.1773742Z   "containerimage.descriptor": {
Docker Build & Scan	Build and Load Image	2026-04-08T20:16:53.1774358Z     "mediaType": "application/vnd.docker.distribution.manifest.v2+json",
Docker Build & Scan	Build and Load Image	2026-04-08T20:16:53.1775495Z     "digest": "sha256:2550cf07667d7a181fe887691dcc800eaf6a210ef3f1e2cd2334521209621e50",
Docker Build & Scan	Build and Load Image	2026-04-08T20:16:53.1776173Z     "size": 2458,
Docker Build & Scan	Build and Load Image	2026-04-08T20:16:53.1776484Z     "annotations": {
Docker Build & Scan	Build and Load Image	2026-04-08T20:16:53.1776978Z       "org.opencontainers.image.created": "2026-04-08T20:16:49Z"
Docker Build & Scan	Build and Load Image	2026-04-08T20:16:53.1777488Z     },
Docker Build & Scan	Build and Load Image	2026-04-08T20:16:53.1777654Z     "platform": {
Docker Build & Scan	Build and Load Image	2026-04-08T20:16:53.1777865Z       "architecture": "amd64",
Docker Build & Scan	Build and Load Image	2026-04-08T20:16:53.1778072Z       "os": "linux"
Docker Build & Scan	Build and Load Image	2026-04-08T20:16:53.1778240Z     }
Docker Build & Scan	Build and Load Image	2026-04-08T20:16:53.1778388Z   },
Docker Build & Scan	Build and Load Image	2026-04-08T20:16:53.1778792Z   "containerimage.digest": "sha256:2550cf07667d7a181fe887691dcc800eaf6a210ef3f1e2cd2334521209621e50",
Docker Build & Scan	Build and Load Image	2026-04-08T20:16:53.1779409Z   "image.name": "docker.io/library/agbalumo:f711d9f6e1881056548352d44db138e91163ffb4"
Docker Build & Scan	Build and Load Image	2026-04-08T20:16:53.1779768Z }
Docker Build & Scan	Build and Load Image	2026-04-08T20:16:53.1780384Z ##[endgroup]
Docker Build & Scan	Build and Load Image	2026-04-08T20:16:53.1780687Z ##[group]Reference
Docker Build & Scan	Build and Load Image	2026-04-08T20:16:53.1781276Z builder-4e1ce0f5-1e0a-44b9-a800-b15ae11ef962/builder-4e1ce0f5-1e0a-44b9-a800-b15ae11ef9620/xx6qtgnt2kjrepbq5yik6c8kd
Docker Build & Scan	Build and Load Image	2026-04-08T20:16:53.1781922Z ##[endgroup]
Docker Build & Scan	Build and Load Image	2026-04-08T20:16:53.1782205Z ##[group]Check build summary support
Docker Build & Scan	Build and Load Image	2026-04-08T20:16:53.1782580Z Build summary supported!
Docker Build & Scan	Build and Load Image	2026-04-08T20:16:53.1782884Z ##[endgroup]
Docker Build & Scan	Run Trivy vulnerability scanner	﻿2026-04-08T20:16:53.1953759Z ##[group]Run aquasecurity/trivy-action@57a97c7e7821a5776cebc9bb87c984fa69cba8f1
Docker Build & Scan	Run Trivy vulnerability scanner	2026-04-08T20:16:53.1954165Z with:
Docker Build & Scan	Run Trivy vulnerability scanner	2026-04-08T20:16:53.1954406Z   image-ref: agbalumo:f711d9f6e1881056548352d44db138e91163ffb4
Docker Build & Scan	Run Trivy vulnerability scanner	2026-04-08T20:16:53.1954703Z   format: table
Docker Build & Scan	Run Trivy vulnerability scanner	2026-04-08T20:16:53.1954868Z   exit-code: 1
Docker Build & Scan	Run Trivy vulnerability scanner	2026-04-08T20:16:53.1955039Z   ignore-unfixed: true
Docker Build & Scan	Run Trivy vulnerability scanner	2026-04-08T20:16:53.1955223Z   vuln-type: os,library
Docker Build & Scan	Run Trivy vulnerability scanner	2026-04-08T20:16:53.1955415Z   severity: CRITICAL,HIGH
Docker Build & Scan	Run Trivy vulnerability scanner	2026-04-08T20:16:53.1955603Z   scan-type: image
Docker Build & Scan	Run Trivy vulnerability scanner	2026-04-08T20:16:53.1955774Z   scan-ref: .
Docker Build & Scan	Run Trivy vulnerability scanner	2026-04-08T20:16:53.1956006Z   cache-dir: /home/runner/work/agbalumo/agbalumo/.cache/trivy
Docker Build & Scan	Run Trivy vulnerability scanner	2026-04-08T20:16:53.1956314Z   list-all-pkgs: false
Docker Build & Scan	Run Trivy vulnerability scanner	2026-04-08T20:16:53.1956513Z   version: v0.69.3
Docker Build & Scan	Run Trivy vulnerability scanner	2026-04-08T20:16:53.1956681Z   cache: true
Docker Build & Scan	Run Trivy vulnerability scanner	2026-04-08T20:16:53.1956853Z   skip-setup-trivy: false
Docker Build & Scan	Run Trivy vulnerability scanner	2026-04-08T20:16:53.1957195Z   token-setup-trivy: ***
Docker Build & Scan	Run Trivy vulnerability scanner	2026-04-08T20:16:53.1957398Z env:
Docker Build & Scan	Run Trivy vulnerability scanner	2026-04-08T20:16:53.1957548Z   NODE_VERSION: 24
Docker Build & Scan	Run Trivy vulnerability scanner	2026-04-08T20:16:53.1957747Z   FORCE_JAVASCRIPT_ACTIONS_TO_NODE24: true
Docker Build & Scan	Run Trivy vulnerability scanner	2026-04-08T20:16:53.1958018Z ##[endgroup]
Docker Build & Scan	Run Trivy vulnerability scanner	2026-04-08T20:16:53.2085896Z ##[group]Run aquasecurity/setup-trivy@e6c2c5e321ed9123bda567646e2f96565e34abe1
Docker Build & Scan	Run Trivy vulnerability scanner	2026-04-08T20:16:53.2086264Z with:
Docker Build & Scan	Run Trivy vulnerability scanner	2026-04-08T20:16:53.2086417Z   version: v0.69.3
Docker Build & Scan	Run Trivy vulnerability scanner	2026-04-08T20:16:53.2086586Z   cache: true
Docker Build & Scan	Run Trivy vulnerability scanner	2026-04-08T20:16:53.2086860Z   token: ***
Docker Build & Scan	Run Trivy vulnerability scanner	2026-04-08T20:16:53.2087032Z   path: $HOME/.local/bin
Docker Build & Scan	Run Trivy vulnerability scanner	2026-04-08T20:16:53.2087259Z   github-server-url: https://github.com
Docker Build & Scan	Run Trivy vulnerability scanner	2026-04-08T20:16:53.2087495Z env:
Docker Build & Scan	Run Trivy vulnerability scanner	2026-04-08T20:16:53.2087650Z   NODE_VERSION: 24
Docker Build & Scan	Run Trivy vulnerability scanner	2026-04-08T20:16:53.2087843Z   FORCE_JAVASCRIPT_ACTIONS_TO_NODE24: true
Docker Build & Scan	Run Trivy vulnerability scanner	2026-04-08T20:16:53.2088083Z ##[endgroup]
Docker Build & Scan	Run Trivy vulnerability scanner	2026-04-08T20:16:53.2104006Z ##[group]Run echo "dir=$HOME/.local/bin/trivy-bin" >> $GITHUB_OUTPUT
Docker Build & Scan	Run Trivy vulnerability scanner	2026-04-08T20:16:53.2104428Z [36;1mecho "dir=$HOME/.local/bin/trivy-bin" >> $GITHUB_OUTPUT[0m
Docker Build & Scan	Run Trivy vulnerability scanner	2026-04-08T20:16:53.2135295Z shell: /usr/bin/bash --noprofile --norc -e -o pipefail {0}
Docker Build & Scan	Run Trivy vulnerability scanner	2026-04-08T20:16:53.2135604Z env:
Docker Build & Scan	Run Trivy vulnerability scanner	2026-04-08T20:16:53.2135767Z   NODE_VERSION: 24
Docker Build & Scan	Run Trivy vulnerability scanner	2026-04-08T20:16:53.2135981Z   FORCE_JAVASCRIPT_ACTIONS_TO_NODE24: true
Docker Build & Scan	Run Trivy vulnerability scanner	2026-04-08T20:16:53.2136235Z ##[endgroup]
Docker Build & Scan	Run Trivy vulnerability scanner	2026-04-08T20:16:53.2316800Z ##[group]Run actions/cache@0400d5f644dc74513175e3cd8d07132dd4860809
Docker Build & Scan	Run Trivy vulnerability scanner	2026-04-08T20:16:53.2317137Z with:
Docker Build & Scan	Run Trivy vulnerability scanner	2026-04-08T20:16:53.2317330Z   path: /home/runner/.local/bin/trivy-bin
Docker Build & Scan	Run Trivy vulnerability scanner	2026-04-08T20:16:53.2317592Z   key: trivy-binary-v0.69.3-Linux-X64
Docker Build & Scan	Run Trivy vulnerability scanner	2026-04-08T20:16:53.2317850Z   enableCrossOsArchive: false
Docker Build & Scan	Run Trivy vulnerability scanner	2026-04-08T20:16:53.2318073Z   fail-on-cache-miss: false
Docker Build & Scan	Run Trivy vulnerability scanner	2026-04-08T20:16:53.2318271Z   lookup-only: false
Docker Build & Scan	Run Trivy vulnerability scanner	2026-04-08T20:16:53.2318451Z   save-always: false
Docker Build & Scan	Run Trivy vulnerability scanner	2026-04-08T20:16:53.2318613Z env:
Docker Build & Scan	Run Trivy vulnerability scanner	2026-04-08T20:16:53.2318763Z   NODE_VERSION: 24
Docker Build & Scan	Run Trivy vulnerability scanner	2026-04-08T20:16:53.2319151Z   FORCE_JAVASCRIPT_ACTIONS_TO_NODE24: true
Docker Build & Scan	Run Trivy vulnerability scanner	2026-04-08T20:16:53.2319393Z ##[endgroup]
Docker Build & Scan	Run Trivy vulnerability scanner	2026-04-08T20:16:53.3317136Z (node:5645) [DEP0040] DeprecationWarning: The `punycode` module is deprecated. Please use a userland alternative instead.
Docker Build & Scan	Run Trivy vulnerability scanner	2026-04-08T20:16:53.3318099Z (Use `node --trace-deprecation ...` to show where the warning was created)
Docker Build & Scan	Run Trivy vulnerability scanner	2026-04-08T20:16:53.3995531Z Cache hit for: trivy-binary-v0.69.3-Linux-X64
Docker Build & Scan	Run Trivy vulnerability scanner	2026-04-08T20:16:53.4098917Z (node:5645) [DEP0169] DeprecationWarning: `url.parse()` behavior is not standardized and prone to errors that have security implications. Use the WHATWG URL API instead. CVEs are not issued for `url.parse()` vulnerabilities.
Docker Build & Scan	Run Trivy vulnerability scanner	2026-04-08T20:16:53.7778766Z Received 44265681 of 44265681 (100.0%), 129.1 MBs/sec
Docker Build & Scan	Run Trivy vulnerability scanner	2026-04-08T20:16:53.7779494Z Cache Size: ~42 MB (44265681 B)
Docker Build & Scan	Run Trivy vulnerability scanner	2026-04-08T20:16:53.7814216Z [command]/usr/bin/tar -xf /home/runner/work/_temp/1c6e5718-3f40-4c4c-8d43-0b2ee682f87a/cache.tzst -P -C /home/runner/work/agbalumo/agbalumo --use-compress-program unzstd
Docker Build & Scan	Run Trivy vulnerability scanner	2026-04-08T20:16:54.0360372Z Cache restored successfully
Docker Build & Scan	Run Trivy vulnerability scanner	2026-04-08T20:16:54.0458074Z Cache restored from key: trivy-binary-v0.69.3-Linux-X64
Docker Build & Scan	Run Trivy vulnerability scanner	2026-04-08T20:16:54.0586260Z ##[group]Run echo /home/runner/.local/bin/trivy-bin >> $GITHUB_PATH
Docker Build & Scan	Run Trivy vulnerability scanner	2026-04-08T20:16:54.0586714Z [36;1mecho /home/runner/.local/bin/trivy-bin >> $GITHUB_PATH[0m
Docker Build & Scan	Run Trivy vulnerability scanner	2026-04-08T20:16:54.0614872Z shell: /usr/bin/bash --noprofile --norc -e -o pipefail {0}
Docker Build & Scan	Run Trivy vulnerability scanner	2026-04-08T20:16:54.0615189Z env:
Docker Build & Scan	Run Trivy vulnerability scanner	2026-04-08T20:16:54.0615349Z   NODE_VERSION: 24
Docker Build & Scan	Run Trivy vulnerability scanner	2026-04-08T20:16:54.0615561Z   FORCE_JAVASCRIPT_ACTIONS_TO_NODE24: true
Docker Build & Scan	Run Trivy vulnerability scanner	2026-04-08T20:16:54.0615817Z ##[endgroup]
Docker Build & Scan	Run Trivy vulnerability scanner	2026-04-08T20:16:54.0689763Z ##[group]Run echo "date=$(date +'%Y-%m-%d')" >> $GITHUB_OUTPUT
Docker Build & Scan	Run Trivy vulnerability scanner	2026-04-08T20:16:54.0690414Z [36;1mecho "date=$(date +'%Y-%m-%d')" >> $GITHUB_OUTPUT[0m
Docker Build & Scan	Run Trivy vulnerability scanner	2026-04-08T20:16:54.0713947Z shell: /usr/bin/bash --noprofile --norc -e -o pipefail {0}
Docker Build & Scan	Run Trivy vulnerability scanner	2026-04-08T20:16:54.0714290Z env:
Docker Build & Scan	Run Trivy vulnerability scanner	2026-04-08T20:16:54.0714454Z   NODE_VERSION: 24
Docker Build & Scan	Run Trivy vulnerability scanner	2026-04-08T20:16:54.0714660Z   FORCE_JAVASCRIPT_ACTIONS_TO_NODE24: true
Docker Build & Scan	Run Trivy vulnerability scanner	2026-04-08T20:16:54.0714917Z ##[endgroup]
Docker Build & Scan	Run Trivy vulnerability scanner	2026-04-08T20:16:54.0805405Z ##[group]Run actions/cache@0400d5f644dc74513175e3cd8d07132dd4860809
Docker Build & Scan	Run Trivy vulnerability scanner	2026-04-08T20:16:54.0805733Z with:
Docker Build & Scan	Run Trivy vulnerability scanner	2026-04-08T20:16:54.0806016Z   path: /home/runner/work/agbalumo/agbalumo/.cache/trivy
Docker Build & Scan	Run Trivy vulnerability scanner	2026-04-08T20:16:54.0806317Z   key: cache-trivy-2026-04-08
Docker Build & Scan	Run Trivy vulnerability scanner	2026-04-08T20:16:54.0806573Z   restore-keys: cache-trivy-
Docker Build & Scan	Run Trivy vulnerability scanner	2026-04-08T20:16:54.0806806Z   enableCrossOsArchive: false
Docker Build & Scan	Run Trivy vulnerability scanner	2026-04-08T20:16:54.0807028Z   fail-on-cache-miss: false
Docker Build & Scan	Run Trivy vulnerability scanner	2026-04-08T20:16:54.0807235Z   lookup-only: false
Docker Build & Scan	Run Trivy vulnerability scanner	2026-04-08T20:16:54.0807432Z   save-always: false
Docker Build & Scan	Run Trivy vulnerability scanner	2026-04-08T20:16:54.0807608Z env:
Docker Build & Scan	Run Trivy vulnerability scanner	2026-04-08T20:16:54.0807762Z   NODE_VERSION: 24
Docker Build & Scan	Run Trivy vulnerability scanner	2026-04-08T20:16:54.0807967Z   FORCE_JAVASCRIPT_ACTIONS_TO_NODE24: true
Docker Build & Scan	Run Trivy vulnerability scanner	2026-04-08T20:16:54.0808218Z ##[endgroup]
Docker Build & Scan	Run Trivy vulnerability scanner	2026-04-08T20:16:54.1791340Z (node:5665) [DEP0040] DeprecationWarning: The `punycode` module is deprecated. Please use a userland alternative instead.
Docker Build & Scan	Run Trivy vulnerability scanner	2026-04-08T20:16:54.1792231Z (Use `node --trace-deprecation ...` to show where the warning was created)
Docker Build & Scan	Run Trivy vulnerability scanner	2026-04-08T20:16:54.2580063Z Cache hit for restore-key: cache-trivy-2026-04-04
Docker Build & Scan	Run Trivy vulnerability scanner	2026-04-08T20:16:54.2731352Z (node:5665) [DEP0169] DeprecationWarning: `url.parse()` behavior is not standardized and prone to errors that have security implications. Use the WHATWG URL API instead. CVEs are not issued for `url.parse()` vulnerabilities.
Docker Build & Scan	Run Trivy vulnerability scanner	2026-04-08T20:16:54.6543353Z Received 64307043 of 64307043 (100.0%), 172.8 MBs/sec
Docker Build & Scan	Run Trivy vulnerability scanner	2026-04-08T20:16:54.6544060Z Cache Size: ~61 MB (64307043 B)
Docker Build & Scan	Run Trivy vulnerability scanner	2026-04-08T20:16:54.6573343Z [command]/usr/bin/tar -xf /home/runner/work/_temp/5fc2dd12-fa3b-4247-a37a-f003a457e560/cache.tzst -P -C /home/runner/work/agbalumo/agbalumo --use-compress-program unzstd
Docker Build & Scan	Run Trivy vulnerability scanner	2026-04-08T20:16:56.0317880Z Cache restored successfully
Docker Build & Scan	Run Trivy vulnerability scanner	2026-04-08T20:16:56.0470350Z Cache restored from key: cache-trivy-2026-04-04
Docker Build & Scan	Run Trivy vulnerability scanner	2026-04-08T20:16:56.0621501Z ##[group]Run echo "$GITHUB_ACTION_PATH" >> $GITHUB_PATH
Docker Build & Scan	Run Trivy vulnerability scanner	2026-04-08T20:16:56.0621874Z [36;1mecho "$GITHUB_ACTION_PATH" >> $GITHUB_PATH[0m
Docker Build & Scan	Run Trivy vulnerability scanner	2026-04-08T20:16:56.0648560Z shell: /usr/bin/bash --noprofile --norc -e -o pipefail {0}
Docker Build & Scan	Run Trivy vulnerability scanner	2026-04-08T20:16:56.0648890Z env:
Docker Build & Scan	Run Trivy vulnerability scanner	2026-04-08T20:16:56.0649052Z   NODE_VERSION: 24
Docker Build & Scan	Run Trivy vulnerability scanner	2026-04-08T20:16:56.0649267Z   FORCE_JAVASCRIPT_ACTIONS_TO_NODE24: true
Docker Build & Scan	Run Trivy vulnerability scanner	2026-04-08T20:16:56.0649798Z   GITHUB_ACTION_PATH: /home/runner/work/_actions/aquasecurity/trivy-action/57a97c7e7821a5776cebc9bb87c984fa69cba8f1
Docker Build & Scan	Run Trivy vulnerability scanner	2026-04-08T20:16:56.0650643Z ##[endgroup]
Docker Build & Scan	Run Trivy vulnerability scanner	2026-04-08T20:16:56.0722724Z ##[group]Run rm -f trivy_envs.txt
Docker Build & Scan	Run Trivy vulnerability scanner	2026-04-08T20:16:56.0723169Z [36;1mrm -f trivy_envs.txt[0m
Docker Build & Scan	Run Trivy vulnerability scanner	2026-04-08T20:16:56.0723541Z [36;1mtouch trivy_envs.txt[0m
Docker Build & Scan	Run Trivy vulnerability scanner	2026-04-08T20:16:56.0755091Z shell: /usr/bin/bash --noprofile --norc -e -o pipefail {0}
Docker Build & Scan	Run Trivy vulnerability scanner	2026-04-08T20:16:56.0755605Z env:
Docker Build & Scan	Run Trivy vulnerability scanner	2026-04-08T20:16:56.0755874Z   NODE_VERSION: 24
Docker Build & Scan	Run Trivy vulnerability scanner	2026-04-08T20:16:56.0756237Z   FORCE_JAVASCRIPT_ACTIONS_TO_NODE24: true
Docker Build & Scan	Run Trivy vulnerability scanner	2026-04-08T20:16:56.0756614Z ##[endgroup]
Docker Build & Scan	Run Trivy vulnerability scanner	2026-04-08T20:16:56.0842600Z ##[group]Run # Note: There is currently no way to distinguish between undefined variables and empty strings in GitHub Actions.
Docker Build & Scan	Run Trivy vulnerability scanner	2026-04-08T20:16:56.0843489Z [36;1m# Note: There is currently no way to distinguish between undefined variables and empty strings in GitHub Actions.[0m
Docker Build & Scan	Run Trivy vulnerability scanner	2026-04-08T20:16:56.0844132Z [36;1m# This limitation affects how we handle default values and empty inputs.[0m
Docker Build & Scan	Run Trivy vulnerability scanner	2026-04-08T20:16:56.0844651Z [36;1m# For more information, see: https://github.com/actions/runner/issues/924[0m
Docker Build & Scan	Run Trivy vulnerability scanner	2026-04-08T20:16:56.0845214Z [36;1m[0m
Docker Build & Scan	Run Trivy vulnerability scanner	2026-04-08T20:16:56.0845559Z [36;1m# The following logic implements the configuration priority described in the README:[0m
Docker Build & Scan	Run Trivy vulnerability scanner	2026-04-08T20:16:56.0845966Z [36;1m#[0m
Docker Build & Scan	Run Trivy vulnerability scanner	2026-04-08T20:16:56.0846133Z [36;1m# Inputs[0m
Docker Build & Scan	Run Trivy vulnerability scanner	2026-04-08T20:16:56.0846323Z [36;1m# Environment Variables[0m
Docker Build & Scan	Run Trivy vulnerability scanner	2026-04-08T20:16:56.0846556Z [36;1m# Config File[0m
Docker Build & Scan	Run Trivy vulnerability scanner	2026-04-08T20:16:56.0846758Z [36;1m# Defaults[0m
Docker Build & Scan	Run Trivy vulnerability scanner	2026-04-08T20:16:56.0846938Z [36;1m#[0m
Docker Build & Scan	Run Trivy vulnerability scanner	2026-04-08T20:16:56.0847322Z [36;1m# As noted above defaults are awkward to handle as GitHub Actions will inject those values as the input[0m
Docker Build & Scan	Run Trivy vulnerability scanner	2026-04-08T20:16:56.0847979Z [36;1m# if the caller doesn't provide them, thus if the input matches the default we don't set it as we[0m
Docker Build & Scan	Run Trivy vulnerability scanner	2026-04-08T20:16:56.0848622Z [36;1m# can't tell the difference.  Plus if we did set it when it was the default value then it could potentially[0m
Docker Build & Scan	Run Trivy vulnerability scanner	2026-04-08T20:16:56.0849335Z [36;1m# override an external environment variable, or something in the callers configuration file, which then wouldn't[0m
Docker Build & Scan	Run Trivy vulnerability scanner	2026-04-08T20:16:56.0850223Z [36;1m# match the configuration priority that is documented.[0m
Docker Build & Scan	Run Trivy vulnerability scanner	2026-04-08T20:16:56.0850593Z [36;1mset_env_var_if_provided() {[0m
Docker Build & Scan	Run Trivy vulnerability scanner	2026-04-08T20:16:56.0850852Z [36;1m  local var_name="$1"[0m
Docker Build & Scan	Run Trivy vulnerability scanner	2026-04-08T20:16:56.0851087Z [36;1m  local input_value="$2"[0m
Docker Build & Scan	Run Trivy vulnerability scanner	2026-04-08T20:16:56.0851326Z [36;1m  local default_value="$3"[0m
Docker Build & Scan	Run Trivy vulnerability scanner	2026-04-08T20:16:56.0851552Z [36;1m[0m
Docker Build & Scan	Run Trivy vulnerability scanner	2026-04-08T20:16:56.0851817Z [36;1m  if [ -n "$input_value" ] && [ "$input_value" != "$default_value" ]; then[0m
Docker Build & Scan	Run Trivy vulnerability scanner	2026-04-08T20:16:56.0852282Z [36;1m    # If action was provided with explicit input by the caller set that[0m
Docker Build & Scan	Run Trivy vulnerability scanner	2026-04-08T20:16:56.0852797Z [36;1m    # Use printf %q to safely escape special characters and prevent command injection[0m
Docker Build & Scan	Run Trivy vulnerability scanner	2026-04-08T20:16:56.0853296Z [36;1m    printf 'export %s=%q\n' "$var_name" "$input_value" >> trivy_envs.txt[0m
Docker Build & Scan	Run Trivy vulnerability scanner	2026-04-08T20:16:56.0853638Z [36;1m  fi[0m
Docker Build & Scan	Run Trivy vulnerability scanner	2026-04-08T20:16:56.0853810Z [36;1m}[0m
Docker Build & Scan	Run Trivy vulnerability scanner	2026-04-08T20:16:56.0853970Z [36;1m[0m
Docker Build & Scan	Run Trivy vulnerability scanner	2026-04-08T20:16:56.0854228Z [36;1m# Set environment variables, handling those with default values[0m
Docker Build & Scan	Run Trivy vulnerability scanner	2026-04-08T20:16:56.0854777Z [36;1m# cf. https://aquasecurity.github.io/trivy/latest/docs/configuration/#environment-variables[0m
Docker Build & Scan	Run Trivy vulnerability scanner	2026-04-08T20:16:56.0855307Z [36;1mset_env_var_if_provided "TRIVY_INPUT" "$INPUT_INPUT" ""[0m
Docker Build & Scan	Run Trivy vulnerability scanner	2026-04-08T20:16:56.0855711Z [36;1mset_env_var_if_provided "TRIVY_EXIT_CODE" "$INPUT_EXIT_CODE" ""[0m
Docker Build & Scan	Run Trivy vulnerability scanner	2026-04-08T20:16:56.0856179Z [36;1mset_env_var_if_provided "TRIVY_IGNORE_UNFIXED" "$INPUT_IGNORE_UNFIXED" "false"[0m
Docker Build & Scan	Run Trivy vulnerability scanner	2026-04-08T20:16:56.0856704Z [36;1mset_env_var_if_provided "TRIVY_PKG_TYPES" "$INPUT_VULN_TYPE" "os,library"[0m
Docker Build & Scan	Run Trivy vulnerability scanner	2026-04-08T20:16:56.0857501Z [36;1mset_env_var_if_provided "TRIVY_SEVERITY" "$INPUT_SEVERITY" "UNKNOWN,LOW,MEDIUM,HIGH,CRITICAL"[0m
Docker Build & Scan	Run Trivy vulnerability scanner	2026-04-08T20:16:56.0858041Z [36;1mset_env_var_if_provided "TRIVY_FORMAT" "$INPUT_FORMAT" "table"[0m
Docker Build & Scan	Run Trivy vulnerability scanner	2026-04-08T20:16:56.0858452Z [36;1mset_env_var_if_provided "TRIVY_TEMPLATE" "$INPUT_TEMPLATE" ""[0m
Docker Build & Scan	Run Trivy vulnerability scanner	2026-04-08T20:16:56.0858863Z [36;1mset_env_var_if_provided "TRIVY_OUTPUT" "$INPUT_OUTPUT" ""[0m
Docker Build & Scan	Run Trivy vulnerability scanner	2026-04-08T20:16:56.0859268Z [36;1mset_env_var_if_provided "TRIVY_SKIP_DIRS" "$INPUT_SKIP_DIRS" ""[0m
Docker Build & Scan	Run Trivy vulnerability scanner	2026-04-08T20:16:56.0859693Z [36;1mset_env_var_if_provided "TRIVY_SKIP_FILES" "$INPUT_SKIP_FILES" ""[0m
Docker Build & Scan	Run Trivy vulnerability scanner	2026-04-08T20:16:56.0860395Z [36;1mset_env_var_if_provided "TRIVY_TIMEOUT" "$INPUT_TIMEOUT" ""[0m
Docker Build & Scan	Run Trivy vulnerability scanner	2026-04-08T20:16:56.0860843Z [36;1mset_env_var_if_provided "TRIVY_IGNORE_POLICY" "$INPUT_IGNORE_POLICY" ""[0m
Docker Build & Scan	Run Trivy vulnerability scanner	2026-04-08T20:16:56.0861293Z [36;1mset_env_var_if_provided "TRIVY_QUIET" "$INPUT_HIDE_PROGRESS" ""[0m
Docker Build & Scan	Run Trivy vulnerability scanner	2026-04-08T20:16:56.0861756Z [36;1mset_env_var_if_provided "TRIVY_LIST_ALL_PKGS" "$INPUT_LIST_ALL_PKGS" "false"[0m
Docker Build & Scan	Run Trivy vulnerability scanner	2026-04-08T20:16:56.0862213Z [36;1mset_env_var_if_provided "TRIVY_SCANNERS" "$INPUT_SCANNERS" ""[0m
Docker Build & Scan	Run Trivy vulnerability scanner	2026-04-08T20:16:56.0862621Z [36;1mset_env_var_if_provided "TRIVY_CONFIG" "$INPUT_TRIVY_CONFIG" ""[0m
Docker Build & Scan	Run Trivy vulnerability scanner	2026-04-08T20:16:56.0863152Z [36;1mset_env_var_if_provided "TRIVY_TF_VARS" "$INPUT_TF_VARS" ""[0m
Docker Build & Scan	Run Trivy vulnerability scanner	2026-04-08T20:16:56.0863568Z [36;1mset_env_var_if_provided "TRIVY_DOCKER_HOST" "$INPUT_DOCKER_HOST" ""[0m
Docker Build & Scan	Run Trivy vulnerability scanner	2026-04-08T20:16:56.0887628Z shell: /usr/bin/bash --noprofile --norc -e -o pipefail {0}
Docker Build & Scan	Run Trivy vulnerability scanner	2026-04-08T20:16:56.0887952Z env:
Docker Build & Scan	Run Trivy vulnerability scanner	2026-04-08T20:16:56.0888122Z   NODE_VERSION: 24
Docker Build & Scan	Run Trivy vulnerability scanner	2026-04-08T20:16:56.0888332Z   FORCE_JAVASCRIPT_ACTIONS_TO_NODE24: true
Docker Build & Scan	Run Trivy vulnerability scanner	2026-04-08T20:16:56.0888589Z   INPUT_INPUT: 
Docker Build & Scan	Run Trivy vulnerability scanner	2026-04-08T20:16:56.0888773Z   INPUT_EXIT_CODE: 1
Docker Build & Scan	Run Trivy vulnerability scanner	2026-04-08T20:16:56.0888977Z   INPUT_IGNORE_UNFIXED: true
Docker Build & Scan	Run Trivy vulnerability scanner	2026-04-08T20:16:56.0889207Z   INPUT_VULN_TYPE: os,library
Docker Build & Scan	Run Trivy vulnerability scanner	2026-04-08T20:16:56.0889435Z   INPUT_SEVERITY: CRITICAL,HIGH
Docker Build & Scan	Run Trivy vulnerability scanner	2026-04-08T20:16:56.0889655Z   INPUT_FORMAT: table
Docker Build & Scan	Run Trivy vulnerability scanner	2026-04-08T20:16:56.0889849Z   INPUT_TEMPLATE: 
Docker Build & Scan	Run Trivy vulnerability scanner	2026-04-08T20:16:56.0890202Z   INPUT_OUTPUT: 
Docker Build & Scan	Run Trivy vulnerability scanner	2026-04-08T20:16:56.0890513Z   INPUT_SKIP_DIRS: 
Docker Build & Scan	Run Trivy vulnerability scanner	2026-04-08T20:16:56.0890705Z   INPUT_SKIP_FILES: 
Docker Build & Scan	Run Trivy vulnerability scanner	2026-04-08T20:16:56.0890891Z   INPUT_TIMEOUT: 
Docker Build & Scan	Run Trivy vulnerability scanner	2026-04-08T20:16:56.0891066Z   INPUT_IGNORE_POLICY: 
Docker Build & Scan	Run Trivy vulnerability scanner	2026-04-08T20:16:56.0891276Z   INPUT_HIDE_PROGRESS: 
Docker Build & Scan	Run Trivy vulnerability scanner	2026-04-08T20:16:56.0891480Z   INPUT_LIST_ALL_PKGS: false
Docker Build & Scan	Run Trivy vulnerability scanner	2026-04-08T20:16:56.0891692Z   INPUT_SCANNERS: 
Docker Build & Scan	Run Trivy vulnerability scanner	2026-04-08T20:16:56.0891870Z   INPUT_TRIVY_CONFIG: 
Docker Build & Scan	Run Trivy vulnerability scanner	2026-04-08T20:16:56.0892050Z   INPUT_TF_VARS: 
Docker Build & Scan	Run Trivy vulnerability scanner	2026-04-08T20:16:56.0892225Z   INPUT_DOCKER_HOST: 
Docker Build & Scan	Run Trivy vulnerability scanner	2026-04-08T20:16:56.0892409Z ##[endgroup]
Docker Build & Scan	Run Trivy vulnerability scanner	2026-04-08T20:16:56.0960273Z ##[group]Run entrypoint.sh
Docker Build & Scan	Run Trivy vulnerability scanner	2026-04-08T20:16:56.0960582Z [36;1mentrypoint.sh[0m
Docker Build & Scan	Run Trivy vulnerability scanner	2026-04-08T20:16:56.0984252Z shell: /usr/bin/bash --noprofile --norc -e -o pipefail {0}
Docker Build & Scan	Run Trivy vulnerability scanner	2026-04-08T20:16:56.0984577Z env:
Docker Build & Scan	Run Trivy vulnerability scanner	2026-04-08T20:16:56.0984746Z   NODE_VERSION: 24
Docker Build & Scan	Run Trivy vulnerability scanner	2026-04-08T20:16:56.0984970Z   FORCE_JAVASCRIPT_ACTIONS_TO_NODE24: true
Docker Build & Scan	Run Trivy vulnerability scanner	2026-04-08T20:16:56.0985237Z   INPUT_SCAN_TYPE: image
Docker Build & Scan	Run Trivy vulnerability scanner	2026-04-08T20:16:56.0985539Z   INPUT_IMAGE_REF: agbalumo:f711d9f6e1881056548352d44db138e91163ffb4
Docker Build & Scan	Run Trivy vulnerability scanner	2026-04-08T20:16:56.0985861Z   INPUT_SCAN_REF: .
Docker Build & Scan	Run Trivy vulnerability scanner	2026-04-08T20:16:56.0986051Z   INPUT_TRIVYIGNORES: 
Docker Build & Scan	Run Trivy vulnerability scanner	2026-04-08T20:16:56.0986249Z   INPUT_GITHUB_PAT: 
Docker Build & Scan	Run Trivy vulnerability scanner	2026-04-08T20:16:56.0986456Z   INPUT_LIMIT_SEVERITIES_FOR_SARIF: 
Docker Build & Scan	Run Trivy vulnerability scanner	2026-04-08T20:16:56.0986781Z   TRIVY_CACHE_DIR: /home/runner/work/agbalumo/agbalumo/.cache/trivy
Docker Build & Scan	Run Trivy vulnerability scanner	2026-04-08T20:16:56.0987100Z ##[endgroup]
Docker Build & Scan	Run Trivy vulnerability scanner	2026-04-08T20:16:56.1058200Z Running Trivy with options: trivy image agbalumo:f711d9f6e1881056548352d44db138e91163ffb4
Docker Build & Scan	Run Trivy vulnerability scanner	2026-04-08T20:16:56.1675182Z 2026-04-08T20:16:56Z	INFO	[vulndb] Need to update DB
Docker Build & Scan	Run Trivy vulnerability scanner	2026-04-08T20:16:56.1681035Z 2026-04-08T20:16:56Z	INFO	[vulndb] Downloading vulnerability DB...
Docker Build & Scan	Run Trivy vulnerability scanner	2026-04-08T20:16:56.1691703Z 2026-04-08T20:16:56Z	INFO	[vulndb] Downloading artifact...	repo="mirror.gcr.io/aquasec/trivy-db:2"
Docker Build & Scan	Run Trivy vulnerability scanner	2026-04-08T20:17:01.9242460Z 32.64 MiB / 89.66 MiB [---------------------->______________________________________] 36.40% ? p/s ?66.45 MiB / 89.66 MiB [--------------------------------------------->_______________] 74.11% ? p/s ?89.66 MiB / 89.66 MiB [----------------------------------------------------------->] 100.00% ? p/s ?89.66 MiB / 89.66 MiB [---------------------------------------------->] 100.00% 95.02 MiB p/s ETA 0s89.66 MiB / 89.66 MiB [---------------------------------------------->] 100.00% 95.02 MiB p/s ETA 0s89.66 MiB / 89.66 MiB [---------------------------------------------->] 100.00% 95.02 MiB p/s ETA 0s89.66 MiB / 89.66 MiB [---------------------------------------------->] 100.00% 88.89 MiB p/s ETA 0s89.66 MiB / 89.66 MiB [---------------------------------------------->] 100.00% 88.89 MiB p/s ETA 0s89.66 MiB / 89.66 MiB [---------------------------------------------->] 100.00% 88.89 MiB p/s ETA 0s89.66 MiB / 89.66 MiB [---------------------------------------------->] 100.00% 83.16 MiB p/s ETA 0s89.66 MiB / 89.66 MiB [---------------------------------------------->] 100.00% 83.16 MiB p/s ETA 0s89.66 MiB / 89.66 MiB [---------------------------------------------->] 100.00% 83.16 MiB p/s ETA 0s89.66 MiB / 89.66 MiB [---------------------------------------------->] 100.00% 77.79 MiB p/s ETA 0s89.66 MiB / 89.66 MiB [---------------------------------------------->] 100.00% 77.79 MiB p/s ETA 0s89.66 MiB / 89.66 MiB [---------------------------------------------->] 100.00% 77.79 MiB p/s ETA 0s89.66 MiB / 89.66 MiB [-------------------------------------------------] 100.00% 30.20 MiB p/s 3.2s2026-04-08T20:17:01Z	INFO	[vulndb] Artifact successfully downloaded	repo="mirror.gcr.io/aquasec/trivy-db:2"
Docker Build & Scan	Run Trivy vulnerability scanner	2026-04-08T20:17:01.9248580Z 2026-04-08T20:17:01Z	INFO	[vuln] Vulnerability scanning is enabled
Docker Build & Scan	Run Trivy vulnerability scanner	2026-04-08T20:17:01.9249114Z 2026-04-08T20:17:01Z	INFO	[secret] Secret scanning is enabled
Docker Build & Scan	Run Trivy vulnerability scanner	2026-04-08T20:17:01.9249794Z 2026-04-08T20:17:01Z	INFO	[secret] If your scanning is slow, please try '--scanners vuln' to disable secret scanning
Docker Build & Scan	Run Trivy vulnerability scanner	2026-04-08T20:17:01.9251121Z 2026-04-08T20:17:01Z	INFO	[secret] Please see https://trivy.dev/docs/v0.69/guide/scanner/secret#recommendation for faster secret detection
Docker Build & Scan	Run Trivy vulnerability scanner	2026-04-08T20:17:05.2392191Z 2026-04-08T20:17:05Z	INFO	Detected OS	family="alpine" version="3.23.3"
Docker Build & Scan	Run Trivy vulnerability scanner	2026-04-08T20:17:05.2393540Z 2026-04-08T20:17:05Z	INFO	[alpine] Detecting vulnerabilities...	os_version="3.23" repository="3.23" pkg_num=30
Docker Build & Scan	Run Trivy vulnerability scanner	2026-04-08T20:17:05.2404890Z 2026-04-08T20:17:05Z	INFO	Number of language-specific files	num=2
Docker Build & Scan	Run Trivy vulnerability scanner	2026-04-08T20:17:05.2405788Z 2026-04-08T20:17:05Z	INFO	[gobinary] Detecting vulnerabilities...
Docker Build & Scan	Run Trivy vulnerability scanner	2026-04-08T20:17:05.2497620Z 2026-04-08T20:17:05Z	WARN	Using severities from other vendors for some vulnerabilities. Read https://trivy.dev/docs/v0.69/guide/scanner/vulnerability#severity-selection for details.
Docker Build & Scan	Run Trivy vulnerability scanner	2026-04-08T20:17:05.2597905Z 
Docker Build & Scan	Run Trivy vulnerability scanner	2026-04-08T20:17:05.2598286Z Report Summary
Docker Build & Scan	Run Trivy vulnerability scanner	2026-04-08T20:17:05.2598631Z 
Docker Build & Scan	Run Trivy vulnerability scanner	2026-04-08T20:17:05.2600327Z ┌───────────────────────────────────────────────────────────────────┬──────────┬─────────────────┬─────────┐
Docker Build & Scan	Run Trivy vulnerability scanner	2026-04-08T20:17:05.2601920Z │                              Target                               │   Type   │ Vulnerabilities │ Secrets │
Docker Build & Scan	Run Trivy vulnerability scanner	2026-04-08T20:17:05.2603342Z ├───────────────────────────────────────────────────────────────────┼──────────┼─────────────────┼─────────┤
Docker Build & Scan	Run Trivy vulnerability scanner	2026-04-08T20:17:05.2605208Z │ agbalumo:f711d9f6e1881056548352d44db138e91163ffb4 (alpine 3.23.3) │  alpine  │        0        │    -    │
Docker Build & Scan	Run Trivy vulnerability scanner	2026-04-08T20:17:05.2606924Z ├───────────────────────────────────────────────────────────────────┼──────────┼─────────────────┼─────────┤
Docker Build & Scan	Run Trivy vulnerability scanner	2026-04-08T20:17:05.2608228Z │ app/server                                                        │ gobinary │        0        │    -    │
Docker Build & Scan	Run Trivy vulnerability scanner	2026-04-08T20:17:05.2609643Z ├───────────────────────────────────────────────────────────────────┼──────────┼─────────────────┼─────────┤
Docker Build & Scan	Run Trivy vulnerability scanner	2026-04-08T20:17:05.2611096Z │ usr/local/bin/litestream                                          │ gobinary │        1        │    -    │
Docker Build & Scan	Run Trivy vulnerability scanner	2026-04-08T20:17:05.2612590Z └───────────────────────────────────────────────────────────────────┴──────────┴─────────────────┴─────────┘
Docker Build & Scan	Run Trivy vulnerability scanner	2026-04-08T20:17:05.2613609Z Legend:
Docker Build & Scan	Run Trivy vulnerability scanner	2026-04-08T20:17:05.2613969Z - '-': Not scanned
Docker Build & Scan	Run Trivy vulnerability scanner	2026-04-08T20:17:05.2614470Z - '0': Clean (no security findings detected)
Docker Build & Scan	Run Trivy vulnerability scanner	2026-04-08T20:17:05.2614806Z 
Docker Build & Scan	Run Trivy vulnerability scanner	2026-04-08T20:17:05.2614823Z 
Docker Build & Scan	Run Trivy vulnerability scanner	2026-04-08T20:17:05.2615044Z For OSS Maintainers: VEX Notice
Docker Build & Scan	Run Trivy vulnerability scanner	2026-04-08T20:17:05.2615738Z --------------------------------
Docker Build & Scan	Run Trivy vulnerability scanner	2026-04-08T20:17:05.2617457Z If you're an OSS maintainer and Trivy has detected vulnerabilities in your project that you believe are not actually exploitable, consider issuing a VEX (Vulnerability Exploitability eXchange) statement.
Docker Build & Scan	Run Trivy vulnerability scanner	2026-04-08T20:17:05.2620089Z VEX allows you to communicate the actual status of vulnerabilities in your project, improving security transparency and reducing false positives for your users.
Docker Build & Scan	Run Trivy vulnerability scanner	2026-04-08T20:17:05.2621959Z Learn more and start using VEX: https://trivy.dev/docs/v0.69/guide/supply-chain/vex/repo#publishing-vex-documents
Docker Build & Scan	Run Trivy vulnerability scanner	2026-04-08T20:17:05.2622707Z 
Docker Build & Scan	Run Trivy vulnerability scanner	2026-04-08T20:17:05.2623241Z To disable this notice, set the TRIVY_DISABLE_VEX_NOTICE environment variable.
Docker Build & Scan	Run Trivy vulnerability scanner	2026-04-08T20:17:05.2623765Z 
Docker Build & Scan	Run Trivy vulnerability scanner	2026-04-08T20:17:05.2623774Z 
Docker Build & Scan	Run Trivy vulnerability scanner	2026-04-08T20:17:05.2624013Z usr/local/bin/litestream (gobinary)
Docker Build & Scan	Run Trivy vulnerability scanner	2026-04-08T20:17:05.2624507Z ===================================
Docker Build & Scan	Run Trivy vulnerability scanner	2026-04-08T20:17:05.2624986Z Total: 1 (HIGH: 0, CRITICAL: 1)
Docker Build & Scan	Run Trivy vulnerability scanner	2026-04-08T20:17:05.2625258Z 
Docker Build & Scan	Run Trivy vulnerability scanner	2026-04-08T20:17:05.2626504Z ┌────────────────────────┬────────────────┬──────────┬────────┬───────────────────┬───────────────┬─────────────────────────────────────────────────────────────┐
Docker Build & Scan	Run Trivy vulnerability scanner	2026-04-08T20:17:05.2628419Z │        Library         │ Vulnerability  │ Severity │ Status │ Installed Version │ Fixed Version │                            Title                            │
Docker Build & Scan	Run Trivy vulnerability scanner	2026-04-08T20:17:05.2630736Z ├────────────────────────┼────────────────┼──────────┼────────┼───────────────────┼───────────────┼─────────────────────────────────────────────────────────────┤
Docker Build & Scan	Run Trivy vulnerability scanner	2026-04-08T20:17:05.2632682Z │ google.golang.org/grpc │ CVE-2026-33186 │ CRITICAL │ fixed  │ v1.60.1           │ 1.79.3        │ google.golang.org/grpc/grpc-go:                             │
Docker Build & Scan	Run Trivy vulnerability scanner	2026-04-08T20:17:05.2634642Z │                        │                │          │        │                   │               │ google.golang.org/grpc/authz: gRPC-Go: Authorization bypass │
Docker Build & Scan	Run Trivy vulnerability scanner	2026-04-08T20:17:05.2636314Z │                        │                │          │        │                   │               │ due to improper HTTP/2 path validation                      │
Docker Build & Scan	Run Trivy vulnerability scanner	2026-04-08T20:17:05.2637965Z │                        │                │          │        │                   │               │ https://avd.aquasec.com/nvd/cve-2026-33186                  │
Docker Build & Scan	Run Trivy vulnerability scanner	2026-04-08T20:17:05.2639694Z └────────────────────────┴────────────────┴──────────┴────────┴───────────────────┴───────────────┴─────────────────────────────────────────────────────────────┘
Docker Build & Scan	Run Trivy vulnerability scanner	2026-04-08T20:17:05.2673229Z ##[error]Process completed with exit code 1.
Docker Build & Scan	Run Trivy vulnerability scanner	2026-04-08T20:17:05.2697089Z ##[group]Run rm -f trivy_envs.txt
Docker Build & Scan	Run Trivy vulnerability scanner	2026-04-08T20:17:05.2697552Z [36;1mrm -f trivy_envs.txt[0m
Docker Build & Scan	Run Trivy vulnerability scanner	2026-04-08T20:17:05.2723976Z shell: /usr/bin/bash --noprofile --norc -e -o pipefail {0}
Docker Build & Scan	Run Trivy vulnerability scanner	2026-04-08T20:17:05.2724297Z env:
Docker Build & Scan	Run Trivy vulnerability scanner	2026-04-08T20:17:05.2724470Z   NODE_VERSION: 24
Docker Build & Scan	Run Trivy vulnerability scanner	2026-04-08T20:17:05.2724681Z   FORCE_JAVASCRIPT_ACTIONS_TO_NODE24: true
Docker Build & Scan	Run Trivy vulnerability scanner	2026-04-08T20:17:05.2724939Z ##[endgroup]
Docker Build & Scan	Post Run Trivy vulnerability scanner	﻿2026-04-08T20:17:05.2962589Z Post job cleanup.
Docker Build & Scan	Post Run Trivy vulnerability scanner	2026-04-08T20:17:05.3027350Z Post job cleanup.
Docker Build & Scan	Post Build and Load Image	﻿2026-04-08T20:17:05.3086401Z Post job cleanup.
Docker Build & Scan	Post Build and Load Image	2026-04-08T20:17:05.5488492Z ##[group]Generating build summary
Docker Build & Scan	Post Build and Load Image	2026-04-08T20:17:05.6147802Z exporting build record to /home/runner/work/_temp/docker-actions-toolkit-0WWeZB/export
Docker Build & Scan	Post Build and Load Image	2026-04-08T20:17:05.7346227Z [command]/usr/bin/docker buildx history export --builder builder-4e1ce0f5-1e0a-44b9-a800-b15ae11ef962 --output /home/runner/work/_temp/docker-actions-toolkit-0WWeZB/export/jadecobra~agbalumo~XX6QTG.dockerbuild xx6qtgnt2kjrepbq5yik6c8kd --finalize
Docker Build & Scan	Post Build and Load Image	2026-04-08T20:17:05.9702089Z Build record written to /home/runner/work/_temp/docker-actions-toolkit-0WWeZB/export/jadecobra~agbalumo~XX6QTG.dockerbuild (45.49 KB)
Docker Build & Scan	Post Build and Load Image	2026-04-08T20:17:05.9703587Z Uploading jadecobra~agbalumo~XX6QTG.dockerbuild as an artifact
Docker Build & Scan	Post Build and Load Image	2026-04-08T20:17:05.9709805Z Artifact name is valid!
Docker Build & Scan	Post Build and Load Image	2026-04-08T20:17:05.9712015Z Root directory input is valid!
Docker Build & Scan	Post Build and Load Image	2026-04-08T20:17:06.0312830Z Uploading artifact: jadecobra~agbalumo~XX6QTG.dockerbuild
Docker Build & Scan	Post Build and Load Image	2026-04-08T20:17:06.0350485Z Beginning upload of artifact content to blob storage
Docker Build & Scan	Post Build and Load Image	2026-04-08T20:17:06.0809169Z Uploaded bytes 46585
Docker Build & Scan	Post Build and Load Image	2026-04-08T20:17:06.0964641Z Finished uploading artifact content to blob storage!
Docker Build & Scan	Post Build and Load Image	2026-04-08T20:17:06.0965760Z SHA256 digest of uploaded artifact is 1ab4117a68e699c6f1978f9f28336e428e86dbd9174e7233f1568eeaa458e6ab
Docker Build & Scan	Post Build and Load Image	2026-04-08T20:17:06.0966619Z Finalizing artifact upload
Docker Build & Scan	Post Build and Load Image	2026-04-08T20:17:06.2154039Z Artifact jadecobra~agbalumo~XX6QTG.dockerbuild successfully finalized. Artifact ID 6336310606
Docker Build & Scan	Post Build and Load Image	2026-04-08T20:17:06.2155237Z Artifact download URL: https://github.com/jadecobra/agbalumo/actions/runs/24156332564/artifacts/6336310606
Docker Build & Scan	Post Build and Load Image	2026-04-08T20:17:06.2178730Z Writing summary
Docker Build & Scan	Post Build and Load Image	2026-04-08T20:17:06.2189965Z ##[endgroup]
Docker Build & Scan	Post Build and Load Image	2026-04-08T20:17:06.2190810Z ##[group]Removing temp folder /home/runner/work/_temp/docker-actions-toolkit-UQQV4J
Docker Build & Scan	Post Build and Load Image	2026-04-08T20:17:06.2192649Z ##[endgroup]
Docker Build & Scan	Post Build and Load Image	2026-04-08T20:17:06.2192993Z ##[group]Post cache
Docker Build & Scan	Post Build and Load Image	2026-04-08T20:17:06.2193830Z State not set
Docker Build & Scan	Post Build and Load Image	2026-04-08T20:17:06.2194196Z ##[endgroup]
Docker Build & Scan	Post Set up Docker Buildx	﻿2026-04-08T20:17:06.2353117Z Post job cleanup.
Docker Build & Scan	Post Set up Docker Buildx	2026-04-08T20:17:06.4188557Z ##[group]Removing builder
Docker Build & Scan	Post Set up Docker Buildx	2026-04-08T20:17:06.5182274Z [command]/usr/bin/docker buildx rm builder-4e1ce0f5-1e0a-44b9-a800-b15ae11ef962
Docker Build & Scan	Post Set up Docker Buildx	2026-04-08T20:17:08.6135506Z builder-4e1ce0f5-1e0a-44b9-a800-b15ae11ef962 removed
Docker Build & Scan	Post Set up Docker Buildx	2026-04-08T20:17:08.6173691Z ##[endgroup]
Docker Build & Scan	Post Set up Docker Buildx	2026-04-08T20:17:08.6174399Z ##[group]Cleaning up certificates
Docker Build & Scan	Post Set up Docker Buildx	2026-04-08T20:17:08.6175116Z ##[endgroup]
Docker Build & Scan	Post Set up Docker Buildx	2026-04-08T20:17:08.6175747Z ##[group]Post cache
Docker Build & Scan	Post Set up Docker Buildx	2026-04-08T20:17:08.6176207Z State not set
Docker Build & Scan	Post Set up Docker Buildx	2026-04-08T20:17:08.6176813Z ##[endgroup]
Docker Build & Scan	Post Checkout Code	﻿2026-04-08T20:17:08.6321521Z Post job cleanup.
Docker Build & Scan	Post Checkout Code	2026-04-08T20:17:08.7074964Z [command]/usr/bin/git version
Docker Build & Scan	Post Checkout Code	2026-04-08T20:17:08.7142896Z git version 2.53.0
Docker Build & Scan	Post Checkout Code	2026-04-08T20:17:08.7181965Z Temporarily overriding HOME='/home/runner/work/_temp/bc8b1977-61f4-4721-ae0e-a435c78cc1bc' before making global git config changes
Docker Build & Scan	Post Checkout Code	2026-04-08T20:17:08.7183489Z Adding repository directory to the temporary git global config as a safe directory
Docker Build & Scan	Post Checkout Code	2026-04-08T20:17:08.7187731Z [command]/usr/bin/git config --global --add safe.directory /home/runner/work/agbalumo/agbalumo
Docker Build & Scan	Post Checkout Code	2026-04-08T20:17:08.7218849Z Removing SSH command configuration
Docker Build & Scan	Post Checkout Code	2026-04-08T20:17:08.7225723Z [command]/usr/bin/git config --local --name-only --get-regexp core\.sshCommand
Docker Build & Scan	Post Checkout Code	2026-04-08T20:17:08.7258611Z [command]/usr/bin/git submodule foreach --recursive sh -c "git config --local --name-only --get-regexp 'core\.sshCommand' && git config --local --unset-all 'core.sshCommand' || :"
Docker Build & Scan	Post Checkout Code	2026-04-08T20:17:08.7493784Z Removing HTTP extra header
Docker Build & Scan	Post Checkout Code	2026-04-08T20:17:08.7497974Z [command]/usr/bin/git config --local --name-only --get-regexp http\.https\:\/\/github\.com\/\.extraheader
Docker Build & Scan	Post Checkout Code	2026-04-08T20:17:08.7530709Z [command]/usr/bin/git submodule foreach --recursive sh -c "git config --local --name-only --get-regexp 'http\.https\:\/\/github\.com\/\.extraheader' && git config --local --unset-all 'http.https://github.com/.extraheader' || :"
Docker Build & Scan	Post Checkout Code	2026-04-08T20:17:08.7738262Z Removing includeIf entries pointing to credentials config files
Docker Build & Scan	Post Checkout Code	2026-04-08T20:17:08.7744312Z [command]/usr/bin/git config --local --name-only --get-regexp ^includeIf\.gitdir:
Docker Build & Scan	Post Checkout Code	2026-04-08T20:17:08.7766293Z includeif.gitdir:/home/runner/work/agbalumo/agbalumo/.git.path
Docker Build & Scan	Post Checkout Code	2026-04-08T20:17:08.7767348Z includeif.gitdir:/home/runner/work/agbalumo/agbalumo/.git/worktrees/*.path
Docker Build & Scan	Post Checkout Code	2026-04-08T20:17:08.7768220Z includeif.gitdir:/github/workspace/.git.path
Docker Build & Scan	Post Checkout Code	2026-04-08T20:17:08.7769010Z includeif.gitdir:/github/workspace/.git/worktrees/*.path
Docker Build & Scan	Post Checkout Code	2026-04-08T20:17:08.7775669Z [command]/usr/bin/git config --local --get-all includeif.gitdir:/home/runner/work/agbalumo/agbalumo/.git.path
Docker Build & Scan	Post Checkout Code	2026-04-08T20:17:08.7797160Z /home/runner/work/_temp/git-credentials-0774220a-49c3-4ef7-baa7-6c2ba19e12bf.config
Docker Build & Scan	Post Checkout Code	2026-04-08T20:17:08.7806907Z [command]/usr/bin/git config --local --unset includeif.gitdir:/home/runner/work/agbalumo/agbalumo/.git.path /home/runner/work/_temp/git-credentials-0774220a-49c3-4ef7-baa7-6c2ba19e12bf.config
Docker Build & Scan	Post Checkout Code	2026-04-08T20:17:08.7838875Z [command]/usr/bin/git config --local --get-all includeif.gitdir:/home/runner/work/agbalumo/agbalumo/.git/worktrees/*.path
Docker Build & Scan	Post Checkout Code	2026-04-08T20:17:08.7859059Z /home/runner/work/_temp/git-credentials-0774220a-49c3-4ef7-baa7-6c2ba19e12bf.config
Docker Build & Scan	Post Checkout Code	2026-04-08T20:17:08.7867626Z [command]/usr/bin/git config --local --unset includeif.gitdir:/home/runner/work/agbalumo/agbalumo/.git/worktrees/*.path /home/runner/work/_temp/git-credentials-0774220a-49c3-4ef7-baa7-6c2ba19e12bf.config
Docker Build & Scan	Post Checkout Code	2026-04-08T20:17:08.7897299Z [command]/usr/bin/git config --local --get-all includeif.gitdir:/github/workspace/.git.path
Docker Build & Scan	Post Checkout Code	2026-04-08T20:17:08.7917466Z /github/runner_temp/git-credentials-0774220a-49c3-4ef7-baa7-6c2ba19e12bf.config
Docker Build & Scan	Post Checkout Code	2026-04-08T20:17:08.7925639Z [command]/usr/bin/git config --local --unset includeif.gitdir:/github/workspace/.git.path /github/runner_temp/git-credentials-0774220a-49c3-4ef7-baa7-6c2ba19e12bf.config
Docker Build & Scan	Post Checkout Code	2026-04-08T20:17:08.7955929Z [command]/usr/bin/git config --local --get-all includeif.gitdir:/github/workspace/.git/worktrees/*.path
Docker Build & Scan	Post Checkout Code	2026-04-08T20:17:08.7975813Z /github/runner_temp/git-credentials-0774220a-49c3-4ef7-baa7-6c2ba19e12bf.config
Docker Build & Scan	Post Checkout Code	2026-04-08T20:17:08.7984627Z [command]/usr/bin/git config --local --unset includeif.gitdir:/github/workspace/.git/worktrees/*.path /github/runner_temp/git-credentials-0774220a-49c3-4ef7-baa7-6c2ba19e12bf.config
Docker Build & Scan	Post Checkout Code	2026-04-08T20:17:08.8013845Z [command]/usr/bin/git submodule foreach --recursive git config --local --show-origin --name-only --get-regexp remote.origin.url
Docker Build & Scan	Post Checkout Code	2026-04-08T20:17:08.8218466Z Removing credentials config '/home/runner/work/_temp/git-credentials-0774220a-49c3-4ef7-baa7-6c2ba19e12bf.config'
Docker Build & Scan	Complete job	﻿2026-04-08T20:17:08.8347323Z Cleaning up orphan processes
Docker Build & Scan	Complete job	2026-04-08T20:17:08.8642001Z ##[warning]Node.js 20 is deprecated. The following actions target Node.js 20 but are being forced to run on Node.js 24: actions/cache@0400d5f644dc74513175e3cd8d07132dd4860809. For more information see: https://github.blog/changelog/2025-09-19-deprecation-of-node-20-on-github-actions-runners/
